Archive member included because of file (symbol)

lib/lib.a(stbm_delay.o)       main.o (delay_ms)
lib/lib.a(stbm_uart.o)        main.o (xbee_init)
../../libraries/libstm32f10x.a(misc.o)
                              main.o (NVIC_SetVectorTable)
../../libraries/libstm32f10x.a(stm32f10x_gpio.o)
                              main.o (GPIO_Init)
../../libraries/libstm32f10x.a(stm32f10x_rcc.o)
                              main.o (RCC_APB2PeriphClockCmd)
../../libraries/libstm32f10x.a(stm32f10x_tim.o)
                              lib/lib.a(stbm_delay.o) (TIM_TimeBaseInit)
../../libraries/libstm32f10x.a(stm32f10x_usart.o)
                              lib/lib.a(stbm_uart.o) (USART_Init)
/usr/local/Cellar/gcc-arm-none-eabi/20140408/bin/../lib/gcc/arm-none-eabi/4.7.4/../../../../arm-none-eabi/lib/armv7-m/libc.a(lib_a-__atexit.o)
                              /usr/local/Cellar/gcc-arm-none-eabi/20140408/bin/../lib/gcc/arm-none-eabi/4.7.4/../../../../arm-none-eabi/lib/armv7-m/crt0.o (__register_exitproc)
/usr/local/Cellar/gcc-arm-none-eabi/20140408/bin/../lib/gcc/arm-none-eabi/4.7.4/../../../../arm-none-eabi/lib/armv7-m/libc.a(lib_a-errno.o)
                              syscalls.o (__errno)
/usr/local/Cellar/gcc-arm-none-eabi/20140408/bin/../lib/gcc/arm-none-eabi/4.7.4/../../../../arm-none-eabi/lib/armv7-m/libc.a(lib_a-exit.o)
                              /usr/local/Cellar/gcc-arm-none-eabi/20140408/bin/../lib/gcc/arm-none-eabi/4.7.4/../../../../arm-none-eabi/lib/armv7-m/crt0.o (exit)
/usr/local/Cellar/gcc-arm-none-eabi/20140408/bin/../lib/gcc/arm-none-eabi/4.7.4/../../../../arm-none-eabi/lib/armv7-m/libc.a(lib_a-fini.o)
                              /usr/local/Cellar/gcc-arm-none-eabi/20140408/bin/../lib/gcc/arm-none-eabi/4.7.4/../../../../arm-none-eabi/lib/armv7-m/crt0.o (__libc_fini_array)
/usr/local/Cellar/gcc-arm-none-eabi/20140408/bin/../lib/gcc/arm-none-eabi/4.7.4/../../../../arm-none-eabi/lib/armv7-m/libc.a(lib_a-impure.o)
                              /usr/local/Cellar/gcc-arm-none-eabi/20140408/bin/../lib/gcc/arm-none-eabi/4.7.4/../../../../arm-none-eabi/lib/armv7-m/libc.a(lib_a-__atexit.o) (_global_impure_ptr)
/usr/local/Cellar/gcc-arm-none-eabi/20140408/bin/../lib/gcc/arm-none-eabi/4.7.4/../../../../arm-none-eabi/lib/armv7-m/libc.a(lib_a-init.o)
                              /usr/local/Cellar/gcc-arm-none-eabi/20140408/bin/../lib/gcc/arm-none-eabi/4.7.4/../../../../arm-none-eabi/lib/armv7-m/crt0.o (__libc_init_array)
/usr/local/Cellar/gcc-arm-none-eabi/20140408/bin/../lib/gcc/arm-none-eabi/4.7.4/../../../../arm-none-eabi/lib/armv7-m/libc.a(lib_a-memset.o)
                              /usr/local/Cellar/gcc-arm-none-eabi/20140408/bin/../lib/gcc/arm-none-eabi/4.7.4/../../../../arm-none-eabi/lib/armv7-m/crt0.o (memset)
/usr/local/Cellar/gcc-arm-none-eabi/20140408/bin/../lib/gcc/arm-none-eabi/4.7.4/../../../../arm-none-eabi/lib/armv7-m/libc.a(lib_a-__call_atexit.o)
                              /usr/local/Cellar/gcc-arm-none-eabi/20140408/bin/../lib/gcc/arm-none-eabi/4.7.4/../../../../arm-none-eabi/lib/armv7-m/libc.a(lib_a-exit.o) (__call_exitprocs)
/usr/local/Cellar/gcc-arm-none-eabi/20140408/bin/../lib/gcc/arm-none-eabi/4.7.4/../../../../arm-none-eabi/lib/armv7-m/libc.a(lib_a-atexit.o)
                              /usr/local/Cellar/gcc-arm-none-eabi/20140408/bin/../lib/gcc/arm-none-eabi/4.7.4/../../../../arm-none-eabi/lib/armv7-m/libc.a(lib_a-__call_atexit.o) (atexit)

Discarded input sections

 .text          0x0000000000000000        0x0 /usr/local/Cellar/gcc-arm-none-eabi/20140408/bin/../lib/gcc/arm-none-eabi/4.7.4/armv7-m/crti.o
 .data          0x0000000000000000        0x0 /usr/local/Cellar/gcc-arm-none-eabi/20140408/bin/../lib/gcc/arm-none-eabi/4.7.4/armv7-m/crti.o
 .bss           0x0000000000000000        0x0 /usr/local/Cellar/gcc-arm-none-eabi/20140408/bin/../lib/gcc/arm-none-eabi/4.7.4/armv7-m/crti.o
 .init          0x0000000000000000        0x4 /usr/local/Cellar/gcc-arm-none-eabi/20140408/bin/../lib/gcc/arm-none-eabi/4.7.4/armv7-m/crti.o
 .fini          0x0000000000000000        0x4 /usr/local/Cellar/gcc-arm-none-eabi/20140408/bin/../lib/gcc/arm-none-eabi/4.7.4/armv7-m/crti.o
 .ARM.attributes
                0x0000000000000000       0x1d /usr/local/Cellar/gcc-arm-none-eabi/20140408/bin/../lib/gcc/arm-none-eabi/4.7.4/armv7-m/crti.o
 .text          0x0000000000000000       0x54 /usr/local/Cellar/gcc-arm-none-eabi/20140408/bin/../lib/gcc/arm-none-eabi/4.7.4/armv7-m/crtbegin.o
 .data          0x0000000000000000        0x4 /usr/local/Cellar/gcc-arm-none-eabi/20140408/bin/../lib/gcc/arm-none-eabi/4.7.4/armv7-m/crtbegin.o
 .bss           0x0000000000000000       0x1c /usr/local/Cellar/gcc-arm-none-eabi/20140408/bin/../lib/gcc/arm-none-eabi/4.7.4/armv7-m/crtbegin.o
 .init_array    0x0000000000000000        0x4 /usr/local/Cellar/gcc-arm-none-eabi/20140408/bin/../lib/gcc/arm-none-eabi/4.7.4/armv7-m/crtbegin.o
 .fini_array    0x0000000000000000        0x4 /usr/local/Cellar/gcc-arm-none-eabi/20140408/bin/../lib/gcc/arm-none-eabi/4.7.4/armv7-m/crtbegin.o
 .eh_frame      0x0000000000000000        0x0 /usr/local/Cellar/gcc-arm-none-eabi/20140408/bin/../lib/gcc/arm-none-eabi/4.7.4/armv7-m/crtbegin.o
 .jcr           0x0000000000000000        0x0 /usr/local/Cellar/gcc-arm-none-eabi/20140408/bin/../lib/gcc/arm-none-eabi/4.7.4/armv7-m/crtbegin.o
 .ARM.attributes
                0x0000000000000000       0x2d /usr/local/Cellar/gcc-arm-none-eabi/20140408/bin/../lib/gcc/arm-none-eabi/4.7.4/armv7-m/crtbegin.o
 .text          0x0000000000000000       0x70 /usr/local/Cellar/gcc-arm-none-eabi/20140408/bin/../lib/gcc/arm-none-eabi/4.7.4/../../../../arm-none-eabi/lib/armv7-m/crt0.o
 .data          0x0000000000000000        0x0 /usr/local/Cellar/gcc-arm-none-eabi/20140408/bin/../lib/gcc/arm-none-eabi/4.7.4/../../../../arm-none-eabi/lib/armv7-m/crt0.o
 .bss           0x0000000000000000        0x0 /usr/local/Cellar/gcc-arm-none-eabi/20140408/bin/../lib/gcc/arm-none-eabi/4.7.4/../../../../arm-none-eabi/lib/armv7-m/crt0.o
 .ARM.extab     0x0000000000000000        0x0 /usr/local/Cellar/gcc-arm-none-eabi/20140408/bin/../lib/gcc/arm-none-eabi/4.7.4/../../../../arm-none-eabi/lib/armv7-m/crt0.o
 .ARM.exidx     0x0000000000000000        0x8 /usr/local/Cellar/gcc-arm-none-eabi/20140408/bin/../lib/gcc/arm-none-eabi/4.7.4/../../../../arm-none-eabi/lib/armv7-m/crt0.o
 .ARM.attributes
                0x0000000000000000       0x1b /usr/local/Cellar/gcc-arm-none-eabi/20140408/bin/../lib/gcc/arm-none-eabi/4.7.4/../../../../arm-none-eabi/lib/armv7-m/crt0.o
 .text          0x0000000000000000        0x0 main.o
 .data          0x0000000000000000        0x0 main.o
 .bss           0x0000000000000000        0x0 main.o
 .data          0x0000000000000000        0x0 stm32f10x_it.o
 .bss           0x0000000000000000        0x0 stm32f10x_it.o
 .text          0x0000000000000000       0x70 syscalls.o
 .data          0x0000000000000000        0x0 syscalls.o
 .bss           0x0000000000000000        0x4 syscalls.o
 .comment       0x0000000000000000       0x71 syscalls.o
 .ARM.attributes
                0x0000000000000000       0x33 syscalls.o
 .bss           0x0000000000000000        0x0 system_stm32f10x.o
 .text          0x0000000000000000       0x14 ../../libraries/CMSIS/Device/ST/STM32F10x/startup/gcc_ride7/startup_stm32f10x_hd.o
 .data          0x0000000000000000        0x0 ../../libraries/CMSIS/Device/ST/STM32F10x/startup/gcc_ride7/startup_stm32f10x_hd.o
 .bss           0x0000000000000000        0x0 ../../libraries/CMSIS/Device/ST/STM32F10x/startup/gcc_ride7/startup_stm32f10x_hd.o
 .bss           0x0000000000000000        0x0 lib/lib.a(stbm_delay.o)
 .bss           0x0000000000000000        0x0 lib/lib.a(stbm_uart.o)
 .data          0x0000000000000000        0x0 ../../libraries/libstm32f10x.a(misc.o)
 .bss           0x0000000000000000        0x0 ../../libraries/libstm32f10x.a(misc.o)
 .data          0x0000000000000000        0x0 ../../libraries/libstm32f10x.a(stm32f10x_gpio.o)
 .bss           0x0000000000000000        0x0 ../../libraries/libstm32f10x.a(stm32f10x_gpio.o)
 .bss           0x0000000000000000        0x0 ../../libraries/libstm32f10x.a(stm32f10x_rcc.o)
 .data          0x0000000000000000        0x0 ../../libraries/libstm32f10x.a(stm32f10x_tim.o)
 .bss           0x0000000000000000        0x0 ../../libraries/libstm32f10x.a(stm32f10x_tim.o)
 .data          0x0000000000000000        0x0 ../../libraries/libstm32f10x.a(stm32f10x_usart.o)
 .bss           0x0000000000000000        0x0 ../../libraries/libstm32f10x.a(stm32f10x_usart.o)
 .text          0x0000000000000000        0x0 /usr/local/Cellar/gcc-arm-none-eabi/20140408/bin/../lib/gcc/arm-none-eabi/4.7.4/../../../../arm-none-eabi/lib/armv7-m/libc.a(lib_a-__atexit.o)
 .data          0x0000000000000000        0x0 /usr/local/Cellar/gcc-arm-none-eabi/20140408/bin/../lib/gcc/arm-none-eabi/4.7.4/../../../../arm-none-eabi/lib/armv7-m/libc.a(lib_a-__atexit.o)
 .bss           0x0000000000000000        0x0 /usr/local/Cellar/gcc-arm-none-eabi/20140408/bin/../lib/gcc/arm-none-eabi/4.7.4/../../../../arm-none-eabi/lib/armv7-m/libc.a(lib_a-__atexit.o)
 .text.__register_exitproc
                0x0000000000000000       0xac /usr/local/Cellar/gcc-arm-none-eabi/20140408/bin/../lib/gcc/arm-none-eabi/4.7.4/../../../../arm-none-eabi/lib/armv7-m/libc.a(lib_a-__atexit.o)
 .ARM.attributes
                0x0000000000000000       0x2d /usr/local/Cellar/gcc-arm-none-eabi/20140408/bin/../lib/gcc/arm-none-eabi/4.7.4/../../../../arm-none-eabi/lib/armv7-m/libc.a(lib_a-__atexit.o)
 .debug_frame   0x0000000000000000       0x34 /usr/local/Cellar/gcc-arm-none-eabi/20140408/bin/../lib/gcc/arm-none-eabi/4.7.4/../../../../arm-none-eabi/lib/armv7-m/libc.a(lib_a-__atexit.o)
 .text          0x0000000000000000        0x0 /usr/local/Cellar/gcc-arm-none-eabi/20140408/bin/../lib/gcc/arm-none-eabi/4.7.4/../../../../arm-none-eabi/lib/armv7-m/libc.a(lib_a-errno.o)
 .data          0x0000000000000000        0x0 /usr/local/Cellar/gcc-arm-none-eabi/20140408/bin/../lib/gcc/arm-none-eabi/4.7.4/../../../../arm-none-eabi/lib/armv7-m/libc.a(lib_a-errno.o)
 .bss           0x0000000000000000        0x0 /usr/local/Cellar/gcc-arm-none-eabi/20140408/bin/../lib/gcc/arm-none-eabi/4.7.4/../../../../arm-none-eabi/lib/armv7-m/libc.a(lib_a-errno.o)
 .text.__errno  0x0000000000000000        0xc /usr/local/Cellar/gcc-arm-none-eabi/20140408/bin/../lib/gcc/arm-none-eabi/4.7.4/../../../../arm-none-eabi/lib/armv7-m/libc.a(lib_a-errno.o)
 .ARM.attributes
                0x0000000000000000       0x2d /usr/local/Cellar/gcc-arm-none-eabi/20140408/bin/../lib/gcc/arm-none-eabi/4.7.4/../../../../arm-none-eabi/lib/armv7-m/libc.a(lib_a-errno.o)
 .debug_frame   0x0000000000000000       0x20 /usr/local/Cellar/gcc-arm-none-eabi/20140408/bin/../lib/gcc/arm-none-eabi/4.7.4/../../../../arm-none-eabi/lib/armv7-m/libc.a(lib_a-errno.o)
 .text          0x0000000000000000        0x0 /usr/local/Cellar/gcc-arm-none-eabi/20140408/bin/../lib/gcc/arm-none-eabi/4.7.4/../../../../arm-none-eabi/lib/armv7-m/libc.a(lib_a-exit.o)
 .data          0x0000000000000000        0x0 /usr/local/Cellar/gcc-arm-none-eabi/20140408/bin/../lib/gcc/arm-none-eabi/4.7.4/../../../../arm-none-eabi/lib/armv7-m/libc.a(lib_a-exit.o)
 .bss           0x0000000000000000        0x0 /usr/local/Cellar/gcc-arm-none-eabi/20140408/bin/../lib/gcc/arm-none-eabi/4.7.4/../../../../arm-none-eabi/lib/armv7-m/libc.a(lib_a-exit.o)
 .text.exit     0x0000000000000000       0x20 /usr/local/Cellar/gcc-arm-none-eabi/20140408/bin/../lib/gcc/arm-none-eabi/4.7.4/../../../../arm-none-eabi/lib/armv7-m/libc.a(lib_a-exit.o)
 .ARM.attributes
                0x0000000000000000       0x2d /usr/local/Cellar/gcc-arm-none-eabi/20140408/bin/../lib/gcc/arm-none-eabi/4.7.4/../../../../arm-none-eabi/lib/armv7-m/libc.a(lib_a-exit.o)
 .debug_frame   0x0000000000000000       0x28 /usr/local/Cellar/gcc-arm-none-eabi/20140408/bin/../lib/gcc/arm-none-eabi/4.7.4/../../../../arm-none-eabi/lib/armv7-m/libc.a(lib_a-exit.o)
 .text          0x0000000000000000        0x0 /usr/local/Cellar/gcc-arm-none-eabi/20140408/bin/../lib/gcc/arm-none-eabi/4.7.4/../../../../arm-none-eabi/lib/armv7-m/libc.a(lib_a-fini.o)
 .data          0x0000000000000000        0x0 /usr/local/Cellar/gcc-arm-none-eabi/20140408/bin/../lib/gcc/arm-none-eabi/4.7.4/../../../../arm-none-eabi/lib/armv7-m/libc.a(lib_a-fini.o)
 .bss           0x0000000000000000        0x0 /usr/local/Cellar/gcc-arm-none-eabi/20140408/bin/../lib/gcc/arm-none-eabi/4.7.4/../../../../arm-none-eabi/lib/armv7-m/libc.a(lib_a-fini.o)
 .text.__libc_fini_array
                0x0000000000000000       0x50 /usr/local/Cellar/gcc-arm-none-eabi/20140408/bin/../lib/gcc/arm-none-eabi/4.7.4/../../../../arm-none-eabi/lib/armv7-m/libc.a(lib_a-fini.o)
 .ARM.attributes
                0x0000000000000000       0x2d /usr/local/Cellar/gcc-arm-none-eabi/20140408/bin/../lib/gcc/arm-none-eabi/4.7.4/../../../../arm-none-eabi/lib/armv7-m/libc.a(lib_a-fini.o)
 .debug_frame   0x0000000000000000       0x2c /usr/local/Cellar/gcc-arm-none-eabi/20140408/bin/../lib/gcc/arm-none-eabi/4.7.4/../../../../arm-none-eabi/lib/armv7-m/libc.a(lib_a-fini.o)
 .text          0x0000000000000000        0x0 /usr/local/Cellar/gcc-arm-none-eabi/20140408/bin/../lib/gcc/arm-none-eabi/4.7.4/../../../../arm-none-eabi/lib/armv7-m/libc.a(lib_a-impure.o)
 .data          0x0000000000000000        0x0 /usr/local/Cellar/gcc-arm-none-eabi/20140408/bin/../lib/gcc/arm-none-eabi/4.7.4/../../../../arm-none-eabi/lib/armv7-m/libc.a(lib_a-impure.o)
 .bss           0x0000000000000000        0x0 /usr/local/Cellar/gcc-arm-none-eabi/20140408/bin/../lib/gcc/arm-none-eabi/4.7.4/../../../../arm-none-eabi/lib/armv7-m/libc.a(lib_a-impure.o)
 .data.impure_data
                0x0000000000000000      0x428 /usr/local/Cellar/gcc-arm-none-eabi/20140408/bin/../lib/gcc/arm-none-eabi/4.7.4/../../../../arm-none-eabi/lib/armv7-m/libc.a(lib_a-impure.o)
 .data._impure_ptr
                0x0000000000000000        0x4 /usr/local/Cellar/gcc-arm-none-eabi/20140408/bin/../lib/gcc/arm-none-eabi/4.7.4/../../../../arm-none-eabi/lib/armv7-m/libc.a(lib_a-impure.o)
 .rodata.str1.4
                0x0000000000000000        0x4 /usr/local/Cellar/gcc-arm-none-eabi/20140408/bin/../lib/gcc/arm-none-eabi/4.7.4/../../../../arm-none-eabi/lib/armv7-m/libc.a(lib_a-impure.o)
 .rodata._global_impure_ptr
                0x0000000000000000        0x4 /usr/local/Cellar/gcc-arm-none-eabi/20140408/bin/../lib/gcc/arm-none-eabi/4.7.4/../../../../arm-none-eabi/lib/armv7-m/libc.a(lib_a-impure.o)
 .ARM.attributes
                0x0000000000000000       0x2d /usr/local/Cellar/gcc-arm-none-eabi/20140408/bin/../lib/gcc/arm-none-eabi/4.7.4/../../../../arm-none-eabi/lib/armv7-m/libc.a(lib_a-impure.o)
 .text          0x0000000000000000        0x0 /usr/local/Cellar/gcc-arm-none-eabi/20140408/bin/../lib/gcc/arm-none-eabi/4.7.4/../../../../arm-none-eabi/lib/armv7-m/libc.a(lib_a-init.o)
 .data          0x0000000000000000        0x0 /usr/local/Cellar/gcc-arm-none-eabi/20140408/bin/../lib/gcc/arm-none-eabi/4.7.4/../../../../arm-none-eabi/lib/armv7-m/libc.a(lib_a-init.o)
 .bss           0x0000000000000000        0x0 /usr/local/Cellar/gcc-arm-none-eabi/20140408/bin/../lib/gcc/arm-none-eabi/4.7.4/../../../../arm-none-eabi/lib/armv7-m/libc.a(lib_a-init.o)
 .text.__libc_init_array
                0x0000000000000000       0x94 /usr/local/Cellar/gcc-arm-none-eabi/20140408/bin/../lib/gcc/arm-none-eabi/4.7.4/../../../../arm-none-eabi/lib/armv7-m/libc.a(lib_a-init.o)
 .ARM.attributes
                0x0000000000000000       0x2d /usr/local/Cellar/gcc-arm-none-eabi/20140408/bin/../lib/gcc/arm-none-eabi/4.7.4/../../../../arm-none-eabi/lib/armv7-m/libc.a(lib_a-init.o)
 .debug_frame   0x0000000000000000       0x30 /usr/local/Cellar/gcc-arm-none-eabi/20140408/bin/../lib/gcc/arm-none-eabi/4.7.4/../../../../arm-none-eabi/lib/armv7-m/libc.a(lib_a-init.o)
 .text          0x0000000000000000        0x0 /usr/local/Cellar/gcc-arm-none-eabi/20140408/bin/../lib/gcc/arm-none-eabi/4.7.4/../../../../arm-none-eabi/lib/armv7-m/libc.a(lib_a-memset.o)
 .data          0x0000000000000000        0x0 /usr/local/Cellar/gcc-arm-none-eabi/20140408/bin/../lib/gcc/arm-none-eabi/4.7.4/../../../../arm-none-eabi/lib/armv7-m/libc.a(lib_a-memset.o)
 .bss           0x0000000000000000        0x0 /usr/local/Cellar/gcc-arm-none-eabi/20140408/bin/../lib/gcc/arm-none-eabi/4.7.4/../../../../arm-none-eabi/lib/armv7-m/libc.a(lib_a-memset.o)
 .text.memset   0x0000000000000000      0x12c /usr/local/Cellar/gcc-arm-none-eabi/20140408/bin/../lib/gcc/arm-none-eabi/4.7.4/../../../../arm-none-eabi/lib/armv7-m/libc.a(lib_a-memset.o)
 .ARM.attributes
                0x0000000000000000       0x2d /usr/local/Cellar/gcc-arm-none-eabi/20140408/bin/../lib/gcc/arm-none-eabi/4.7.4/../../../../arm-none-eabi/lib/armv7-m/libc.a(lib_a-memset.o)
 .debug_frame   0x0000000000000000       0x2c /usr/local/Cellar/gcc-arm-none-eabi/20140408/bin/../lib/gcc/arm-none-eabi/4.7.4/../../../../arm-none-eabi/lib/armv7-m/libc.a(lib_a-memset.o)
 .text          0x0000000000000000        0x0 /usr/local/Cellar/gcc-arm-none-eabi/20140408/bin/../lib/gcc/arm-none-eabi/4.7.4/../../../../arm-none-eabi/lib/armv7-m/libc.a(lib_a-__call_atexit.o)
 .data          0x0000000000000000        0x0 /usr/local/Cellar/gcc-arm-none-eabi/20140408/bin/../lib/gcc/arm-none-eabi/4.7.4/../../../../arm-none-eabi/lib/armv7-m/libc.a(lib_a-__call_atexit.o)
 .bss           0x0000000000000000        0x0 /usr/local/Cellar/gcc-arm-none-eabi/20140408/bin/../lib/gcc/arm-none-eabi/4.7.4/../../../../arm-none-eabi/lib/armv7-m/libc.a(lib_a-__call_atexit.o)
 .text.startup.register_fini
                0x0000000000000000       0x14 /usr/local/Cellar/gcc-arm-none-eabi/20140408/bin/../lib/gcc/arm-none-eabi/4.7.4/../../../../arm-none-eabi/lib/armv7-m/libc.a(lib_a-__call_atexit.o)
 .init_array.00000
                0x0000000000000000        0x4 /usr/local/Cellar/gcc-arm-none-eabi/20140408/bin/../lib/gcc/arm-none-eabi/4.7.4/../../../../arm-none-eabi/lib/armv7-m/libc.a(lib_a-__call_atexit.o)
 .text.__call_exitprocs
                0x0000000000000000      0x288 /usr/local/Cellar/gcc-arm-none-eabi/20140408/bin/../lib/gcc/arm-none-eabi/4.7.4/../../../../arm-none-eabi/lib/armv7-m/libc.a(lib_a-__call_atexit.o)
 .ARM.attributes
                0x0000000000000000       0x2d /usr/local/Cellar/gcc-arm-none-eabi/20140408/bin/../lib/gcc/arm-none-eabi/4.7.4/../../../../arm-none-eabi/lib/armv7-m/libc.a(lib_a-__call_atexit.o)
 .debug_frame   0x0000000000000000       0x48 /usr/local/Cellar/gcc-arm-none-eabi/20140408/bin/../lib/gcc/arm-none-eabi/4.7.4/../../../../arm-none-eabi/lib/armv7-m/libc.a(lib_a-__call_atexit.o)
 .text          0x0000000000000000        0x0 /usr/local/Cellar/gcc-arm-none-eabi/20140408/bin/../lib/gcc/arm-none-eabi/4.7.4/../../../../arm-none-eabi/lib/armv7-m/libc.a(lib_a-atexit.o)
 .data          0x0000000000000000        0x0 /usr/local/Cellar/gcc-arm-none-eabi/20140408/bin/../lib/gcc/arm-none-eabi/4.7.4/../../../../arm-none-eabi/lib/armv7-m/libc.a(lib_a-atexit.o)
 .bss           0x0000000000000000        0x0 /usr/local/Cellar/gcc-arm-none-eabi/20140408/bin/../lib/gcc/arm-none-eabi/4.7.4/../../../../arm-none-eabi/lib/armv7-m/libc.a(lib_a-atexit.o)
 .text.atexit   0x0000000000000000        0xc /usr/local/Cellar/gcc-arm-none-eabi/20140408/bin/../lib/gcc/arm-none-eabi/4.7.4/../../../../arm-none-eabi/lib/armv7-m/libc.a(lib_a-atexit.o)
 .ARM.attributes
                0x0000000000000000       0x2d /usr/local/Cellar/gcc-arm-none-eabi/20140408/bin/../lib/gcc/arm-none-eabi/4.7.4/../../../../arm-none-eabi/lib/armv7-m/libc.a(lib_a-atexit.o)
 .debug_frame   0x0000000000000000       0x20 /usr/local/Cellar/gcc-arm-none-eabi/20140408/bin/../lib/gcc/arm-none-eabi/4.7.4/../../../../arm-none-eabi/lib/armv7-m/libc.a(lib_a-atexit.o)
 .text          0x0000000000000000        0x0 /usr/local/Cellar/gcc-arm-none-eabi/20140408/bin/../lib/gcc/arm-none-eabi/4.7.4/armv7-m/crtend.o
 .data          0x0000000000000000        0x0 /usr/local/Cellar/gcc-arm-none-eabi/20140408/bin/../lib/gcc/arm-none-eabi/4.7.4/armv7-m/crtend.o
 .bss           0x0000000000000000        0x0 /usr/local/Cellar/gcc-arm-none-eabi/20140408/bin/../lib/gcc/arm-none-eabi/4.7.4/armv7-m/crtend.o
 .eh_frame      0x0000000000000000        0x4 /usr/local/Cellar/gcc-arm-none-eabi/20140408/bin/../lib/gcc/arm-none-eabi/4.7.4/armv7-m/crtend.o
 .jcr           0x0000000000000000        0x4 /usr/local/Cellar/gcc-arm-none-eabi/20140408/bin/../lib/gcc/arm-none-eabi/4.7.4/armv7-m/crtend.o
 .ARM.attributes
                0x0000000000000000       0x2d /usr/local/Cellar/gcc-arm-none-eabi/20140408/bin/../lib/gcc/arm-none-eabi/4.7.4/armv7-m/crtend.o
 .text          0x0000000000000000        0x0 /usr/local/Cellar/gcc-arm-none-eabi/20140408/bin/../lib/gcc/arm-none-eabi/4.7.4/armv7-m/crtn.o
 .data          0x0000000000000000        0x0 /usr/local/Cellar/gcc-arm-none-eabi/20140408/bin/../lib/gcc/arm-none-eabi/4.7.4/armv7-m/crtn.o
 .bss           0x0000000000000000        0x0 /usr/local/Cellar/gcc-arm-none-eabi/20140408/bin/../lib/gcc/arm-none-eabi/4.7.4/armv7-m/crtn.o
 .init          0x0000000000000000        0x8 /usr/local/Cellar/gcc-arm-none-eabi/20140408/bin/../lib/gcc/arm-none-eabi/4.7.4/armv7-m/crtn.o
 .fini          0x0000000000000000        0x8 /usr/local/Cellar/gcc-arm-none-eabi/20140408/bin/../lib/gcc/arm-none-eabi/4.7.4/armv7-m/crtn.o
 .ARM.attributes
                0x0000000000000000       0x1d /usr/local/Cellar/gcc-arm-none-eabi/20140408/bin/../lib/gcc/arm-none-eabi/4.7.4/armv7-m/crtn.o

Memory Configuration

Name             Origin             Length             Attributes
RAM              0x0000000020000000 0x0000000000005000 xrw
FLASH            0x0000000008003000 0x000000000001d000 xr
FLASHB1          0x0000000000000000 0x0000000000000000 xr
EXTMEMB0         0x0000000000000000 0x0000000000000000 xr
EXTMEMB1         0x0000000000000000 0x0000000000000000 xr
EXTMEMB2         0x0000000000000000 0x0000000000000000 xr
EXTMEMB3         0x0000000000000000 0x0000000000000000 xr
*default*        0x0000000000000000 0xffffffffffffffff

Linker script and memory map

LOAD /usr/local/Cellar/gcc-arm-none-eabi/20140408/bin/../lib/gcc/arm-none-eabi/4.7.4/armv7-m/crti.o
LOAD /usr/local/Cellar/gcc-arm-none-eabi/20140408/bin/../lib/gcc/arm-none-eabi/4.7.4/armv7-m/crtbegin.o
LOAD /usr/local/Cellar/gcc-arm-none-eabi/20140408/bin/../lib/gcc/arm-none-eabi/4.7.4/../../../../arm-none-eabi/lib/armv7-m/crt0.o
LOAD main.o
LOAD stm32f10x_it.o
LOAD syscalls.o
LOAD system_stm32f10x.o
LOAD ../../libraries/CMSIS/Device/ST/STM32F10x/startup/gcc_ride7/startup_stm32f10x_hd.o
LOAD lib/lib.a
LOAD ../../libraries/libstm32f10x.a
LOAD ../../libraries/rtos.a
START GROUP
LOAD /usr/local/Cellar/gcc-arm-none-eabi/20140408/bin/../lib/gcc/arm-none-eabi/4.7.4/armv7-m/libgcc.a
LOAD /usr/local/Cellar/gcc-arm-none-eabi/20140408/bin/../lib/gcc/arm-none-eabi/4.7.4/../../../../arm-none-eabi/lib/armv7-m/libc.a
END GROUP
LOAD /usr/local/Cellar/gcc-arm-none-eabi/20140408/bin/../lib/gcc/arm-none-eabi/4.7.4/armv7-m/crtend.o
LOAD /usr/local/Cellar/gcc-arm-none-eabi/20140408/bin/../lib/gcc/arm-none-eabi/4.7.4/armv7-m/crtn.o
                0x0000000000000400                __Stack_Size = 0x400
                0x0000000000000400                PROVIDE (_Stack_Size, __Stack_Size)
                0x0000000020004c00                __Stack_Init = (_estack - __Stack_Size)
                0x0000000020004c00                PROVIDE (_Stack_Init, __Stack_Init)
                0x0000000000000800                _Minimum_Stack_Size = 0x800
                0x0000000020005000                _estack = 0x20005000

.isr_vector     0x0000000008003000      0x1e4
                0x0000000008003000                . = ALIGN (0x4)
 *(.isr_vector)
 .isr_vector    0x0000000008003000      0x1e4 ../../libraries/CMSIS/Device/ST/STM32F10x/startup/gcc_ride7/startup_stm32f10x_hd.o
                0x0000000008003000                g_pfnVectors
                0x00000000080031e4                . = ALIGN (0x4)

.flashtext      0x00000000080031e4        0x0
                0x00000000080031e4                . = ALIGN (0x4)
 *(.flashtext)
                0x00000000080031e4                . = ALIGN (0x4)

.text           0x00000000080031e4     0x1a4c
                0x00000000080031e4                . = ALIGN (0x4)
 *(.text)
 .text          0x00000000080031e4       0x12 stm32f10x_it.o
                0x00000000080031e4                NMI_Handler
                0x00000000080031e6                HardFault_Handler
                0x00000000080031e8                MemManage_Handler
                0x00000000080031ea                BusFault_Handler
                0x00000000080031ec                UsageFault_Handler
                0x00000000080031ee                SVC_Handler
                0x00000000080031f0                DebugMon_Handler
                0x00000000080031f2                PendSV_Handler
                0x00000000080031f4                SysTick_Handler
 *fill*         0x00000000080031f6        0x2 00
 .text          0x00000000080031f8      0x168 system_stm32f10x.o
                0x00000000080031f8                SystemInit
                0x00000000080032f4                SystemCoreClockUpdate
 .text          0x0000000008003360       0x90 lib/lib.a(stbm_delay.o)
                0x0000000008003360                delay_core
                0x000000000800339a                delay_ms
                0x00000000080033c4                delay_us
 .text          0x00000000080033f0       0x94 lib/lib.a(stbm_uart.o)
                0x00000000080033f0                xbee_init
                0x0000000008003478                xbee_send_data
 .text          0x0000000008003484       0xc0 ../../libraries/libstm32f10x.a(misc.o)
                0x0000000008003484                NVIC_PriorityGroupConfig
                0x0000000008003498                NVIC_Init
                0x0000000008003500                NVIC_SetVectorTable
                0x0000000008003514                NVIC_SystemLPConfig
                0x000000000800352c                SysTick_CLKSourceConfig
 .text          0x0000000008003544      0x288 ../../libraries/libstm32f10x.a(stm32f10x_gpio.o)
                0x0000000008003544                GPIO_DeInit
                0x00000000080035f0                GPIO_AFIODeInit
                0x0000000008003606                GPIO_Init
                0x00000000080036a6                GPIO_StructInit
                0x00000000080036b6                GPIO_ReadInputDataBit
                0x00000000080036c2                GPIO_ReadInputData
                0x00000000080036c8                GPIO_ReadOutputDataBit
                0x00000000080036d4                GPIO_ReadOutputData
                0x00000000080036da                GPIO_SetBits
                0x00000000080036de                GPIO_ResetBits
                0x00000000080036e2                GPIO_WriteBit
                0x00000000080036ec                GPIO_Write
                0x00000000080036f0                GPIO_PinLockConfig
                0x0000000008003700                GPIO_EventOutputConfig
                0x000000000800371c                GPIO_EventOutputCmd
                0x0000000008003728                GPIO_PinRemapConfig
                0x000000000800378c                GPIO_EXTILineConfig
                0x00000000080037c0                GPIO_ETH_MediaInterfaceConfig
 .text          0x00000000080037cc      0x34c ../../libraries/libstm32f10x.a(stm32f10x_rcc.o)
                0x00000000080037cc                RCC_DeInit
                0x000000000800380c                RCC_HSEConfig
                0x0000000008003840                RCC_AdjustHSICalibrationValue
                0x0000000008003854                RCC_HSICmd
                0x0000000008003860                RCC_PLLConfig
                0x0000000008003874                RCC_PLLCmd
                0x0000000008003880                RCC_SYSCLKConfig
                0x0000000008003894                RCC_GetSYSCLKSource
                0x00000000080038a4                RCC_HCLKConfig
                0x00000000080038b8                RCC_PCLK1Config
                0x00000000080038cc                RCC_PCLK2Config
                0x00000000080038e0                RCC_ITConfig
                0x00000000080038f8                RCC_USBCLKConfig
                0x0000000008003904                RCC_ADCCLKConfig
                0x0000000008003918                RCC_LSEConfig
                0x0000000008003938                RCC_LSICmd
                0x0000000008003944                RCC_RTCCLKConfig
                0x0000000008003954                RCC_RTCCLKCmd
                0x0000000008003960                RCC_GetClocksFreq
                0x00000000080039f8                RCC_AHBPeriphClockCmd
                0x0000000008003a10                RCC_APB2PeriphClockCmd
                0x0000000008003a28                RCC_APB1PeriphClockCmd
                0x0000000008003a40                RCC_APB2PeriphResetCmd
                0x0000000008003a58                RCC_APB1PeriphResetCmd
                0x0000000008003a70                RCC_BackupResetCmd
                0x0000000008003a7c                RCC_ClockSecuritySystemCmd
                0x0000000008003a88                RCC_MCOConfig
                0x0000000008003a94                RCC_GetFlagStatus
                0x0000000008003abc                RCC_WaitForHSEStartUp
                0x0000000008003ae8                RCC_ClearFlag
                0x0000000008003af8                RCC_GetITStatus
                0x0000000008003b0c                RCC_ClearITPendingBit
 .text          0x0000000008003b18      0xc9c ../../libraries/libstm32f10x.a(stm32f10x_tim.o)
                0x0000000008003bf8                TIM_DeInit
                0x0000000008003da4                TIM_TimeBaseInit
                0x0000000008003e38                TIM_OC1Init
                0x0000000008003ec0                TIM_OC2Init
                0x0000000008003f48                TIM_OC3Init
                0x0000000008003fcc                TIM_OC4Init
                0x0000000008004034                TIM_BDTRConfig
                0x0000000008004056                TIM_TimeBaseStructInit
                0x0000000008004068                TIM_OCStructInit
                0x000000000800407c                TIM_ICStructInit
                0x000000000800408c                TIM_BDTRStructInit
                0x000000000800409e                TIM_Cmd
                0x00000000080040b6                TIM_CtrlPWMOutputs
                0x00000000080040d2                TIM_ITConfig
                0x00000000080040e4                TIM_GenerateEvent
                0x00000000080040e8                TIM_DMAConfig
                0x00000000080040f0                TIM_DMACmd
                0x0000000008004102                TIM_InternalClockConfig
                0x0000000008004110                TIM_ITRxExternalClockConfig
                0x000000000800412a                TIM_TIxExternalClockConfig
                0x000000000800415e                TIM_ETRConfig
                0x0000000008004172                TIM_ETRClockMode2Config
                0x0000000008004186                TIM_ETRClockMode1Config
                0x00000000080041a0                TIM_PrescalerConfig
                0x00000000080041a6                TIM_CounterModeConfig
                0x00000000080041b6                TIM_SelectInputTrigger
                0x00000000080041c6                TIM_EncoderInterfaceConfig
                0x0000000008004202                TIM_ForcedOC1Config
                0x0000000008004212                TIM_ForcedOC2Config
                0x0000000008004226                TIM_ForcedOC3Config
                0x0000000008004236                TIM_ForcedOC4Config
                0x000000000800424a                TIM_ARRPreloadConfig
                0x0000000008004262                TIM_SelectCOM
                0x000000000800427a                TIM_SelectCCDMA
                0x0000000008004292                TIM_CCPreloadControl
                0x00000000080042aa                TIM_OC1PreloadConfig
                0x00000000080042ba                TIM_OC2PreloadConfig
                0x00000000080042ce                TIM_OC3PreloadConfig
                0x00000000080042de                TIM_OC4PreloadConfig
                0x00000000080042f2                TIM_OC1FastConfig
                0x0000000008004302                TIM_OC2FastConfig
                0x0000000008004316                TIM_OC3FastConfig
                0x0000000008004326                TIM_OC4FastConfig
                0x000000000800433a                TIM_ClearOC1Ref
                0x000000000800434a                TIM_ClearOC2Ref
                0x000000000800435a                TIM_ClearOC3Ref
                0x000000000800436a                TIM_ClearOC4Ref
                0x000000000800437a                TIM_OC1PolarityConfig
                0x000000000800438a                TIM_OC1NPolarityConfig
                0x000000000800439a                TIM_OC2PolarityConfig
                0x00000000080043ae                TIM_OC2NPolarityConfig
                0x00000000080043c2                TIM_OC3PolarityConfig
                0x00000000080043d6                TIM_OC3NPolarityConfig
                0x00000000080043ea                TIM_OC4PolarityConfig
                0x00000000080043fe                TIM_CCxCmd
                0x0000000008004420                TIM_CCxNCmd
                0x0000000008004442                TIM_SelectOCxM
                0x0000000008004486                TIM_UpdateDisableConfig
                0x000000000800449e                TIM_UpdateRequestConfig
                0x00000000080044b6                TIM_SelectHallSensor
                0x00000000080044ce                TIM_SelectOnePulseMode
                0x00000000080044e4                TIM_SelectOutputTrigger
                0x00000000080044fa                TIM_SelectSlaveMode
                0x0000000008004510                TIM_SelectMasterSlaveMode
                0x0000000008004526                TIM_SetCounter
                0x000000000800452a                TIM_SetAutoreload
                0x000000000800452e                TIM_SetCompare1
                0x0000000008004532                TIM_SetCompare2
                0x0000000008004536                TIM_SetCompare3
                0x000000000800453a                TIM_SetCompare4
                0x0000000008004540                TIM_SetIC1Prescaler
                0x0000000008004556                TIM_SetIC2Prescaler
                0x0000000008004570                TIM_PWMIConfig
                0x00000000080045de                TIM_SetIC3Prescaler
                0x00000000080045f4                TIM_SetIC4Prescaler
                0x000000000800460e                TIM_ICInit
                0x0000000008004744                TIM_SetClockDivision
                0x000000000800475a                TIM_GetCapture1
                0x0000000008004760                TIM_GetCapture2
                0x0000000008004766                TIM_GetCapture3
                0x000000000800476c                TIM_GetCapture4
                0x0000000008004774                TIM_GetCounter
                0x000000000800477a                TIM_GetPrescaler
                0x0000000008004780                TIM_GetFlagStatus
                0x000000000800478c                TIM_ClearFlag
                0x0000000008004794                TIM_GetITStatus
                0x00000000080047aa                TIM_ClearITPendingBit
 .text          0x00000000080047b4      0x3a4 ../../libraries/libstm32f10x.a(stm32f10x_usart.o)
                0x00000000080047b4                USART_DeInit
                0x000000000800484c                USART_Init
                0x00000000080048fc                USART_StructInit
                0x0000000008004912                USART_ClockInit
                0x0000000008004932                USART_ClockStructInit
                0x000000000800493e                USART_Cmd
                0x0000000008004956                USART_ITConfig
                0x000000000800498a                USART_DMACmd
                0x000000000800499c                USART_SetAddress
                0x00000000080049b2                USART_WakeUpConfig
                0x00000000080049c8                USART_ReceiverWakeUpCmd
                0x00000000080049e0                USART_LINBreakDetectLengthConfig
                0x00000000080049f6                USART_LINCmd
                0x0000000008004a0e                USART_SendData
                0x0000000008004a16                USART_ReceiveData
                0x0000000008004a1e                USART_SendBreak
                0x0000000008004a2a                USART_SetGuardTime
                0x0000000008004a3c                USART_SetPrescaler
                0x0000000008004a4e                USART_SmartCardCmd
                0x0000000008004a66                USART_SmartCardNACKCmd
                0x0000000008004a7e                USART_HalfDuplexCmd
                0x0000000008004a96                USART_OverSampling8Cmd
                0x0000000008004aae                USART_OneBitMethodCmd
                0x0000000008004ac6                USART_IrDAConfig
                0x0000000008004adc                USART_IrDACmd
                0x0000000008004af4                USART_GetFlagStatus
                0x0000000008004b00                USART_ClearFlag
                0x0000000008004b08                USART_GetITStatus
                0x0000000008004b48                USART_ClearITPendingBit
 *(.text.*)
 .text.startup  0x0000000008004b58       0x88 main.o
                0x0000000008004b58                main
 .text.Reset_Handler
                0x0000000008004be0       0x4c ../../libraries/CMSIS/Device/ST/STM32F10x/startup/gcc_ride7/startup_stm32f10x_hd.o
                0x0000000008004be0                Reset_Handler
 .text.Default_Handler
                0x0000000008004c2c        0x4 ../../libraries/CMSIS/Device/ST/STM32F10x/startup/gcc_ride7/startup_stm32f10x_hd.o
                0x0000000008004c2c                DMA2_Channel3_IRQHandler
                0x0000000008004c2c                TIM8_TRG_COM_IRQHandler
                0x0000000008004c2c                TIM8_CC_IRQHandler
                0x0000000008004c2c                TIM1_CC_IRQHandler
                0x0000000008004c2c                TIM6_IRQHandler
                0x0000000008004c2c                PVD_IRQHandler
                0x0000000008004c2c                SDIO_IRQHandler
                0x0000000008004c2c                EXTI3_IRQHandler
                0x0000000008004c2c                EXTI0_IRQHandler
                0x0000000008004c2c                I2C2_EV_IRQHandler
                0x0000000008004c2c                ADC1_2_IRQHandler
                0x0000000008004c2c                SPI1_IRQHandler
                0x0000000008004c2c                TAMPER_IRQHandler
                0x0000000008004c2c                TIM8_UP_IRQHandler
                0x0000000008004c2c                DMA2_Channel2_IRQHandler
                0x0000000008004c2c                DMA1_Channel4_IRQHandler
                0x0000000008004c2c                USART3_IRQHandler
                0x0000000008004c2c                RTC_IRQHandler
                0x0000000008004c2c                DMA1_Channel7_IRQHandler
                0x0000000008004c2c                CAN1_RX1_IRQHandler
                0x0000000008004c2c                UART5_IRQHandler
                0x0000000008004c2c                ADC3_IRQHandler
                0x0000000008004c2c                TIM4_IRQHandler
                0x0000000008004c2c                DMA2_Channel1_IRQHandler
                0x0000000008004c2c                I2C1_EV_IRQHandler
                0x0000000008004c2c                DMA1_Channel6_IRQHandler
                0x0000000008004c2c                UART4_IRQHandler
                0x0000000008004c2c                TIM3_IRQHandler
                0x0000000008004c2c                RCC_IRQHandler
                0x0000000008004c2c                TIM1_TRG_COM_IRQHandler
                0x0000000008004c2c                DMA1_Channel1_IRQHandler
                0x0000000008004c2c                Default_Handler
                0x0000000008004c2c                EXTI15_10_IRQHandler
                0x0000000008004c2c                TIM7_IRQHandler
                0x0000000008004c2c                TIM5_IRQHandler
                0x0000000008004c2c                EXTI9_5_IRQHandler
                0x0000000008004c2c                SPI2_IRQHandler
                0x0000000008004c2c                DMA1_Channel5_IRQHandler
                0x0000000008004c2c                EXTI4_IRQHandler
                0x0000000008004c2c                USB_LP_CAN1_RX0_IRQHandler
                0x0000000008004c2c                USB_HP_CAN1_TX_IRQHandler
                0x0000000008004c2c                DMA1_Channel3_IRQHandler
                0x0000000008004c2c                FSMC_IRQHandler
                0x0000000008004c2c                TIM1_UP_IRQHandler
                0x0000000008004c2c                WWDG_IRQHandler
                0x0000000008004c2c                TIM2_IRQHandler
                0x0000000008004c2c                TIM1_BRK_IRQHandler
                0x0000000008004c2c                EXTI1_IRQHandler
                0x0000000008004c2c                RTCAlarm_IRQHandler
                0x0000000008004c2c                DMA2_Channel4_5_IRQHandler
                0x0000000008004c2c                USART2_IRQHandler
                0x0000000008004c2c                I2C2_ER_IRQHandler
                0x0000000008004c2c                DMA1_Channel2_IRQHandler
                0x0000000008004c2c                TIM8_BRK_IRQHandler
                0x0000000008004c2c                CAN1_SCE_IRQHandler
                0x0000000008004c2c                FLASH_IRQHandler
                0x0000000008004c2c                USART1_IRQHandler
                0x0000000008004c2c                SPI3_IRQHandler
                0x0000000008004c2c                I2C1_ER_IRQHandler
                0x0000000008004c2c                USBWakeUp_IRQHandler
                0x0000000008004c2c                EXTI2_IRQHandler
 *(.rodata)
 *(.rodata*)
 *(.glue_7)
 .glue_7        0x0000000000000000        0x0 linker stubs
 *(.glue_7t)
 .glue_7t       0x0000000000000000        0x0 linker stubs
                0x0000000008004c30                . = ALIGN (0x4)
                0x0000000008004c30                _etext = .
                0x0000000008004c30                _sidata = _etext

.vfp11_veneer   0x0000000008004c30        0x0
 .vfp11_veneer  0x0000000000000000        0x0 linker stubs

.v4_bx          0x0000000008004c30        0x0
 .v4_bx         0x0000000000000000        0x0 linker stubs

.iplt           0x0000000008004c30        0x0
 .iplt          0x0000000000000000        0x0 /usr/local/Cellar/gcc-arm-none-eabi/20140408/bin/../lib/gcc/arm-none-eabi/4.7.4/armv7-m/crtbegin.o

.rel.dyn        0x0000000008004c30        0x0
 .rel.iplt      0x0000000000000000        0x0 /usr/local/Cellar/gcc-arm-none-eabi/20140408/bin/../lib/gcc/arm-none-eabi/4.7.4/armv7-m/crtbegin.o

.data           0x0000000020000000       0x40 load address 0x0000000008004c30
                0x0000000020000000                . = ALIGN (0x4)
                0x0000000020000000                _sdata = .
 *(.data)
 .data          0x0000000020000000       0x14 system_stm32f10x.o
                0x0000000020000000                SystemCoreClock
                0x0000000020000004                AHBPrescTable
 .data          0x0000000020000014       0x14 lib/lib.a(stbm_delay.o)
                0x0000000020000014                TIM_TimeBaseStructureMili
                0x000000002000001e                TIM_TimeBaseStructureMicro
 .data          0x0000000020000028        0x4 lib/lib.a(stbm_uart.o)
                0x0000000020000028                _usart_tx_pin
                0x000000002000002a                _usart_rx_pin
 .data          0x000000002000002c       0x14 ../../libraries/libstm32f10x.a(stm32f10x_rcc.o)
 *(.data.*)
                0x0000000020000040                . = ALIGN (0x4)
                0x0000000020000040                _edata = .

.igot.plt       0x0000000020000040        0x0 load address 0x0000000008004c70
 .igot.plt      0x0000000000000000        0x0 /usr/local/Cellar/gcc-arm-none-eabi/20140408/bin/../lib/gcc/arm-none-eabi/4.7.4/armv7-m/crtbegin.o

.bss            0x0000000020000040        0x0
                0x0000000020000040                . = ALIGN (0x4)
                0x0000000020000040                _sbss = .
 *(.bss)
 *(COMMON)
                0x0000000020000040                . = ALIGN (0x4)
                0x0000000020000040                _ebss = .
                0x0000000020000040                PROVIDE (end, _ebss)
                0x0000000020000040                PROVIDE (_end, _ebss)

._usrstack      0x0000000020000040      0x800 load address 0x0000000008004c70
                0x0000000020000040                . = ALIGN (0x4)
                0x0000000020000040                _susrstack = .
                0x0000000020000840                . = (. + _Minimum_Stack_Size)
 *fill*         0x0000000020000040      0x800 00
                0x0000000020000840                . = ALIGN (0x4)
                0x0000000020000840                _eusrstack = .

.b1text
 *(.b1text)
 *(.b1rodata)
 *(.b1rodata*)

.eb0text
 *(.eb0text)
 *(.eb0rodata)
 *(.eb0rodata*)

.eb1text
 *(.eb1text)
 *(.eb1rodata)
 *(.eb1rodata*)

.eb2text
 *(.eb2text)
 *(.eb2rodata)
 *(.eb2rodata*)

.eb3text
 *(.eb3text)
 *(.eb3rodata)
 *(.eb3rodata*)

DISCARD
 libc.a(*)
 libm.a(*)
 libgcc.a(*)

.stab
 *(.stab)

.stabstr
 *(.stabstr)

.stab.excl
 *(.stab.excl)

.stab.exclstr
 *(.stab.exclstr)

.stab.index
 *(.stab.index)

.stab.indexstr
 *(.stab.indexstr)

.comment        0x0000000000000000       0x70
 *(.comment)
 .comment       0x0000000000000000       0x70 main.o
                                         0x71 (size before relaxing)
 .comment       0x0000000000000000       0x71 stm32f10x_it.o
 .comment       0x0000000000000000       0x71 system_stm32f10x.o
 .comment       0x0000000000000000       0x71 lib/lib.a(stbm_delay.o)
 .comment       0x0000000000000000       0x71 lib/lib.a(stbm_uart.o)
 .comment       0x0000000000000000       0x71 ../../libraries/libstm32f10x.a(misc.o)
 .comment       0x0000000000000000       0x71 ../../libraries/libstm32f10x.a(stm32f10x_gpio.o)
 .comment       0x0000000000000000       0x71 ../../libraries/libstm32f10x.a(stm32f10x_rcc.o)
 .comment       0x0000000000000000       0x71 ../../libraries/libstm32f10x.a(stm32f10x_tim.o)
 .comment       0x0000000000000000       0x71 ../../libraries/libstm32f10x.a(stm32f10x_usart.o)

.ARM.attributes
                0x0000000000000000       0x29
 .ARM.attributes
                0x0000000000000000       0x33 main.o
 .ARM.attributes
                0x0000000000000033       0x33 stm32f10x_it.o
 .ARM.attributes
                0x0000000000000066       0x33 system_stm32f10x.o
 .ARM.attributes
                0x0000000000000099       0x21 ../../libraries/CMSIS/Device/ST/STM32F10x/startup/gcc_ride7/startup_stm32f10x_hd.o
 .ARM.attributes
                0x00000000000000ba       0x33 lib/lib.a(stbm_delay.o)
 .ARM.attributes
                0x00000000000000ed       0x33 lib/lib.a(stbm_uart.o)
 .ARM.attributes
                0x0000000000000120       0x33 ../../libraries/libstm32f10x.a(misc.o)
 .ARM.attributes
                0x0000000000000153       0x33 ../../libraries/libstm32f10x.a(stm32f10x_gpio.o)
 .ARM.attributes
                0x0000000000000186       0x33 ../../libraries/libstm32f10x.a(stm32f10x_rcc.o)
 .ARM.attributes
                0x00000000000001b9       0x33 ../../libraries/libstm32f10x.a(stm32f10x_tim.o)
 .ARM.attributes
                0x00000000000001ec       0x33 ../../libraries/libstm32f10x.a(stm32f10x_usart.o)

.debug
 *(.debug)

.line
 *(.line)

.debug_srcinfo
 *(.debug_srcinfo)

.debug_sfnames
 *(.debug_sfnames)

.debug_aranges
 *(.debug_aranges)

.debug_pubnames
 *(.debug_pubnames)

.debug_info
 *(.debug_info .gnu.linkonce.wi.*)

.debug_abbrev
 *(.debug_abbrev)

.debug_line
 *(.debug_line)

.debug_frame
 *(.debug_frame)

.debug_str
 *(.debug_str)

.debug_loc
 *(.debug_loc)

.debug_macinfo
 *(.debug_macinfo)

.debug_weaknames
 *(.debug_weaknames)

.debug_funcnames
 *(.debug_funcnames)

.debug_typenames
 *(.debug_typenames)

.debug_varnames
 *(.debug_varnames)
OUTPUT(bin/main.elf elf32-littlearm)

Cross Reference Table

Symbol                                            File
ADC1_2_IRQHandler                                 ../../libraries/CMSIS/Device/ST/STM32F10x/startup/gcc_ride7/startup_stm32f10x_hd.o
ADC3_IRQHandler                                   ../../libraries/CMSIS/Device/ST/STM32F10x/startup/gcc_ride7/startup_stm32f10x_hd.o
AHBPrescTable                                     system_stm32f10x.o
BusFault_Handler                                  stm32f10x_it.o
CAN1_RX1_IRQHandler                               ../../libraries/CMSIS/Device/ST/STM32F10x/startup/gcc_ride7/startup_stm32f10x_hd.o
CAN1_SCE_IRQHandler                               ../../libraries/CMSIS/Device/ST/STM32F10x/startup/gcc_ride7/startup_stm32f10x_hd.o
DMA1_Channel1_IRQHandler                          ../../libraries/CMSIS/Device/ST/STM32F10x/startup/gcc_ride7/startup_stm32f10x_hd.o
DMA1_Channel2_IRQHandler                          ../../libraries/CMSIS/Device/ST/STM32F10x/startup/gcc_ride7/startup_stm32f10x_hd.o
DMA1_Channel3_IRQHandler                          ../../libraries/CMSIS/Device/ST/STM32F10x/startup/gcc_ride7/startup_stm32f10x_hd.o
DMA1_Channel4_IRQHandler                          ../../libraries/CMSIS/Device/ST/STM32F10x/startup/gcc_ride7/startup_stm32f10x_hd.o
DMA1_Channel5_IRQHandler                          ../../libraries/CMSIS/Device/ST/STM32F10x/startup/gcc_ride7/startup_stm32f10x_hd.o
DMA1_Channel6_IRQHandler                          ../../libraries/CMSIS/Device/ST/STM32F10x/startup/gcc_ride7/startup_stm32f10x_hd.o
DMA1_Channel7_IRQHandler                          ../../libraries/CMSIS/Device/ST/STM32F10x/startup/gcc_ride7/startup_stm32f10x_hd.o
DMA2_Channel1_IRQHandler                          ../../libraries/CMSIS/Device/ST/STM32F10x/startup/gcc_ride7/startup_stm32f10x_hd.o
DMA2_Channel2_IRQHandler                          ../../libraries/CMSIS/Device/ST/STM32F10x/startup/gcc_ride7/startup_stm32f10x_hd.o
DMA2_Channel3_IRQHandler                          ../../libraries/CMSIS/Device/ST/STM32F10x/startup/gcc_ride7/startup_stm32f10x_hd.o
DMA2_Channel4_5_IRQHandler                        ../../libraries/CMSIS/Device/ST/STM32F10x/startup/gcc_ride7/startup_stm32f10x_hd.o
DebugMon_Handler                                  stm32f10x_it.o
Default_Handler                                   ../../libraries/CMSIS/Device/ST/STM32F10x/startup/gcc_ride7/startup_stm32f10x_hd.o
EXTI0_IRQHandler                                  ../../libraries/CMSIS/Device/ST/STM32F10x/startup/gcc_ride7/startup_stm32f10x_hd.o
EXTI15_10_IRQHandler                              ../../libraries/CMSIS/Device/ST/STM32F10x/startup/gcc_ride7/startup_stm32f10x_hd.o
EXTI1_IRQHandler                                  ../../libraries/CMSIS/Device/ST/STM32F10x/startup/gcc_ride7/startup_stm32f10x_hd.o
EXTI2_IRQHandler                                  ../../libraries/CMSIS/Device/ST/STM32F10x/startup/gcc_ride7/startup_stm32f10x_hd.o
EXTI3_IRQHandler                                  ../../libraries/CMSIS/Device/ST/STM32F10x/startup/gcc_ride7/startup_stm32f10x_hd.o
EXTI4_IRQHandler                                  ../../libraries/CMSIS/Device/ST/STM32F10x/startup/gcc_ride7/startup_stm32f10x_hd.o
EXTI9_5_IRQHandler                                ../../libraries/CMSIS/Device/ST/STM32F10x/startup/gcc_ride7/startup_stm32f10x_hd.o
FLASH_IRQHandler                                  ../../libraries/CMSIS/Device/ST/STM32F10x/startup/gcc_ride7/startup_stm32f10x_hd.o
FSMC_IRQHandler                                   ../../libraries/CMSIS/Device/ST/STM32F10x/startup/gcc_ride7/startup_stm32f10x_hd.o
GPIO_AFIODeInit                                   ../../libraries/libstm32f10x.a(stm32f10x_gpio.o)
GPIO_DeInit                                       ../../libraries/libstm32f10x.a(stm32f10x_gpio.o)
GPIO_ETH_MediaInterfaceConfig                     ../../libraries/libstm32f10x.a(stm32f10x_gpio.o)
GPIO_EXTILineConfig                               ../../libraries/libstm32f10x.a(stm32f10x_gpio.o)
GPIO_EventOutputCmd                               ../../libraries/libstm32f10x.a(stm32f10x_gpio.o)
GPIO_EventOutputConfig                            ../../libraries/libstm32f10x.a(stm32f10x_gpio.o)
GPIO_Init                                         ../../libraries/libstm32f10x.a(stm32f10x_gpio.o)
                                                  lib/lib.a(stbm_uart.o)
                                                  main.o
GPIO_PinLockConfig                                ../../libraries/libstm32f10x.a(stm32f10x_gpio.o)
GPIO_PinRemapConfig                               ../../libraries/libstm32f10x.a(stm32f10x_gpio.o)
GPIO_ReadInputData                                ../../libraries/libstm32f10x.a(stm32f10x_gpio.o)
GPIO_ReadInputDataBit                             ../../libraries/libstm32f10x.a(stm32f10x_gpio.o)
GPIO_ReadOutputData                               ../../libraries/libstm32f10x.a(stm32f10x_gpio.o)
GPIO_ReadOutputDataBit                            ../../libraries/libstm32f10x.a(stm32f10x_gpio.o)
GPIO_ResetBits                                    ../../libraries/libstm32f10x.a(stm32f10x_gpio.o)
GPIO_SetBits                                      ../../libraries/libstm32f10x.a(stm32f10x_gpio.o)
GPIO_StructInit                                   ../../libraries/libstm32f10x.a(stm32f10x_gpio.o)
GPIO_Write                                        ../../libraries/libstm32f10x.a(stm32f10x_gpio.o)
GPIO_WriteBit                                     ../../libraries/libstm32f10x.a(stm32f10x_gpio.o)
HardFault_Handler                                 stm32f10x_it.o
I2C1_ER_IRQHandler                                ../../libraries/CMSIS/Device/ST/STM32F10x/startup/gcc_ride7/startup_stm32f10x_hd.o
I2C1_EV_IRQHandler                                ../../libraries/CMSIS/Device/ST/STM32F10x/startup/gcc_ride7/startup_stm32f10x_hd.o
I2C2_ER_IRQHandler                                ../../libraries/CMSIS/Device/ST/STM32F10x/startup/gcc_ride7/startup_stm32f10x_hd.o
I2C2_EV_IRQHandler                                ../../libraries/CMSIS/Device/ST/STM32F10x/startup/gcc_ride7/startup_stm32f10x_hd.o
MemManage_Handler                                 stm32f10x_it.o
NMI_Handler                                       stm32f10x_it.o
NVIC_Init                                         ../../libraries/libstm32f10x.a(misc.o)
NVIC_PriorityGroupConfig                          ../../libraries/libstm32f10x.a(misc.o)
NVIC_SetVectorTable                               ../../libraries/libstm32f10x.a(misc.o)
                                                  main.o
NVIC_SystemLPConfig                               ../../libraries/libstm32f10x.a(misc.o)
PVD_IRQHandler                                    ../../libraries/CMSIS/Device/ST/STM32F10x/startup/gcc_ride7/startup_stm32f10x_hd.o
PendSV_Handler                                    stm32f10x_it.o
RCC_ADCCLKConfig                                  ../../libraries/libstm32f10x.a(stm32f10x_rcc.o)
RCC_AHBPeriphClockCmd                             ../../libraries/libstm32f10x.a(stm32f10x_rcc.o)
RCC_APB1PeriphClockCmd                            ../../libraries/libstm32f10x.a(stm32f10x_rcc.o)
                                                  lib/lib.a(stbm_uart.o)
                                                  lib/lib.a(stbm_delay.o)
RCC_APB1PeriphResetCmd                            ../../libraries/libstm32f10x.a(stm32f10x_rcc.o)
                                                  ../../libraries/libstm32f10x.a(stm32f10x_usart.o)
                                                  ../../libraries/libstm32f10x.a(stm32f10x_tim.o)
RCC_APB2PeriphClockCmd                            ../../libraries/libstm32f10x.a(stm32f10x_rcc.o)
                                                  lib/lib.a(stbm_uart.o)
                                                  main.o
RCC_APB2PeriphResetCmd                            ../../libraries/libstm32f10x.a(stm32f10x_rcc.o)
                                                  ../../libraries/libstm32f10x.a(stm32f10x_usart.o)
                                                  ../../libraries/libstm32f10x.a(stm32f10x_tim.o)
                                                  ../../libraries/libstm32f10x.a(stm32f10x_gpio.o)
RCC_AdjustHSICalibrationValue                     ../../libraries/libstm32f10x.a(stm32f10x_rcc.o)
RCC_BackupResetCmd                                ../../libraries/libstm32f10x.a(stm32f10x_rcc.o)
RCC_ClearFlag                                     ../../libraries/libstm32f10x.a(stm32f10x_rcc.o)
RCC_ClearITPendingBit                             ../../libraries/libstm32f10x.a(stm32f10x_rcc.o)
RCC_ClockSecuritySystemCmd                        ../../libraries/libstm32f10x.a(stm32f10x_rcc.o)
RCC_DeInit                                        ../../libraries/libstm32f10x.a(stm32f10x_rcc.o)
RCC_GetClocksFreq                                 ../../libraries/libstm32f10x.a(stm32f10x_rcc.o)
                                                  ../../libraries/libstm32f10x.a(stm32f10x_usart.o)
RCC_GetFlagStatus                                 ../../libraries/libstm32f10x.a(stm32f10x_rcc.o)
RCC_GetITStatus                                   ../../libraries/libstm32f10x.a(stm32f10x_rcc.o)
RCC_GetSYSCLKSource                               ../../libraries/libstm32f10x.a(stm32f10x_rcc.o)
RCC_HCLKConfig                                    ../../libraries/libstm32f10x.a(stm32f10x_rcc.o)
RCC_HSEConfig                                     ../../libraries/libstm32f10x.a(stm32f10x_rcc.o)
RCC_HSICmd                                        ../../libraries/libstm32f10x.a(stm32f10x_rcc.o)
RCC_IRQHandler                                    ../../libraries/CMSIS/Device/ST/STM32F10x/startup/gcc_ride7/startup_stm32f10x_hd.o
RCC_ITConfig                                      ../../libraries/libstm32f10x.a(stm32f10x_rcc.o)
RCC_LSEConfig                                     ../../libraries/libstm32f10x.a(stm32f10x_rcc.o)
RCC_LSICmd                                        ../../libraries/libstm32f10x.a(stm32f10x_rcc.o)
RCC_MCOConfig                                     ../../libraries/libstm32f10x.a(stm32f10x_rcc.o)
RCC_PCLK1Config                                   ../../libraries/libstm32f10x.a(stm32f10x_rcc.o)
RCC_PCLK2Config                                   ../../libraries/libstm32f10x.a(stm32f10x_rcc.o)
RCC_PLLCmd                                        ../../libraries/libstm32f10x.a(stm32f10x_rcc.o)
RCC_PLLConfig                                     ../../libraries/libstm32f10x.a(stm32f10x_rcc.o)
RCC_RTCCLKCmd                                     ../../libraries/libstm32f10x.a(stm32f10x_rcc.o)
RCC_RTCCLKConfig                                  ../../libraries/libstm32f10x.a(stm32f10x_rcc.o)
RCC_SYSCLKConfig                                  ../../libraries/libstm32f10x.a(stm32f10x_rcc.o)
RCC_USBCLKConfig                                  ../../libraries/libstm32f10x.a(stm32f10x_rcc.o)
RCC_WaitForHSEStartUp                             ../../libraries/libstm32f10x.a(stm32f10x_rcc.o)
RTCAlarm_IRQHandler                               ../../libraries/CMSIS/Device/ST/STM32F10x/startup/gcc_ride7/startup_stm32f10x_hd.o
RTC_IRQHandler                                    ../../libraries/CMSIS/Device/ST/STM32F10x/startup/gcc_ride7/startup_stm32f10x_hd.o
Reset_Handler                                     ../../libraries/CMSIS/Device/ST/STM32F10x/startup/gcc_ride7/startup_stm32f10x_hd.o
SDIO_IRQHandler                                   ../../libraries/CMSIS/Device/ST/STM32F10x/startup/gcc_ride7/startup_stm32f10x_hd.o
SPI1_IRQHandler                                   ../../libraries/CMSIS/Device/ST/STM32F10x/startup/gcc_ride7/startup_stm32f10x_hd.o
SPI2_IRQHandler                                   ../../libraries/CMSIS/Device/ST/STM32F10x/startup/gcc_ride7/startup_stm32f10x_hd.o
SPI3_IRQHandler                                   ../../libraries/CMSIS/Device/ST/STM32F10x/startup/gcc_ride7/startup_stm32f10x_hd.o
SVC_Handler                                       stm32f10x_it.o
SysTick_CLKSourceConfig                           ../../libraries/libstm32f10x.a(misc.o)
SysTick_Handler                                   stm32f10x_it.o
SystemCoreClock                                   system_stm32f10x.o
SystemCoreClockUpdate                             system_stm32f10x.o
SystemInit                                        system_stm32f10x.o
                                                  ../../libraries/CMSIS/Device/ST/STM32F10x/startup/gcc_ride7/startup_stm32f10x_hd.o
                                                  main.o
TAMPER_IRQHandler                                 ../../libraries/CMSIS/Device/ST/STM32F10x/startup/gcc_ride7/startup_stm32f10x_hd.o
TIM1_BRK_IRQHandler                               ../../libraries/CMSIS/Device/ST/STM32F10x/startup/gcc_ride7/startup_stm32f10x_hd.o
TIM1_CC_IRQHandler                                ../../libraries/CMSIS/Device/ST/STM32F10x/startup/gcc_ride7/startup_stm32f10x_hd.o
TIM1_TRG_COM_IRQHandler                           ../../libraries/CMSIS/Device/ST/STM32F10x/startup/gcc_ride7/startup_stm32f10x_hd.o
TIM1_UP_IRQHandler                                ../../libraries/CMSIS/Device/ST/STM32F10x/startup/gcc_ride7/startup_stm32f10x_hd.o
TIM2_IRQHandler                                   ../../libraries/CMSIS/Device/ST/STM32F10x/startup/gcc_ride7/startup_stm32f10x_hd.o
TIM3_IRQHandler                                   ../../libraries/CMSIS/Device/ST/STM32F10x/startup/gcc_ride7/startup_stm32f10x_hd.o
TIM4_IRQHandler                                   ../../libraries/CMSIS/Device/ST/STM32F10x/startup/gcc_ride7/startup_stm32f10x_hd.o
TIM5_IRQHandler                                   ../../libraries/CMSIS/Device/ST/STM32F10x/startup/gcc_ride7/startup_stm32f10x_hd.o
TIM6_IRQHandler                                   ../../libraries/CMSIS/Device/ST/STM32F10x/startup/gcc_ride7/startup_stm32f10x_hd.o
TIM7_IRQHandler                                   ../../libraries/CMSIS/Device/ST/STM32F10x/startup/gcc_ride7/startup_stm32f10x_hd.o
TIM8_BRK_IRQHandler                               ../../libraries/CMSIS/Device/ST/STM32F10x/startup/gcc_ride7/startup_stm32f10x_hd.o
TIM8_CC_IRQHandler                                ../../libraries/CMSIS/Device/ST/STM32F10x/startup/gcc_ride7/startup_stm32f10x_hd.o
TIM8_TRG_COM_IRQHandler                           ../../libraries/CMSIS/Device/ST/STM32F10x/startup/gcc_ride7/startup_stm32f10x_hd.o
TIM8_UP_IRQHandler                                ../../libraries/CMSIS/Device/ST/STM32F10x/startup/gcc_ride7/startup_stm32f10x_hd.o
TIM_ARRPreloadConfig                              ../../libraries/libstm32f10x.a(stm32f10x_tim.o)
TIM_BDTRConfig                                    ../../libraries/libstm32f10x.a(stm32f10x_tim.o)
TIM_BDTRStructInit                                ../../libraries/libstm32f10x.a(stm32f10x_tim.o)
TIM_CCPreloadControl                              ../../libraries/libstm32f10x.a(stm32f10x_tim.o)
TIM_CCxCmd                                        ../../libraries/libstm32f10x.a(stm32f10x_tim.o)
TIM_CCxNCmd                                       ../../libraries/libstm32f10x.a(stm32f10x_tim.o)
TIM_ClearFlag                                     ../../libraries/libstm32f10x.a(stm32f10x_tim.o)
TIM_ClearITPendingBit                             ../../libraries/libstm32f10x.a(stm32f10x_tim.o)
TIM_ClearOC1Ref                                   ../../libraries/libstm32f10x.a(stm32f10x_tim.o)
TIM_ClearOC2Ref                                   ../../libraries/libstm32f10x.a(stm32f10x_tim.o)
TIM_ClearOC3Ref                                   ../../libraries/libstm32f10x.a(stm32f10x_tim.o)
TIM_ClearOC4Ref                                   ../../libraries/libstm32f10x.a(stm32f10x_tim.o)
TIM_Cmd                                           ../../libraries/libstm32f10x.a(stm32f10x_tim.o)
                                                  lib/lib.a(stbm_delay.o)
TIM_CounterModeConfig                             ../../libraries/libstm32f10x.a(stm32f10x_tim.o)
TIM_CtrlPWMOutputs                                ../../libraries/libstm32f10x.a(stm32f10x_tim.o)
TIM_DMACmd                                        ../../libraries/libstm32f10x.a(stm32f10x_tim.o)
TIM_DMAConfig                                     ../../libraries/libstm32f10x.a(stm32f10x_tim.o)
TIM_DeInit                                        ../../libraries/libstm32f10x.a(stm32f10x_tim.o)
TIM_ETRClockMode1Config                           ../../libraries/libstm32f10x.a(stm32f10x_tim.o)
TIM_ETRClockMode2Config                           ../../libraries/libstm32f10x.a(stm32f10x_tim.o)
TIM_ETRConfig                                     ../../libraries/libstm32f10x.a(stm32f10x_tim.o)
TIM_EncoderInterfaceConfig                        ../../libraries/libstm32f10x.a(stm32f10x_tim.o)
TIM_ForcedOC1Config                               ../../libraries/libstm32f10x.a(stm32f10x_tim.o)
TIM_ForcedOC2Config                               ../../libraries/libstm32f10x.a(stm32f10x_tim.o)
TIM_ForcedOC3Config                               ../../libraries/libstm32f10x.a(stm32f10x_tim.o)
TIM_ForcedOC4Config                               ../../libraries/libstm32f10x.a(stm32f10x_tim.o)
TIM_GenerateEvent                                 ../../libraries/libstm32f10x.a(stm32f10x_tim.o)
TIM_GetCapture1                                   ../../libraries/libstm32f10x.a(stm32f10x_tim.o)
TIM_GetCapture2                                   ../../libraries/libstm32f10x.a(stm32f10x_tim.o)
TIM_GetCapture3                                   ../../libraries/libstm32f10x.a(stm32f10x_tim.o)
TIM_GetCapture4                                   ../../libraries/libstm32f10x.a(stm32f10x_tim.o)
TIM_GetCounter                                    ../../libraries/libstm32f10x.a(stm32f10x_tim.o)
                                                  lib/lib.a(stbm_delay.o)
TIM_GetFlagStatus                                 ../../libraries/libstm32f10x.a(stm32f10x_tim.o)
TIM_GetITStatus                                   ../../libraries/libstm32f10x.a(stm32f10x_tim.o)
TIM_GetPrescaler                                  ../../libraries/libstm32f10x.a(stm32f10x_tim.o)
TIM_ICInit                                        ../../libraries/libstm32f10x.a(stm32f10x_tim.o)
TIM_ICStructInit                                  ../../libraries/libstm32f10x.a(stm32f10x_tim.o)
TIM_ITConfig                                      ../../libraries/libstm32f10x.a(stm32f10x_tim.o)
TIM_ITRxExternalClockConfig                       ../../libraries/libstm32f10x.a(stm32f10x_tim.o)
TIM_InternalClockConfig                           ../../libraries/libstm32f10x.a(stm32f10x_tim.o)
TIM_OC1FastConfig                                 ../../libraries/libstm32f10x.a(stm32f10x_tim.o)
TIM_OC1Init                                       ../../libraries/libstm32f10x.a(stm32f10x_tim.o)
TIM_OC1NPolarityConfig                            ../../libraries/libstm32f10x.a(stm32f10x_tim.o)
TIM_OC1PolarityConfig                             ../../libraries/libstm32f10x.a(stm32f10x_tim.o)
TIM_OC1PreloadConfig                              ../../libraries/libstm32f10x.a(stm32f10x_tim.o)
TIM_OC2FastConfig                                 ../../libraries/libstm32f10x.a(stm32f10x_tim.o)
TIM_OC2Init                                       ../../libraries/libstm32f10x.a(stm32f10x_tim.o)
TIM_OC2NPolarityConfig                            ../../libraries/libstm32f10x.a(stm32f10x_tim.o)
TIM_OC2PolarityConfig                             ../../libraries/libstm32f10x.a(stm32f10x_tim.o)
TIM_OC2PreloadConfig                              ../../libraries/libstm32f10x.a(stm32f10x_tim.o)
TIM_OC3FastConfig                                 ../../libraries/libstm32f10x.a(stm32f10x_tim.o)
TIM_OC3Init                                       ../../libraries/libstm32f10x.a(stm32f10x_tim.o)
TIM_OC3NPolarityConfig                            ../../libraries/libstm32f10x.a(stm32f10x_tim.o)
TIM_OC3PolarityConfig                             ../../libraries/libstm32f10x.a(stm32f10x_tim.o)
TIM_OC3PreloadConfig                              ../../libraries/libstm32f10x.a(stm32f10x_tim.o)
TIM_OC4FastConfig                                 ../../libraries/libstm32f10x.a(stm32f10x_tim.o)
TIM_OC4Init                                       ../../libraries/libstm32f10x.a(stm32f10x_tim.o)
TIM_OC4PolarityConfig                             ../../libraries/libstm32f10x.a(stm32f10x_tim.o)
TIM_OC4PreloadConfig                              ../../libraries/libstm32f10x.a(stm32f10x_tim.o)
TIM_OCStructInit                                  ../../libraries/libstm32f10x.a(stm32f10x_tim.o)
TIM_PWMIConfig                                    ../../libraries/libstm32f10x.a(stm32f10x_tim.o)
TIM_PrescalerConfig                               ../../libraries/libstm32f10x.a(stm32f10x_tim.o)
TIM_SelectCCDMA                                   ../../libraries/libstm32f10x.a(stm32f10x_tim.o)
TIM_SelectCOM                                     ../../libraries/libstm32f10x.a(stm32f10x_tim.o)
TIM_SelectHallSensor                              ../../libraries/libstm32f10x.a(stm32f10x_tim.o)
TIM_SelectInputTrigger                            ../../libraries/libstm32f10x.a(stm32f10x_tim.o)
TIM_SelectMasterSlaveMode                         ../../libraries/libstm32f10x.a(stm32f10x_tim.o)
TIM_SelectOCxM                                    ../../libraries/libstm32f10x.a(stm32f10x_tim.o)
TIM_SelectOnePulseMode                            ../../libraries/libstm32f10x.a(stm32f10x_tim.o)
                                                  lib/lib.a(stbm_delay.o)
TIM_SelectOutputTrigger                           ../../libraries/libstm32f10x.a(stm32f10x_tim.o)
TIM_SelectSlaveMode                               ../../libraries/libstm32f10x.a(stm32f10x_tim.o)
TIM_SetAutoreload                                 ../../libraries/libstm32f10x.a(stm32f10x_tim.o)
TIM_SetClockDivision                              ../../libraries/libstm32f10x.a(stm32f10x_tim.o)
TIM_SetCompare1                                   ../../libraries/libstm32f10x.a(stm32f10x_tim.o)
TIM_SetCompare2                                   ../../libraries/libstm32f10x.a(stm32f10x_tim.o)
TIM_SetCompare3                                   ../../libraries/libstm32f10x.a(stm32f10x_tim.o)
TIM_SetCompare4                                   ../../libraries/libstm32f10x.a(stm32f10x_tim.o)
TIM_SetCounter                                    ../../libraries/libstm32f10x.a(stm32f10x_tim.o)
                                                  lib/lib.a(stbm_delay.o)
TIM_SetIC1Prescaler                               ../../libraries/libstm32f10x.a(stm32f10x_tim.o)
TIM_SetIC2Prescaler                               ../../libraries/libstm32f10x.a(stm32f10x_tim.o)
TIM_SetIC3Prescaler                               ../../libraries/libstm32f10x.a(stm32f10x_tim.o)
TIM_SetIC4Prescaler                               ../../libraries/libstm32f10x.a(stm32f10x_tim.o)
TIM_TIxExternalClockConfig                        ../../libraries/libstm32f10x.a(stm32f10x_tim.o)
TIM_TimeBaseInit                                  ../../libraries/libstm32f10x.a(stm32f10x_tim.o)
                                                  lib/lib.a(stbm_delay.o)
TIM_TimeBaseStructInit                            ../../libraries/libstm32f10x.a(stm32f10x_tim.o)
TIM_TimeBaseStructureMicro                        lib/lib.a(stbm_delay.o)
TIM_TimeBaseStructureMili                         lib/lib.a(stbm_delay.o)
TIM_UpdateDisableConfig                           ../../libraries/libstm32f10x.a(stm32f10x_tim.o)
TIM_UpdateRequestConfig                           ../../libraries/libstm32f10x.a(stm32f10x_tim.o)
UART4_IRQHandler                                  ../../libraries/CMSIS/Device/ST/STM32F10x/startup/gcc_ride7/startup_stm32f10x_hd.o
UART5_IRQHandler                                  ../../libraries/CMSIS/Device/ST/STM32F10x/startup/gcc_ride7/startup_stm32f10x_hd.o
USART1_IRQHandler                                 ../../libraries/CMSIS/Device/ST/STM32F10x/startup/gcc_ride7/startup_stm32f10x_hd.o
USART2_IRQHandler                                 ../../libraries/CMSIS/Device/ST/STM32F10x/startup/gcc_ride7/startup_stm32f10x_hd.o
USART3_IRQHandler                                 ../../libraries/CMSIS/Device/ST/STM32F10x/startup/gcc_ride7/startup_stm32f10x_hd.o
USART_ClearFlag                                   ../../libraries/libstm32f10x.a(stm32f10x_usart.o)
USART_ClearITPendingBit                           ../../libraries/libstm32f10x.a(stm32f10x_usart.o)
USART_ClockInit                                   ../../libraries/libstm32f10x.a(stm32f10x_usart.o)
USART_ClockStructInit                             ../../libraries/libstm32f10x.a(stm32f10x_usart.o)
USART_Cmd                                         ../../libraries/libstm32f10x.a(stm32f10x_usart.o)
                                                  lib/lib.a(stbm_uart.o)
USART_DMACmd                                      ../../libraries/libstm32f10x.a(stm32f10x_usart.o)
USART_DeInit                                      ../../libraries/libstm32f10x.a(stm32f10x_usart.o)
USART_GetFlagStatus                               ../../libraries/libstm32f10x.a(stm32f10x_usart.o)
USART_GetITStatus                                 ../../libraries/libstm32f10x.a(stm32f10x_usart.o)
USART_HalfDuplexCmd                               ../../libraries/libstm32f10x.a(stm32f10x_usart.o)
USART_ITConfig                                    ../../libraries/libstm32f10x.a(stm32f10x_usart.o)
USART_Init                                        ../../libraries/libstm32f10x.a(stm32f10x_usart.o)
                                                  lib/lib.a(stbm_uart.o)
USART_IrDACmd                                     ../../libraries/libstm32f10x.a(stm32f10x_usart.o)
USART_IrDAConfig                                  ../../libraries/libstm32f10x.a(stm32f10x_usart.o)
USART_LINBreakDetectLengthConfig                  ../../libraries/libstm32f10x.a(stm32f10x_usart.o)
USART_LINCmd                                      ../../libraries/libstm32f10x.a(stm32f10x_usart.o)
USART_OneBitMethodCmd                             ../../libraries/libstm32f10x.a(stm32f10x_usart.o)
USART_OverSampling8Cmd                            ../../libraries/libstm32f10x.a(stm32f10x_usart.o)
USART_ReceiveData                                 ../../libraries/libstm32f10x.a(stm32f10x_usart.o)
USART_ReceiverWakeUpCmd                           ../../libraries/libstm32f10x.a(stm32f10x_usart.o)
USART_SendBreak                                   ../../libraries/libstm32f10x.a(stm32f10x_usart.o)
USART_SendData                                    ../../libraries/libstm32f10x.a(stm32f10x_usart.o)
                                                  lib/lib.a(stbm_uart.o)
USART_SetAddress                                  ../../libraries/libstm32f10x.a(stm32f10x_usart.o)
USART_SetGuardTime                                ../../libraries/libstm32f10x.a(stm32f10x_usart.o)
USART_SetPrescaler                                ../../libraries/libstm32f10x.a(stm32f10x_usart.o)
USART_SmartCardCmd                                ../../libraries/libstm32f10x.a(stm32f10x_usart.o)
USART_SmartCardNACKCmd                            ../../libraries/libstm32f10x.a(stm32f10x_usart.o)
USART_StructInit                                  ../../libraries/libstm32f10x.a(stm32f10x_usart.o)
USART_WakeUpConfig                                ../../libraries/libstm32f10x.a(stm32f10x_usart.o)
USBWakeUp_IRQHandler                              ../../libraries/CMSIS/Device/ST/STM32F10x/startup/gcc_ride7/startup_stm32f10x_hd.o
USB_HP_CAN1_TX_IRQHandler                         ../../libraries/CMSIS/Device/ST/STM32F10x/startup/gcc_ride7/startup_stm32f10x_hd.o
USB_LP_CAN1_RX0_IRQHandler                        ../../libraries/CMSIS/Device/ST/STM32F10x/startup/gcc_ride7/startup_stm32f10x_hd.o
UsageFault_Handler                                stm32f10x_it.o
WWDG_IRQHandler                                   ../../libraries/CMSIS/Device/ST/STM32F10x/startup/gcc_ride7/startup_stm32f10x_hd.o
_Jv_RegisterClasses                               /usr/local/Cellar/gcc-arm-none-eabi/20140408/bin/../lib/gcc/arm-none-eabi/4.7.4/armv7-m/crtbegin.o
__bss_end__                                       /usr/local/Cellar/gcc-arm-none-eabi/20140408/bin/../lib/gcc/arm-none-eabi/4.7.4/../../../../arm-none-eabi/lib/armv7-m/crt0.o
__bss_start__                                     /usr/local/Cellar/gcc-arm-none-eabi/20140408/bin/../lib/gcc/arm-none-eabi/4.7.4/../../../../arm-none-eabi/lib/armv7-m/crt0.o
__call_exitprocs                                  /usr/local/Cellar/gcc-arm-none-eabi/20140408/bin/../lib/gcc/arm-none-eabi/4.7.4/../../../../arm-none-eabi/lib/armv7-m/libc.a(lib_a-__call_atexit.o)
                                                  /usr/local/Cellar/gcc-arm-none-eabi/20140408/bin/../lib/gcc/arm-none-eabi/4.7.4/../../../../arm-none-eabi/lib/armv7-m/libc.a(lib_a-exit.o)
__deregister_frame_info                           /usr/local/Cellar/gcc-arm-none-eabi/20140408/bin/../lib/gcc/arm-none-eabi/4.7.4/armv7-m/crtbegin.o
__dso_handle                                      /usr/local/Cellar/gcc-arm-none-eabi/20140408/bin/../lib/gcc/arm-none-eabi/4.7.4/armv7-m/crtbegin.o
__errno                                           /usr/local/Cellar/gcc-arm-none-eabi/20140408/bin/../lib/gcc/arm-none-eabi/4.7.4/../../../../arm-none-eabi/lib/armv7-m/libc.a(lib_a-errno.o)
                                                  syscalls.o
__fini_array_end                                  /usr/local/Cellar/gcc-arm-none-eabi/20140408/bin/../lib/gcc/arm-none-eabi/4.7.4/../../../../arm-none-eabi/lib/armv7-m/libc.a(lib_a-fini.o)
__fini_array_start                                /usr/local/Cellar/gcc-arm-none-eabi/20140408/bin/../lib/gcc/arm-none-eabi/4.7.4/../../../../arm-none-eabi/lib/armv7-m/libc.a(lib_a-fini.o)
__init_array_end                                  /usr/local/Cellar/gcc-arm-none-eabi/20140408/bin/../lib/gcc/arm-none-eabi/4.7.4/../../../../arm-none-eabi/lib/armv7-m/libc.a(lib_a-init.o)
__init_array_start                                /usr/local/Cellar/gcc-arm-none-eabi/20140408/bin/../lib/gcc/arm-none-eabi/4.7.4/../../../../arm-none-eabi/lib/armv7-m/libc.a(lib_a-init.o)
__libc_fini                                       /usr/local/Cellar/gcc-arm-none-eabi/20140408/bin/../lib/gcc/arm-none-eabi/4.7.4/../../../../arm-none-eabi/lib/armv7-m/libc.a(lib_a-__call_atexit.o)
__libc_fini_array                                 /usr/local/Cellar/gcc-arm-none-eabi/20140408/bin/../lib/gcc/arm-none-eabi/4.7.4/../../../../arm-none-eabi/lib/armv7-m/libc.a(lib_a-fini.o)
                                                  /usr/local/Cellar/gcc-arm-none-eabi/20140408/bin/../lib/gcc/arm-none-eabi/4.7.4/../../../../arm-none-eabi/lib/armv7-m/libc.a(lib_a-__call_atexit.o)
                                                  /usr/local/Cellar/gcc-arm-none-eabi/20140408/bin/../lib/gcc/arm-none-eabi/4.7.4/../../../../arm-none-eabi/lib/armv7-m/crt0.o
__libc_init_array                                 /usr/local/Cellar/gcc-arm-none-eabi/20140408/bin/../lib/gcc/arm-none-eabi/4.7.4/../../../../arm-none-eabi/lib/armv7-m/libc.a(lib_a-init.o)
                                                  /usr/local/Cellar/gcc-arm-none-eabi/20140408/bin/../lib/gcc/arm-none-eabi/4.7.4/../../../../arm-none-eabi/lib/armv7-m/crt0.o
__preinit_array_end                               /usr/local/Cellar/gcc-arm-none-eabi/20140408/bin/../lib/gcc/arm-none-eabi/4.7.4/../../../../arm-none-eabi/lib/armv7-m/libc.a(lib_a-init.o)
__preinit_array_start                             /usr/local/Cellar/gcc-arm-none-eabi/20140408/bin/../lib/gcc/arm-none-eabi/4.7.4/../../../../arm-none-eabi/lib/armv7-m/libc.a(lib_a-init.o)
__register_exitproc                               /usr/local/Cellar/gcc-arm-none-eabi/20140408/bin/../lib/gcc/arm-none-eabi/4.7.4/../../../../arm-none-eabi/lib/armv7-m/libc.a(lib_a-__atexit.o)
                                                  /usr/local/Cellar/gcc-arm-none-eabi/20140408/bin/../lib/gcc/arm-none-eabi/4.7.4/../../../../arm-none-eabi/lib/armv7-m/libc.a(lib_a-atexit.o)
                                                  /usr/local/Cellar/gcc-arm-none-eabi/20140408/bin/../lib/gcc/arm-none-eabi/4.7.4/../../../../arm-none-eabi/lib/armv7-m/crt0.o
__register_frame_info                             /usr/local/Cellar/gcc-arm-none-eabi/20140408/bin/../lib/gcc/arm-none-eabi/4.7.4/armv7-m/crtbegin.o
__stack                                           /usr/local/Cellar/gcc-arm-none-eabi/20140408/bin/../lib/gcc/arm-none-eabi/4.7.4/../../../../arm-none-eabi/lib/armv7-m/crt0.o
_close_r                                          syscalls.o
_ebss                                             ../../libraries/CMSIS/Device/ST/STM32F10x/startup/gcc_ride7/startup_stm32f10x_hd.o
_edata                                            ../../libraries/CMSIS/Device/ST/STM32F10x/startup/gcc_ride7/startup_stm32f10x_hd.o
_estack                                           ../../libraries/CMSIS/Device/ST/STM32F10x/startup/gcc_ride7/startup_stm32f10x_hd.o
_exit                                             /usr/local/Cellar/gcc-arm-none-eabi/20140408/bin/../lib/gcc/arm-none-eabi/4.7.4/../../../../arm-none-eabi/lib/armv7-m/libc.a(lib_a-exit.o)
_fini                                             /usr/local/Cellar/gcc-arm-none-eabi/20140408/bin/../lib/gcc/arm-none-eabi/4.7.4/armv7-m/crti.o
                                                  /usr/local/Cellar/gcc-arm-none-eabi/20140408/bin/../lib/gcc/arm-none-eabi/4.7.4/../../../../arm-none-eabi/lib/armv7-m/libc.a(lib_a-fini.o)
_fstat_r                                          syscalls.o
_global_impure_ptr                                /usr/local/Cellar/gcc-arm-none-eabi/20140408/bin/../lib/gcc/arm-none-eabi/4.7.4/../../../../arm-none-eabi/lib/armv7-m/libc.a(lib_a-impure.o)
                                                  /usr/local/Cellar/gcc-arm-none-eabi/20140408/bin/../lib/gcc/arm-none-eabi/4.7.4/../../../../arm-none-eabi/lib/armv7-m/libc.a(lib_a-__call_atexit.o)
                                                  /usr/local/Cellar/gcc-arm-none-eabi/20140408/bin/../lib/gcc/arm-none-eabi/4.7.4/../../../../arm-none-eabi/lib/armv7-m/libc.a(lib_a-exit.o)
                                                  /usr/local/Cellar/gcc-arm-none-eabi/20140408/bin/../lib/gcc/arm-none-eabi/4.7.4/../../../../arm-none-eabi/lib/armv7-m/libc.a(lib_a-__atexit.o)
_impure_ptr                                       /usr/local/Cellar/gcc-arm-none-eabi/20140408/bin/../lib/gcc/arm-none-eabi/4.7.4/../../../../arm-none-eabi/lib/armv7-m/libc.a(lib_a-impure.o)
                                                  /usr/local/Cellar/gcc-arm-none-eabi/20140408/bin/../lib/gcc/arm-none-eabi/4.7.4/../../../../arm-none-eabi/lib/armv7-m/libc.a(lib_a-errno.o)
_init                                             /usr/local/Cellar/gcc-arm-none-eabi/20140408/bin/../lib/gcc/arm-none-eabi/4.7.4/armv7-m/crti.o
                                                  /usr/local/Cellar/gcc-arm-none-eabi/20140408/bin/../lib/gcc/arm-none-eabi/4.7.4/../../../../arm-none-eabi/lib/armv7-m/libc.a(lib_a-init.o)
_isatty_r                                         syscalls.o
_lseek_r                                          syscalls.o
_mainCRTStartup                                   /usr/local/Cellar/gcc-arm-none-eabi/20140408/bin/../lib/gcc/arm-none-eabi/4.7.4/../../../../arm-none-eabi/lib/armv7-m/crt0.o
_read_r                                           syscalls.o
_sbrk_r                                           syscalls.o
_sbss                                             ../../libraries/CMSIS/Device/ST/STM32F10x/startup/gcc_ride7/startup_stm32f10x_hd.o
_sdata                                            ../../libraries/CMSIS/Device/ST/STM32F10x/startup/gcc_ride7/startup_stm32f10x_hd.o
_sidata                                           ../../libraries/CMSIS/Device/ST/STM32F10x/startup/gcc_ride7/startup_stm32f10x_hd.o
_start                                            /usr/local/Cellar/gcc-arm-none-eabi/20140408/bin/../lib/gcc/arm-none-eabi/4.7.4/../../../../arm-none-eabi/lib/armv7-m/crt0.o
_usart_rx_pin                                     lib/lib.a(stbm_uart.o)
_usart_tx_pin                                     lib/lib.a(stbm_uart.o)
_write_r                                          syscalls.o
abort                                             syscalls.o
atexit                                            /usr/local/Cellar/gcc-arm-none-eabi/20140408/bin/../lib/gcc/arm-none-eabi/4.7.4/../../../../arm-none-eabi/lib/armv7-m/libc.a(lib_a-atexit.o)
                                                  /usr/local/Cellar/gcc-arm-none-eabi/20140408/bin/../lib/gcc/arm-none-eabi/4.7.4/../../../../arm-none-eabi/lib/armv7-m/libc.a(lib_a-__call_atexit.o)
delay_core                                        lib/lib.a(stbm_delay.o)
delay_ms                                          lib/lib.a(stbm_delay.o)
                                                  main.o
delay_us                                          lib/lib.a(stbm_delay.o)
end                                               syscalls.o
exit                                              /usr/local/Cellar/gcc-arm-none-eabi/20140408/bin/../lib/gcc/arm-none-eabi/4.7.4/../../../../arm-none-eabi/lib/armv7-m/libc.a(lib_a-exit.o)
                                                  /usr/local/Cellar/gcc-arm-none-eabi/20140408/bin/../lib/gcc/arm-none-eabi/4.7.4/../../../../arm-none-eabi/lib/armv7-m/crt0.o
free                                              /usr/local/Cellar/gcc-arm-none-eabi/20140408/bin/../lib/gcc/arm-none-eabi/4.7.4/../../../../arm-none-eabi/lib/armv7-m/libc.a(lib_a-__call_atexit.o)
g_pfnVectors                                      ../../libraries/CMSIS/Device/ST/STM32F10x/startup/gcc_ride7/startup_stm32f10x_hd.o
hardware_init_hook                                /usr/local/Cellar/gcc-arm-none-eabi/20140408/bin/../lib/gcc/arm-none-eabi/4.7.4/../../../../arm-none-eabi/lib/armv7-m/crt0.o
main                                              main.o
                                                  ../../libraries/CMSIS/Device/ST/STM32F10x/startup/gcc_ride7/startup_stm32f10x_hd.o
                                                  /usr/local/Cellar/gcc-arm-none-eabi/20140408/bin/../lib/gcc/arm-none-eabi/4.7.4/../../../../arm-none-eabi/lib/armv7-m/crt0.o
malloc                                            /usr/local/Cellar/gcc-arm-none-eabi/20140408/bin/../lib/gcc/arm-none-eabi/4.7.4/../../../../arm-none-eabi/lib/armv7-m/libc.a(lib_a-__atexit.o)
memset                                            /usr/local/Cellar/gcc-arm-none-eabi/20140408/bin/../lib/gcc/arm-none-eabi/4.7.4/../../../../arm-none-eabi/lib/armv7-m/libc.a(lib_a-memset.o)
                                                  syscalls.o
                                                  /usr/local/Cellar/gcc-arm-none-eabi/20140408/bin/../lib/gcc/arm-none-eabi/4.7.4/../../../../arm-none-eabi/lib/armv7-m/crt0.o
software_init_hook                                /usr/local/Cellar/gcc-arm-none-eabi/20140408/bin/../lib/gcc/arm-none-eabi/4.7.4/../../../../arm-none-eabi/lib/armv7-m/crt0.o
start                                             /usr/local/Cellar/gcc-arm-none-eabi/20140408/bin/../lib/gcc/arm-none-eabi/4.7.4/../../../../arm-none-eabi/lib/armv7-m/crt0.o
xbee_init                                         lib/lib.a(stbm_uart.o)
                                                  main.o
xbee_send_data                                    lib/lib.a(stbm_uart.o)
                                                  main.o
