Archive member included because of file (symbol)

lib/lib.a(stbm_delay.o)       main.o (delay_ms)
lib/lib.a(stbm_mpu.o)         main.o (mpu_init)
lib/lib.a(stbm_mpu9250.o)     main.o (mpu9250_init)
lib/lib.a(stbm_uart.o)        main.o (xbee_init)
lib/lib.a(tsprintf.o)         main.o (tsprintf)
../../libraries/libstm32f10x.a(misc.o)
                              lib/lib.a(stbm_uart.o) (NVIC_Init)
../../libraries/libstm32f10x.a(stm32f10x_dma.o)
                              lib/lib.a(stbm_uart.o) (DMA_DeInit)
../../libraries/libstm32f10x.a(stm32f10x_gpio.o)
                              main.o (GPIO_Init)
../../libraries/libstm32f10x.a(stm32f10x_rcc.o)
                              lib/lib.a(stbm_uart.o) (RCC_AHBPeriphClockCmd)
../../libraries/libstm32f10x.a(stm32f10x_spi.o)
                              lib/lib.a(stbm_mpu9250.o) (SPI_Init)
../../libraries/libstm32f10x.a(stm32f10x_tim.o)
                              lib/lib.a(stbm_delay.o) (TIM_TimeBaseInit)
../../libraries/libstm32f10x.a(stm32f10x_usart.o)
                              lib/lib.a(stbm_uart.o) (USART_Init)
/usr/local/Cellar/gcc-arm-none-eabi/20140408/bin/../lib/gcc/arm-none-eabi/4.7.4/../../../../arm-none-eabi/lib/armv7-m/libc.a(lib_a-__atexit.o)
                              /usr/local/Cellar/gcc-arm-none-eabi/20140408/bin/../lib/gcc/arm-none-eabi/4.7.4/../../../../arm-none-eabi/lib/armv7-m/crt0.o (__register_exitproc)
/usr/local/Cellar/gcc-arm-none-eabi/20140408/bin/../lib/gcc/arm-none-eabi/4.7.4/../../../../arm-none-eabi/lib/armv7-m/libc.a(lib_a-errno.o)
                              syscalls.o (__errno)
/usr/local/Cellar/gcc-arm-none-eabi/20140408/bin/../lib/gcc/arm-none-eabi/4.7.4/../../../../arm-none-eabi/lib/armv7-m/libc.a(lib_a-exit.o)
                              /usr/local/Cellar/gcc-arm-none-eabi/20140408/bin/../lib/gcc/arm-none-eabi/4.7.4/../../../../arm-none-eabi/lib/armv7-m/crt0.o (exit)
/usr/local/Cellar/gcc-arm-none-eabi/20140408/bin/../lib/gcc/arm-none-eabi/4.7.4/../../../../arm-none-eabi/lib/armv7-m/libc.a(lib_a-fini.o)
                              /usr/local/Cellar/gcc-arm-none-eabi/20140408/bin/../lib/gcc/arm-none-eabi/4.7.4/../../../../arm-none-eabi/lib/armv7-m/crt0.o (__libc_fini_array)
/usr/local/Cellar/gcc-arm-none-eabi/20140408/bin/../lib/gcc/arm-none-eabi/4.7.4/../../../../arm-none-eabi/lib/armv7-m/libc.a(lib_a-impure.o)
                              /usr/local/Cellar/gcc-arm-none-eabi/20140408/bin/../lib/gcc/arm-none-eabi/4.7.4/../../../../arm-none-eabi/lib/armv7-m/libc.a(lib_a-__atexit.o) (_global_impure_ptr)
/usr/local/Cellar/gcc-arm-none-eabi/20140408/bin/../lib/gcc/arm-none-eabi/4.7.4/../../../../arm-none-eabi/lib/armv7-m/libc.a(lib_a-init.o)
                              /usr/local/Cellar/gcc-arm-none-eabi/20140408/bin/../lib/gcc/arm-none-eabi/4.7.4/../../../../arm-none-eabi/lib/armv7-m/crt0.o (__libc_init_array)
/usr/local/Cellar/gcc-arm-none-eabi/20140408/bin/../lib/gcc/arm-none-eabi/4.7.4/../../../../arm-none-eabi/lib/armv7-m/libc.a(lib_a-memset.o)
                              /usr/local/Cellar/gcc-arm-none-eabi/20140408/bin/../lib/gcc/arm-none-eabi/4.7.4/../../../../arm-none-eabi/lib/armv7-m/crt0.o (memset)
/usr/local/Cellar/gcc-arm-none-eabi/20140408/bin/../lib/gcc/arm-none-eabi/4.7.4/../../../../arm-none-eabi/lib/armv7-m/libc.a(lib_a-strlen.o)
                              lib/lib.a(stbm_uart.o) (strlen)
/usr/local/Cellar/gcc-arm-none-eabi/20140408/bin/../lib/gcc/arm-none-eabi/4.7.4/../../../../arm-none-eabi/lib/armv7-m/libc.a(lib_a-__call_atexit.o)
                              /usr/local/Cellar/gcc-arm-none-eabi/20140408/bin/../lib/gcc/arm-none-eabi/4.7.4/../../../../arm-none-eabi/lib/armv7-m/libc.a(lib_a-exit.o) (__call_exitprocs)
/usr/local/Cellar/gcc-arm-none-eabi/20140408/bin/../lib/gcc/arm-none-eabi/4.7.4/../../../../arm-none-eabi/lib/armv7-m/libc.a(lib_a-atexit.o)
                              /usr/local/Cellar/gcc-arm-none-eabi/20140408/bin/../lib/gcc/arm-none-eabi/4.7.4/../../../../arm-none-eabi/lib/armv7-m/libc.a(lib_a-__call_atexit.o) (atexit)

Allocating common symbols
Common symbol       size              file

TxData              0x40              lib/lib.a(stbm_uart.o)

Discarded input sections

 .text          0x0000000000000000        0x0 /usr/local/Cellar/gcc-arm-none-eabi/20140408/bin/../lib/gcc/arm-none-eabi/4.7.4/armv7-m/crti.o
 .data          0x0000000000000000        0x0 /usr/local/Cellar/gcc-arm-none-eabi/20140408/bin/../lib/gcc/arm-none-eabi/4.7.4/armv7-m/crti.o
 .bss           0x0000000000000000        0x0 /usr/local/Cellar/gcc-arm-none-eabi/20140408/bin/../lib/gcc/arm-none-eabi/4.7.4/armv7-m/crti.o
 .init          0x0000000000000000        0x4 /usr/local/Cellar/gcc-arm-none-eabi/20140408/bin/../lib/gcc/arm-none-eabi/4.7.4/armv7-m/crti.o
 .fini          0x0000000000000000        0x4 /usr/local/Cellar/gcc-arm-none-eabi/20140408/bin/../lib/gcc/arm-none-eabi/4.7.4/armv7-m/crti.o
 .ARM.attributes
[...]
Memory Configuration

Name             Origin             Length             Attributes
RAM              0x0000000020000000 0x0000000000005000 xrw
FLASH            0x0000000008003000 0x000000000001d000 xr
FLASHB1          0x0000000000000000 0x0000000000000000 xr
EXTMEMB0         0x0000000000000000 0x0000000000000000 xr
EXTMEMB1         0x0000000000000000 0x0000000000000000 xr
EXTMEMB2         0x0000000000000000 0x0000000000000000 xr
EXTMEMB3         0x0000000000000000 0x0000000000000000 xr
*default*        0x0000000000000000 0xffffffffffffffff

Linker script and memory map

LOAD /usr/local/Cellar/gcc-arm-none-eabi/20140408/bin/../lib/gcc/arm-none-eabi/4.7.4/armv7-m/crti.o
LOAD /usr/local/Cellar/gcc-arm-none-eabi/20140408/bin/../lib/gcc/arm-none-eabi/4.7.4/armv7-m/crtbegin.o
LOAD /usr/local/Cellar/gcc-arm-none-eabi/20140408/bin/../lib/gcc/arm-none-eabi/4.7.4/../../../../arm-none-eabi/lib/armv7-m/crt0.o
LOAD main.o
LOAD stm32f10x_it.o
LOAD syscalls.o
LOAD system_stm32f10x.o
LOAD ../../libraries/CMSIS/Device/ST/STM32F10x/startup/gcc_ride7/startup_stm32f10x_hd.o
LOAD lib/lib.a
LOAD ../../libraries/libstm32f10x.a
LOAD ../../libraries/rtos.a
START GROUP
LOAD /usr/local/Cellar/gcc-arm-none-eabi/20140408/bin/../lib/gcc/arm-none-eabi/4.7.4/armv7-m/libgcc.a
LOAD /usr/local/Cellar/gcc-arm-none-eabi/20140408/bin/../lib/gcc/arm-none-eabi/4.7.4/../../../../arm-none-eabi/lib/armv7-m/libc.a
END GROUP
LOAD /usr/local/Cellar/gcc-arm-none-eabi/20140408/bin/../lib/gcc/arm-none-eabi/4.7.4/armv7-m/crtend.o
LOAD /usr/local/Cellar/gcc-arm-none-eabi/20140408/bin/../lib/gcc/arm-none-eabi/4.7.4/armv7-m/crtn.o
                0x0000000000000400                __Stack_Size = 0x400
                0x0000000000000400                PROVIDE (_Stack_Size, __Stack_Size)
                0x0000000020004c00                __Stack_Init = (_estack - __Stack_Size)
                0x0000000020004c00                PROVIDE (_Stack_Init, __Stack_Init)
                0x0000000000000800                _Minimum_Stack_Size = 0x800
                0x0000000020005000                _estack = 0x20005000

.isr_vector     0x0000000008003000      0x1e4
                0x0000000008003000                . = ALIGN (0x4)
 *(.isr_vector)
 .isr_vector    0x0000000008003000      0x1e4 ../../libraries/CMSIS/Device/ST/STM32F10x/startup/gcc_ride7/startup_stm32f10x_hd.o
                0x0000000008003000                g_pfnVectors
                0x00000000080031e4                . = ALIGN (0x4)

.flashtext      0x00000000080031e4        0x0
                0x00000000080031e4                . = ALIGN (0x4)
 *(.flashtext)
                0x00000000080031e4                . = ALIGN (0x4)

.text           0x00000000080031e4     0x2e50
                0x00000000080031e4                . = ALIGN (0x4)
 *(.text)
 .text          0x00000000080031e4       0x12 stm32f10x_it.o
                0x00000000080031e4                NMI_Handler
                0x00000000080031e6                HardFault_Handler
                0x00000000080031e8                MemManage_Handler
                0x00000000080031ea                BusFault_Handler
                0x00000000080031ec                UsageFault_Handler
                0x00000000080031ee                SVC_Handler
                0x00000000080031f0                DebugMon_Handler
                0x00000000080031f2                PendSV_Handler
                0x00000000080031f4                SysTick_Handler
 *fill*         0x00000000080031f6        0x2 00
 .text          0x00000000080031f8      0x168 system_stm32f10x.o
                0x00000000080031f8                SystemInit
                0x00000000080032f4                SystemCoreClockUpdate
 .text          0x0000000008003360       0x90 lib/lib.a(stbm_delay.o)
                0x0000000008003360                delay_core
                0x000000000800339a                delay_ms
                0x00000000080033c4                delay_us
 .text          0x00000000080033f0      0x680 lib/lib.a(stbm_mpu.o)
                0x00000000080033f0                mpu_init
                0x0000000008003454                mpu_set_gyro_fsr
                0x00000000080034b0                mpu_set_accel_fsr
                0x0000000008003504                mpu_set_lpf
                0x0000000008003564                mpu_set_compass_sample_rate
                0x00000000080035a4                mpu_set_sample_rate
                0x0000000008003610                mpu_set_bypass
                0x00000000080036d8                setup_compass
                0x0000000008003854                mpu_set_int_latched
                0x00000000080038b0                mpu_set_sensors
                0x00000000080039d8                mpu_get_accel_reg
                0x0000000008003a18                mpu_get_gyro_reg
                0x0000000008003a58                mpu_who_am_i
 .text          0x0000000008003a70      0x3ec lib/lib.a(stbm_mpu9250.o)
                0x0000000008003a70                mpu9250_init
                0x0000000008003af4                mpu9250_select_cs
                0x0000000008003b00                mpu9250_deselect_cs
                0x0000000008003b0c                mpu9250_send_byte
                0x0000000008003b40                mpu9250_read
                0x0000000008003b60                mpu9250_reads
                0x0000000008003b8e                mpu9250_write
                0x0000000008003bac                mpu9250_writes
                0x0000000008003bd6                mpu9250_ak8963_read
                0x0000000008003c66                mpu9250_ak8963_reads
                0x0000000008003d10                mpu9250_ak8963_write
                0x0000000008003daa                mpu9250_ak8963_writes
 .text          0x0000000008003e5c      0x1cc lib/lib.a(stbm_uart.o)
                0x0000000008003e5c                xbee_init
                0x0000000008003ee8                xbee_dma_configuration
                0x0000000008003f40                xbee_send_string
                0x0000000008003fa4                xbee_nvic_configuration
                0x0000000008003fc4                DMA1_Channel7_IRQHandler
 .text          0x0000000008004028      0x1f8 lib/lib.a(tsprintf.o)
                0x00000000080040a2                vtsprintf
                0x0000000008004208                tsprintf
 .text          0x0000000008004220       0xc0 ../../libraries/libstm32f10x.a(misc.o)
                0x0000000008004220                NVIC_PriorityGroupConfig
                0x0000000008004234                NVIC_Init
                0x000000000800429c                NVIC_SetVectorTable
                0x00000000080042b0                NVIC_SystemLPConfig
                0x00000000080042c8                SysTick_CLKSourceConfig
 .text          0x00000000080042e0      0x1dc ../../libraries/libstm32f10x.a(stm32f10x_dma.o)
                0x00000000080042e0                DMA_DeInit
                0x00000000080043d0                DMA_Init
                0x0000000008004410                DMA_StructInit
                0x000000000800442a                DMA_Cmd
                0x0000000008004440                DMA_ITConfig
                0x0000000008004450                DMA_SetCurrDataCounter
                0x0000000008004454                DMA_GetCurrDataCounter
                0x000000000800445a                DMA_GetFlagStatus
                0x0000000008004478                DMA_ClearFlag
                0x000000000800448c                DMA_GetITStatus
                0x00000000080044a8                DMA_ClearITPendingBit
 .text          0x00000000080044bc      0x288 ../../libraries/libstm32f10x.a(stm32f10x_gpio.o)
                0x00000000080044bc                GPIO_DeInit
                0x0000000008004568                GPIO_AFIODeInit
                0x000000000800457e                GPIO_Init
                0x000000000800461e                GPIO_StructInit
                0x000000000800462e                GPIO_ReadInputDataBit
                0x000000000800463a                GPIO_ReadInputData
                0x0000000008004640                GPIO_ReadOutputDataBit
                0x000000000800464c                GPIO_ReadOutputData
                0x0000000008004652                GPIO_SetBits
                0x0000000008004656                GPIO_ResetBits
                0x000000000800465a                GPIO_WriteBit
                0x0000000008004664                GPIO_Write
                0x0000000008004668                GPIO_PinLockConfig
                0x0000000008004678                GPIO_EventOutputConfig
                0x0000000008004694                GPIO_EventOutputCmd
                0x00000000080046a0                GPIO_PinRemapConfig
                0x0000000008004704                GPIO_EXTILineConfig
                0x0000000008004738                GPIO_ETH_MediaInterfaceConfig
 .text          0x0000000008004744      0x34c ../../libraries/libstm32f10x.a(stm32f10x_rcc.o)
                0x0000000008004744                RCC_DeInit
                0x0000000008004784                RCC_HSEConfig
                0x00000000080047b8                RCC_AdjustHSICalibrationValue
                0x00000000080047cc                RCC_HSICmd
                0x00000000080047d8                RCC_PLLConfig
                0x00000000080047ec                RCC_PLLCmd
                0x00000000080047f8                RCC_SYSCLKConfig
                0x000000000800480c                RCC_GetSYSCLKSource
                0x000000000800481c                RCC_HCLKConfig
                0x0000000008004830                RCC_PCLK1Config
                0x0000000008004844                RCC_PCLK2Config
                0x0000000008004858                RCC_ITConfig
                0x0000000008004870                RCC_USBCLKConfig
                0x000000000800487c                RCC_ADCCLKConfig
                0x0000000008004890                RCC_LSEConfig
                0x00000000080048b0                RCC_LSICmd
                0x00000000080048bc                RCC_RTCCLKConfig
                0x00000000080048cc                RCC_RTCCLKCmd
                0x00000000080048d8                RCC_GetClocksFreq
                0x0000000008004970                RCC_AHBPeriphClockCmd
                0x0000000008004988                RCC_APB2PeriphClockCmd
                0x00000000080049a0                RCC_APB1PeriphClockCmd
                0x00000000080049b8                RCC_APB2PeriphResetCmd
                0x00000000080049d0                RCC_APB1PeriphResetCmd
                0x00000000080049e8                RCC_BackupResetCmd
                0x00000000080049f4                RCC_ClockSecuritySystemCmd
                0x0000000008004a00                RCC_MCOConfig
                0x0000000008004a0c                RCC_GetFlagStatus
                0x0000000008004a34                RCC_WaitForHSEStartUp
                0x0000000008004a60                RCC_ClearFlag
                0x0000000008004a70                RCC_GetITStatus
                0x0000000008004a84                RCC_ClearITPendingBit
 .text          0x0000000008004a90      0x2cc ../../libraries/libstm32f10x.a(stm32f10x_spi.o)
                0x0000000008004a90                SPI_I2S_DeInit
                0x0000000008004af4                SPI_Init
                0x0000000008004b32                I2S_Init
                0x0000000008004bd8                SPI_StructInit
                0x0000000008004bf0                I2S_StructInit
                0x0000000008004c02                SPI_Cmd
                0x0000000008004c1a                I2S_Cmd
                0x0000000008004c32                SPI_I2S_ITConfig
                0x0000000008004c52                SPI_I2S_DMACmd
                0x0000000008004c64                SPI_I2S_SendData
                0x0000000008004c68                SPI_I2S_ReceiveData
                0x0000000008004c6e                SPI_NSSInternalSoftwareConfig
                0x0000000008004c8c                SPI_SSOutputCmd
                0x0000000008004ca4                SPI_DataSizeConfig
                0x0000000008004cba                SPI_TransmitCRC
                0x0000000008004cc6                SPI_CalculateCRC
                0x0000000008004cde                SPI_GetCRC
                0x0000000008004cea                SPI_GetCRCPolynomial
                0x0000000008004cf0                SPI_BiDirectionalLineConfig
                0x0000000008004d0c                SPI_I2S_GetFlagStatus
                0x0000000008004d18                SPI_I2S_ClearFlag
                0x0000000008004d20                SPI_I2S_GetITStatus
                0x0000000008004d48                SPI_I2S_ClearITPendingBit
 .text          0x0000000008004d5c      0xc9c ../../libraries/libstm32f10x.a(stm32f10x_tim.o)
                0x0000000008004e3c                TIM_DeInit
                0x0000000008004fe8                TIM_TimeBaseInit
                0x000000000800507c                TIM_OC1Init
                0x0000000008005104                TIM_OC2Init
                0x000000000800518c                TIM_OC3Init
                0x0000000008005210                TIM_OC4Init
                0x0000000008005278                TIM_BDTRConfig
                0x000000000800529a                TIM_TimeBaseStructInit
                0x00000000080052ac                TIM_OCStructInit
                0x00000000080052c0                TIM_ICStructInit
                0x00000000080052d0                TIM_BDTRStructInit
                0x00000000080052e2                TIM_Cmd
                0x00000000080052fa                TIM_CtrlPWMOutputs
                0x0000000008005316                TIM_ITConfig
                0x0000000008005328                TIM_GenerateEvent
                0x000000000800532c                TIM_DMAConfig
                0x0000000008005334                TIM_DMACmd
                0x0000000008005346                TIM_InternalClockConfig
                0x0000000008005354                TIM_ITRxExternalClockConfig
                0x000000000800536e                TIM_TIxExternalClockConfig
                0x00000000080053a2                TIM_ETRConfig
                0x00000000080053b6                TIM_ETRClockMode2Config
                0x00000000080053ca                TIM_ETRClockMode1Config
                0x00000000080053e4                TIM_PrescalerConfig
                0x00000000080053ea                TIM_CounterModeConfig
                0x00000000080053fa                TIM_SelectInputTrigger
                0x000000000800540a                TIM_EncoderInterfaceConfig
                0x0000000008005446                TIM_ForcedOC1Config
                0x0000000008005456                TIM_ForcedOC2Config
                0x000000000800546a                TIM_ForcedOC3Config
                0x000000000800547a                TIM_ForcedOC4Config
                0x000000000800548e                TIM_ARRPreloadConfig
                0x00000000080054a6                TIM_SelectCOM
                0x00000000080054be                TIM_SelectCCDMA
                0x00000000080054d6                TIM_CCPreloadControl
                0x00000000080054ee                TIM_OC1PreloadConfig
                0x00000000080054fe                TIM_OC2PreloadConfig
                0x0000000008005512                TIM_OC3PreloadConfig
                0x0000000008005522                TIM_OC4PreloadConfig
                0x0000000008005536                TIM_OC1FastConfig
                0x0000000008005546                TIM_OC2FastConfig
                0x000000000800555a                TIM_OC3FastConfig
                0x000000000800556a                TIM_OC4FastConfig
                0x000000000800557e                TIM_ClearOC1Ref
                0x000000000800558e                TIM_ClearOC2Ref
                0x000000000800559e                TIM_ClearOC3Ref
                0x00000000080055ae                TIM_ClearOC4Ref
                0x00000000080055be                TIM_OC1PolarityConfig
                0x00000000080055ce                TIM_OC1NPolarityConfig
                0x00000000080055de                TIM_OC2PolarityConfig
                0x00000000080055f2                TIM_OC2NPolarityConfig
                0x0000000008005606                TIM_OC3PolarityConfig
                0x000000000800561a                TIM_OC3NPolarityConfig
                0x000000000800562e                TIM_OC4PolarityConfig
                0x0000000008005642                TIM_CCxCmd
                0x0000000008005664                TIM_CCxNCmd
                0x0000000008005686                TIM_SelectOCxM
                0x00000000080056ca                TIM_UpdateDisableConfig
                0x00000000080056e2                TIM_UpdateRequestConfig
                0x00000000080056fa                TIM_SelectHallSensor
                0x0000000008005712                TIM_SelectOnePulseMode
                0x0000000008005728                TIM_SelectOutputTrigger
                0x000000000800573e                TIM_SelectSlaveMode
                0x0000000008005754                TIM_SelectMasterSlaveMode
                0x000000000800576a                TIM_SetCounter
                0x000000000800576e                TIM_SetAutoreload
                0x0000000008005772                TIM_SetCompare1
                0x0000000008005776                TIM_SetCompare2
                0x000000000800577a                TIM_SetCompare3
                0x000000000800577e                TIM_SetCompare4
                0x0000000008005784                TIM_SetIC1Prescaler
                0x000000000800579a                TIM_SetIC2Prescaler
                0x00000000080057b4                TIM_PWMIConfig
                0x0000000008005822                TIM_SetIC3Prescaler
                0x0000000008005838                TIM_SetIC4Prescaler
                0x0000000008005852                TIM_ICInit
                0x0000000008005988                TIM_SetClockDivision
                0x000000000800599e                TIM_GetCapture1
                0x00000000080059a4                TIM_GetCapture2
                0x00000000080059aa                TIM_GetCapture3
                0x00000000080059b0                TIM_GetCapture4
                0x00000000080059b8                TIM_GetCounter
                0x00000000080059be                TIM_GetPrescaler
                0x00000000080059c4                TIM_GetFlagStatus
                0x00000000080059d0                TIM_ClearFlag
                0x00000000080059d8                TIM_GetITStatus
                0x00000000080059ee                TIM_ClearITPendingBit
 .text          0x00000000080059f8      0x3a4 ../../libraries/libstm32f10x.a(stm32f10x_usart.o)
                0x00000000080059f8                USART_DeInit
                0x0000000008005a90                USART_Init
                0x0000000008005b40                USART_StructInit
                0x0000000008005b56                USART_ClockInit
                0x0000000008005b76                USART_ClockStructInit
                0x0000000008005b82                USART_Cmd
                0x0000000008005b9a                USART_ITConfig
                0x0000000008005bce                USART_DMACmd
                0x0000000008005be0                USART_SetAddress
                0x0000000008005bf6                USART_WakeUpConfig
                0x0000000008005c0c                USART_ReceiverWakeUpCmd
                0x0000000008005c24                USART_LINBreakDetectLengthConfig
                0x0000000008005c3a                USART_LINCmd
                0x0000000008005c52                USART_SendData
                0x0000000008005c5a                USART_ReceiveData
                0x0000000008005c62                USART_SendBreak
                0x0000000008005c6e                USART_SetGuardTime
                0x0000000008005c80                USART_SetPrescaler
                0x0000000008005c92                USART_SmartCardCmd
                0x0000000008005caa                USART_SmartCardNACKCmd
                0x0000000008005cc2                USART_HalfDuplexCmd
                0x0000000008005cda                USART_OverSampling8Cmd
                0x0000000008005cf2                USART_OneBitMethodCmd
                0x0000000008005d0a                USART_IrDAConfig
                0x0000000008005d20                USART_IrDACmd
                0x0000000008005d38                USART_GetFlagStatus
                0x0000000008005d44                USART_ClearFlag
                0x0000000008005d4c                USART_GetITStatus
                0x0000000008005d8c                USART_ClearITPendingBit
 *(.text.*)
 .text.startup  0x0000000008005d9c      0x18c main.o
                0x0000000008005d9c                main
 .text.Reset_Handler
                0x0000000008005f28       0x4c ../../libraries/CMSIS/Device/ST/STM32F10x/startup/gcc_ride7/startup_stm32f10x_hd.o
                0x0000000008005f28                Reset_Handler
 .text.Default_Handler
                0x0000000008005f74        0x4 ../../libraries/CMSIS/Device/ST/STM32F10x/startup/gcc_ride7/startup_stm32f10x_hd.o
                0x0000000008005f74                DMA2_Channel3_IRQHandler
                0x0000000008005f74                TIM8_TRG_COM_IRQHandler
                0x0000000008005f74                TIM8_CC_IRQHandler
                0x0000000008005f74                TIM1_CC_IRQHandler
                0x0000000008005f74                TIM6_IRQHandler
                0x0000000008005f74                PVD_IRQHandler
                0x0000000008005f74                SDIO_IRQHandler
                0x0000000008005f74                EXTI3_IRQHandler
                0x0000000008005f74                EXTI0_IRQHandler
                0x0000000008005f74                I2C2_EV_IRQHandler
                0x0000000008005f74                ADC1_2_IRQHandler
                0x0000000008005f74                SPI1_IRQHandler
                0x0000000008005f74                TAMPER_IRQHandler
                0x0000000008005f74                TIM8_UP_IRQHandler
                0x0000000008005f74                DMA2_Channel2_IRQHandler
                0x0000000008005f74                DMA1_Channel4_IRQHandler
                0x0000000008005f74                USART3_IRQHandler
                0x0000000008005f74                RTC_IRQHandler
                0x0000000008005f74                CAN1_RX1_IRQHandler
                0x0000000008005f74                UART5_IRQHandler
                0x0000000008005f74                ADC3_IRQHandler
                0x0000000008005f74                TIM4_IRQHandler
                0x0000000008005f74                DMA2_Channel1_IRQHandler
                0x0000000008005f74                I2C1_EV_IRQHandler
                0x0000000008005f74                DMA1_Channel6_IRQHandler
                0x0000000008005f74                UART4_IRQHandler
                0x0000000008005f74                TIM3_IRQHandler
                0x0000000008005f74                RCC_IRQHandler
                0x0000000008005f74                TIM1_TRG_COM_IRQHandler
                0x0000000008005f74                DMA1_Channel1_IRQHandler
                0x0000000008005f74                Default_Handler
                0x0000000008005f74                EXTI15_10_IRQHandler
                0x0000000008005f74                TIM7_IRQHandler
                0x0000000008005f74                TIM5_IRQHandler
                0x0000000008005f74                EXTI9_5_IRQHandler
                0x0000000008005f74                SPI2_IRQHandler
                0x0000000008005f74                DMA1_Channel5_IRQHandler
                0x0000000008005f74                EXTI4_IRQHandler
                0x0000000008005f74                USB_LP_CAN1_RX0_IRQHandler
                0x0000000008005f74                USB_HP_CAN1_TX_IRQHandler
                0x0000000008005f74                DMA1_Channel3_IRQHandler
                0x0000000008005f74                FSMC_IRQHandler
                0x0000000008005f74                TIM1_UP_IRQHandler
                0x0000000008005f74                WWDG_IRQHandler
                0x0000000008005f74                TIM2_IRQHandler
                0x0000000008005f74                TIM1_BRK_IRQHandler
                0x0000000008005f74                EXTI1_IRQHandler
                0x0000000008005f74                RTCAlarm_IRQHandler
                0x0000000008005f74                DMA2_Channel4_5_IRQHandler
                0x0000000008005f74                USART2_IRQHandler
                0x0000000008005f74                I2C2_ER_IRQHandler
                0x0000000008005f74                DMA1_Channel2_IRQHandler
                0x0000000008005f74                TIM8_BRK_IRQHandler
                0x0000000008005f74                CAN1_SCE_IRQHandler
                0x0000000008005f74                FLASH_IRQHandler
                0x0000000008005f74                USART1_IRQHandler
                0x0000000008005f74                SPI3_IRQHandler
                0x0000000008005f74                I2C1_ER_IRQHandler
                0x0000000008005f74                USBWakeUp_IRQHandler
                0x0000000008005f74                EXTI2_IRQHandler
 .text.strlen   0x0000000008005f78       0x60 /usr/local/Cellar/gcc-arm-none-eabi/20140408/bin/../lib/gcc/arm-none-eabi/4.7.4/../../../../arm-none-eabi/lib/armv7-m/libc.a(lib_a-strlen.o)
                0x0000000008005f78                strlen
 *(.rodata)
 *(.rodata*)
 .rodata.str1.1
                0x0000000008005fd8       0x5c main.o
 *(.glue_7)
 .glue_7        0x0000000000000000        0x0 linker stubs
 *(.glue_7t)
 .glue_7t       0x0000000000000000        0x0 linker stubs
                0x0000000008006034                . = ALIGN (0x4)
                0x0000000008006034                _etext = .
                0x0000000008006034                _sidata = _etext

.vfp11_veneer   0x0000000008006034        0x0
 .vfp11_veneer  0x0000000000000000        0x0 linker stubs

.v4_bx          0x0000000008006034        0x0
 .v4_bx         0x0000000000000000        0x0 linker stubs

.iplt           0x0000000008006034        0x0
 .iplt          0x0000000000000000        0x0 /usr/local/Cellar/gcc-arm-none-eabi/20140408/bin/../lib/gcc/arm-none-eabi/4.7.4/armv7-m/crtbegin.o

.rel.dyn        0x0000000008006034        0x0
 .rel.iplt      0x0000000000000000        0x0 /usr/local/Cellar/gcc-arm-none-eabi/20140408/bin/../lib/gcc/arm-none-eabi/4.7.4/armv7-m/crtbegin.o

.data           0x0000000020000000       0x3c load address 0x0000000008006034
                0x0000000020000000                . = ALIGN (0x4)
                0x0000000020000000                _sdata = .
 *(.data)
 .data          0x0000000020000000       0x14 system_stm32f10x.o
                0x0000000020000000                SystemCoreClock
                0x0000000020000004                AHBPrescTable
 .data          0x0000000020000014       0x14 lib/lib.a(stbm_delay.o)
                0x0000000020000014                TIM_TimeBaseStructureMili
                0x000000002000001e                TIM_TimeBaseStructureMicro
 .data          0x0000000020000028       0x14 ../../libraries/libstm32f10x.a(stm32f10x_rcc.o)
 *(.data.*)
                0x000000002000003c                . = ALIGN (0x4)
                0x000000002000003c                _edata = .

.igot.plt       0x000000002000003c        0x0 load address 0x0000000008006070
 .igot.plt      0x0000000000000000        0x0 /usr/local/Cellar/gcc-arm-none-eabi/20140408/bin/../lib/gcc/arm-none-eabi/4.7.4/armv7-m/crtbegin.o

.bss            0x000000002000003c       0x70 load address 0x0000000008006070
                0x000000002000003c                . = ALIGN (0x4)
                0x000000002000003c                _sbss = .
 *(.bss)
 .bss           0x000000002000003c       0x2c lib/lib.a(stbm_mpu.o)
 .bss           0x0000000020000068        0x2 lib/lib.a(stbm_uart.o)
                0x0000000020000068                index_tx_current
                0x0000000020000069                index_tx_add
 *(COMMON)
 *fill*         0x000000002000006a        0x2 00
 COMMON         0x000000002000006c       0x40 lib/lib.a(stbm_uart.o)
                0x000000002000006c                TxData
                0x00000000200000ac                . = ALIGN (0x4)
                0x00000000200000ac                _ebss = .
                0x00000000200000ac                PROVIDE (end, _ebss)
                0x00000000200000ac                PROVIDE (_end, _ebss)

._usrstack      0x00000000200000ac      0x800 load address 0x00000000080060e0
                0x00000000200000ac                . = ALIGN (0x4)
                0x00000000200000ac                _susrstack = .
                0x00000000200008ac                . = (. + _Minimum_Stack_Size)
 *fill*         0x00000000200000ac      0x800 00
                0x00000000200008ac                . = ALIGN (0x4)
                0x00000000200008ac                _eusrstack = .

.b1text
 *(.b1text)
 *(.b1rodata)
 *(.b1rodata*)

.eb0text
 *(.eb0text)
 *(.eb0rodata)
 *(.eb0rodata*)

.eb1text
 *(.eb1text)
 *(.eb1rodata)
 *(.eb1rodata*)

.eb2text
 *(.eb2text)
 *(.eb2rodata)
 *(.eb2rodata*)

.eb3text
 *(.eb3text)
 *(.eb3rodata)
 *(.eb3rodata*)

DISCARD
 libc.a(*)
 libm.a(*)
 libgcc.a(*)

.stab
 *(.stab)

.stabstr
 *(.stabstr)

.stab.excl
 *(.stab.excl)

.stab.exclstr
 *(.stab.exclstr)

.stab.index
 *(.stab.index)

.stab.indexstr
 *(.stab.indexstr)

.comment        0x0000000000000000       0x70
 *(.comment)
 .comment       0x0000000000000000       0x70 main.o
                                         0x71 (size before relaxing)
 .comment       0x0000000000000000       0x71 stm32f10x_it.o
 .comment       0x0000000000000000       0x71 system_stm32f10x.o
 .comment       0x0000000000000000       0x71 lib/lib.a(stbm_delay.o)
 .comment       0x0000000000000000       0x71 lib/lib.a(stbm_mpu.o)
 .comment       0x0000000000000000       0x71 lib/lib.a(stbm_mpu9250.o)
 .comment       0x0000000000000000       0x71 lib/lib.a(stbm_uart.o)
 .comment       0x0000000000000000       0x71 lib/lib.a(tsprintf.o)
 .comment       0x0000000000000000       0x71 ../../libraries/libstm32f10x.a(misc.o)
 .comment       0x0000000000000000       0x71 ../../libraries/libstm32f10x.a(stm32f10x_dma.o)
 .comment       0x0000000000000000       0x71 ../../libraries/libstm32f10x.a(stm32f10x_gpio.o)
 .comment       0x0000000000000000       0x71 ../../libraries/libstm32f10x.a(stm32f10x_rcc.o)
 .comment       0x0000000000000000       0x71 ../../libraries/libstm32f10x.a(stm32f10x_spi.o)
 .comment       0x0000000000000000       0x71 ../../libraries/libstm32f10x.a(stm32f10x_tim.o)
 .comment       0x0000000000000000       0x71 ../../libraries/libstm32f10x.a(stm32f10x_usart.o)

.ARM.attributes
                0x0000000000000000       0x29
 .ARM.attributes
                0x0000000000000000       0x33 main.o
 .ARM.attributes
                0x0000000000000033       0x33 stm32f10x_it.o
 .ARM.attributes
                0x0000000000000066       0x33 system_stm32f10x.o
 .ARM.attributes
                0x0000000000000099       0x21 ../../libraries/CMSIS/Device/ST/STM32F10x/startup/gcc_ride7/startup_stm32f10x_hd.o
 .ARM.attributes
                0x00000000000000ba       0x33 lib/lib.a(stbm_delay.o)
 .ARM.attributes
                0x00000000000000ed       0x33 lib/lib.a(stbm_mpu.o)
 .ARM.attributes
                0x0000000000000120       0x33 lib/lib.a(stbm_mpu9250.o)
 .ARM.attributes
                0x0000000000000153       0x33 lib/lib.a(stbm_uart.o)
 .ARM.attributes
                0x0000000000000186       0x33 lib/lib.a(tsprintf.o)
 .ARM.attributes
                0x00000000000001b9       0x33 ../../libraries/libstm32f10x.a(misc.o)
 .ARM.attributes
                0x00000000000001ec       0x33 ../../libraries/libstm32f10x.a(stm32f10x_dma.o)
 .ARM.attributes
                0x000000000000021f       0x33 ../../libraries/libstm32f10x.a(stm32f10x_gpio.o)
 .ARM.attributes
                0x0000000000000252       0x33 ../../libraries/libstm32f10x.a(stm32f10x_rcc.o)
 .ARM.attributes
                0x0000000000000285       0x33 ../../libraries/libstm32f10x.a(stm32f10x_spi.o)
 .ARM.attributes
                0x00000000000002b8       0x33 ../../libraries/libstm32f10x.a(stm32f10x_tim.o)
 .ARM.attributes
                0x00000000000002eb       0x33 ../../libraries/libstm32f10x.a(stm32f10x_usart.o)
 .ARM.attributes
                0x000000000000031e       0x2d /usr/local/Cellar/gcc-arm-none-eabi/20140408/bin/../lib/gcc/arm-none-eabi/4.7.4/../../../../arm-none-eabi/lib/armv7-m/libc.a(lib_a-strlen.o)

.debug
 *(.debug)

.line
 *(.line)

.debug_srcinfo
 *(.debug_srcinfo)

.debug_sfnames
 *(.debug_sfnames)

.debug_aranges
 *(.debug_aranges)

.debug_pubnames
 *(.debug_pubnames)

.debug_info
 *(.debug_info .gnu.linkonce.wi.*)

.debug_abbrev
 *(.debug_abbrev)

.debug_line
 *(.debug_line)

.debug_frame    0x0000000000000000       0x20
 *(.debug_frame)
 .debug_frame   0x0000000000000000       0x20 /usr/local/Cellar/gcc-arm-none-eabi/20140408/bin/../lib/gcc/arm-none-eabi/4.7.4/../../../../arm-none-eabi/lib/armv7-m/libc.a(lib_a-strlen.o)

.debug_str
 *(.debug_str)

.debug_loc
 *(.debug_loc)

.debug_macinfo
 *(.debug_macinfo)

.debug_weaknames
 *(.debug_weaknames)

.debug_funcnames
 *(.debug_funcnames)

.debug_typenames
 *(.debug_typenames)

.debug_varnames
 *(.debug_varnames)
OUTPUT(bin/main.elf elf32-littlearm)

Cross Reference Table

Symbol                                            File
ADC1_2_IRQHandler                                 ../../libraries/CMSIS/Device/ST/STM32F10x/startup/gcc_ride7/startup_stm32f10x_hd.o
ADC3_IRQHandler                                   ../../libraries/CMSIS/Device/ST/STM32F10x/startup/gcc_ride7/startup_stm32f10x_hd.o
AHBPrescTable                                     system_stm32f10x.o
BusFault_Handler                                  stm32f10x_it.o
CAN1_RX1_IRQHandler                               ../../libraries/CMSIS/Device/ST/STM32F10x/startup/gcc_ride7/startup_stm32f10x_hd.o
CAN1_SCE_IRQHandler                               ../../libraries/CMSIS/Device/ST/STM32F10x/startup/gcc_ride7/startup_stm32f10x_hd.o
DMA1_Channel1_IRQHandler                          ../../libraries/CMSIS/Device/ST/STM32F10x/startup/gcc_ride7/startup_stm32f10x_hd.o
DMA1_Channel2_IRQHandler                          ../../libraries/CMSIS/Device/ST/STM32F10x/startup/gcc_ride7/startup_stm32f10x_hd.o
DMA1_Channel3_IRQHandler                          ../../libraries/CMSIS/Device/ST/STM32F10x/startup/gcc_ride7/startup_stm32f10x_hd.o
DMA1_Channel4_IRQHandler                          ../../libraries/CMSIS/Device/ST/STM32F10x/startup/gcc_ride7/startup_stm32f10x_hd.o
DMA1_Channel5_IRQHandler                          ../../libraries/CMSIS/Device/ST/STM32F10x/startup/gcc_ride7/startup_stm32f10x_hd.o
DMA1_Channel6_IRQHandler                          ../../libraries/CMSIS/Device/ST/STM32F10x/startup/gcc_ride7/startup_stm32f10x_hd.o
DMA1_Channel7_IRQHandler                          lib/lib.a(stbm_uart.o)
                                                  ../../libraries/CMSIS/Device/ST/STM32F10x/startup/gcc_ride7/startup_stm32f10x_hd.o
DMA2_Channel1_IRQHandler                          ../../libraries/CMSIS/Device/ST/STM32F10x/startup/gcc_ride7/startup_stm32f10x_hd.o
DMA2_Channel2_IRQHandler                          ../../libraries/CMSIS/Device/ST/STM32F10x/startup/gcc_ride7/startup_stm32f10x_hd.o
DMA2_Channel3_IRQHandler                          ../../libraries/CMSIS/Device/ST/STM32F10x/startup/gcc_ride7/startup_stm32f10x_hd.o
DMA2_Channel4_5_IRQHandler                        ../../libraries/CMSIS/Device/ST/STM32F10x/startup/gcc_ride7/startup_stm32f10x_hd.o
DMA_ClearFlag                                     ../../libraries/libstm32f10x.a(stm32f10x_dma.o)
DMA_ClearITPendingBit                             ../../libraries/libstm32f10x.a(stm32f10x_dma.o)
                                                  lib/lib.a(stbm_uart.o)
DMA_Cmd                                           ../../libraries/libstm32f10x.a(stm32f10x_dma.o)
                                                  lib/lib.a(stbm_uart.o)
DMA_DeInit                                        ../../libraries/libstm32f10x.a(stm32f10x_dma.o)
                                                  lib/lib.a(stbm_uart.o)
DMA_GetCurrDataCounter                            ../../libraries/libstm32f10x.a(stm32f10x_dma.o)
DMA_GetFlagStatus                                 ../../libraries/libstm32f10x.a(stm32f10x_dma.o)
DMA_GetITStatus                                   ../../libraries/libstm32f10x.a(stm32f10x_dma.o)
                                                  lib/lib.a(stbm_uart.o)
DMA_ITConfig                                      ../../libraries/libstm32f10x.a(stm32f10x_dma.o)
                                                  lib/lib.a(stbm_uart.o)
DMA_Init                                          ../../libraries/libstm32f10x.a(stm32f10x_dma.o)
                                                  lib/lib.a(stbm_uart.o)
DMA_SetCurrDataCounter                            ../../libraries/libstm32f10x.a(stm32f10x_dma.o)
DMA_StructInit                                    ../../libraries/libstm32f10x.a(stm32f10x_dma.o)
DebugMon_Handler                                  stm32f10x_it.o
Default_Handler                                   ../../libraries/CMSIS/Device/ST/STM32F10x/startup/gcc_ride7/startup_stm32f10x_hd.o
EXTI0_IRQHandler                                  ../../libraries/CMSIS/Device/ST/STM32F10x/startup/gcc_ride7/startup_stm32f10x_hd.o
EXTI15_10_IRQHandler                              ../../libraries/CMSIS/Device/ST/STM32F10x/startup/gcc_ride7/startup_stm32f10x_hd.o
EXTI1_IRQHandler                                  ../../libraries/CMSIS/Device/ST/STM32F10x/startup/gcc_ride7/startup_stm32f10x_hd.o
EXTI2_IRQHandler                                  ../../libraries/CMSIS/Device/ST/STM32F10x/startup/gcc_ride7/startup_stm32f10x_hd.o
EXTI3_IRQHandler                                  ../../libraries/CMSIS/Device/ST/STM32F10x/startup/gcc_ride7/startup_stm32f10x_hd.o
EXTI4_IRQHandler                                  ../../libraries/CMSIS/Device/ST/STM32F10x/startup/gcc_ride7/startup_stm32f10x_hd.o
EXTI9_5_IRQHandler                                ../../libraries/CMSIS/Device/ST/STM32F10x/startup/gcc_ride7/startup_stm32f10x_hd.o
FLASH_IRQHandler                                  ../../libraries/CMSIS/Device/ST/STM32F10x/startup/gcc_ride7/startup_stm32f10x_hd.o
FSMC_IRQHandler                                   ../../libraries/CMSIS/Device/ST/STM32F10x/startup/gcc_ride7/startup_stm32f10x_hd.o
GPIO_AFIODeInit                                   ../../libraries/libstm32f10x.a(stm32f10x_gpio.o)
GPIO_DeInit                                       ../../libraries/libstm32f10x.a(stm32f10x_gpio.o)
GPIO_ETH_MediaInterfaceConfig                     ../../libraries/libstm32f10x.a(stm32f10x_gpio.o)
GPIO_EXTILineConfig                               ../../libraries/libstm32f10x.a(stm32f10x_gpio.o)
GPIO_EventOutputCmd                               ../../libraries/libstm32f10x.a(stm32f10x_gpio.o)
GPIO_EventOutputConfig                            ../../libraries/libstm32f10x.a(stm32f10x_gpio.o)
GPIO_Init                                         ../../libraries/libstm32f10x.a(stm32f10x_gpio.o)
                                                  lib/lib.a(stbm_uart.o)
                                                  lib/lib.a(stbm_mpu9250.o)
                                                  main.o
GPIO_PinLockConfig                                ../../libraries/libstm32f10x.a(stm32f10x_gpio.o)
GPIO_PinRemapConfig                               ../../libraries/libstm32f10x.a(stm32f10x_gpio.o)
GPIO_ReadInputData                                ../../libraries/libstm32f10x.a(stm32f10x_gpio.o)
GPIO_ReadInputDataBit                             ../../libraries/libstm32f10x.a(stm32f10x_gpio.o)
GPIO_ReadOutputData                               ../../libraries/libstm32f10x.a(stm32f10x_gpio.o)
GPIO_ReadOutputDataBit                            ../../libraries/libstm32f10x.a(stm32f10x_gpio.o)
GPIO_ResetBits                                    ../../libraries/libstm32f10x.a(stm32f10x_gpio.o)
                                                  lib/lib.a(stbm_mpu9250.o)
                                                  main.o
GPIO_SetBits                                      ../../libraries/libstm32f10x.a(stm32f10x_gpio.o)
                                                  lib/lib.a(stbm_mpu9250.o)
                                                  main.o
GPIO_StructInit                                   ../../libraries/libstm32f10x.a(stm32f10x_gpio.o)
GPIO_Write                                        ../../libraries/libstm32f10x.a(stm32f10x_gpio.o)
GPIO_WriteBit                                     ../../libraries/libstm32f10x.a(stm32f10x_gpio.o)
HardFault_Handler                                 stm32f10x_it.o
I2C1_ER_IRQHandler                                ../../libraries/CMSIS/Device/ST/STM32F10x/startup/gcc_ride7/startup_stm32f10x_hd.o
I2C1_EV_IRQHandler                                ../../libraries/CMSIS/Device/ST/STM32F10x/startup/gcc_ride7/startup_stm32f10x_hd.o
I2C2_ER_IRQHandler                                ../../libraries/CMSIS/Device/ST/STM32F10x/startup/gcc_ride7/startup_stm32f10x_hd.o
I2C2_EV_IRQHandler                                ../../libraries/CMSIS/Device/ST/STM32F10x/startup/gcc_ride7/startup_stm32f10x_hd.o
I2S_Cmd                                           ../../libraries/libstm32f10x.a(stm32f10x_spi.o)
I2S_Init                                          ../../libraries/libstm32f10x.a(stm32f10x_spi.o)
I2S_StructInit                                    ../../libraries/libstm32f10x.a(stm32f10x_spi.o)
MemManage_Handler                                 stm32f10x_it.o
Message_A                                         main.o
Message_B                                         main.o
Message_C                                         main.o
Message_D                                         main.o
Message_E                                         main.o
NMI_Handler                                       stm32f10x_it.o
NVIC_Init                                         ../../libraries/libstm32f10x.a(misc.o)
                                                  lib/lib.a(stbm_uart.o)
NVIC_PriorityGroupConfig                          ../../libraries/libstm32f10x.a(misc.o)
NVIC_SetVectorTable                               ../../libraries/libstm32f10x.a(misc.o)
                                                  main.o
NVIC_SystemLPConfig                               ../../libraries/libstm32f10x.a(misc.o)
PVD_IRQHandler                                    ../../libraries/CMSIS/Device/ST/STM32F10x/startup/gcc_ride7/startup_stm32f10x_hd.o
PendSV_Handler                                    stm32f10x_it.o
RCC_ADCCLKConfig                                  ../../libraries/libstm32f10x.a(stm32f10x_rcc.o)
RCC_AHBPeriphClockCmd                             ../../libraries/libstm32f10x.a(stm32f10x_rcc.o)
                                                  lib/lib.a(stbm_uart.o)
RCC_APB1PeriphClockCmd                            ../../libraries/libstm32f10x.a(stm32f10x_rcc.o)
                                                  lib/lib.a(stbm_uart.o)
                                                  lib/lib.a(stbm_delay.o)
RCC_APB1PeriphResetCmd                            ../../libraries/libstm32f10x.a(stm32f10x_rcc.o)
                                                  ../../libraries/libstm32f10x.a(stm32f10x_usart.o)
                                                  ../../libraries/libstm32f10x.a(stm32f10x_tim.o)
                                                  ../../libraries/libstm32f10x.a(stm32f10x_spi.o)
RCC_APB2PeriphClockCmd                            ../../libraries/libstm32f10x.a(stm32f10x_rcc.o)
                                                  lib/lib.a(stbm_uart.o)
                                                  lib/lib.a(stbm_mpu9250.o)
                                                  main.o
RCC_APB2PeriphResetCmd                            ../../libraries/libstm32f10x.a(stm32f10x_rcc.o)
                                                  ../../libraries/libstm32f10x.a(stm32f10x_usart.o)
                                                  ../../libraries/libstm32f10x.a(stm32f10x_tim.o)
                                                  ../../libraries/libstm32f10x.a(stm32f10x_spi.o)
                                                  ../../libraries/libstm32f10x.a(stm32f10x_gpio.o)
RCC_AdjustHSICalibrationValue                     ../../libraries/libstm32f10x.a(stm32f10x_rcc.o)
RCC_BackupResetCmd                                ../../libraries/libstm32f10x.a(stm32f10x_rcc.o)
RCC_ClearFlag                                     ../../libraries/libstm32f10x.a(stm32f10x_rcc.o)
RCC_ClearITPendingBit                             ../../libraries/libstm32f10x.a(stm32f10x_rcc.o)
RCC_ClockSecuritySystemCmd                        ../../libraries/libstm32f10x.a(stm32f10x_rcc.o)
RCC_DeInit                                        ../../libraries/libstm32f10x.a(stm32f10x_rcc.o)
RCC_GetClocksFreq                                 ../../libraries/libstm32f10x.a(stm32f10x_rcc.o)
                                                  ../../libraries/libstm32f10x.a(stm32f10x_usart.o)
                                                  ../../libraries/libstm32f10x.a(stm32f10x_spi.o)
RCC_GetFlagStatus                                 ../../libraries/libstm32f10x.a(stm32f10x_rcc.o)
RCC_GetITStatus                                   ../../libraries/libstm32f10x.a(stm32f10x_rcc.o)
RCC_GetSYSCLKSource                               ../../libraries/libstm32f10x.a(stm32f10x_rcc.o)
RCC_HCLKConfig                                    ../../libraries/libstm32f10x.a(stm32f10x_rcc.o)
RCC_HSEConfig                                     ../../libraries/libstm32f10x.a(stm32f10x_rcc.o)
RCC_HSICmd                                        ../../libraries/libstm32f10x.a(stm32f10x_rcc.o)
RCC_IRQHandler                                    ../../libraries/CMSIS/Device/ST/STM32F10x/startup/gcc_ride7/startup_stm32f10x_hd.o
RCC_ITConfig                                      ../../libraries/libstm32f10x.a(stm32f10x_rcc.o)
RCC_LSEConfig                                     ../../libraries/libstm32f10x.a(stm32f10x_rcc.o)
RCC_LSICmd                                        ../../libraries/libstm32f10x.a(stm32f10x_rcc.o)
RCC_MCOConfig                                     ../../libraries/libstm32f10x.a(stm32f10x_rcc.o)
RCC_PCLK1Config                                   ../../libraries/libstm32f10x.a(stm32f10x_rcc.o)
RCC_PCLK2Config                                   ../../libraries/libstm32f10x.a(stm32f10x_rcc.o)
RCC_PLLCmd                                        ../../libraries/libstm32f10x.a(stm32f10x_rcc.o)
RCC_PLLConfig                                     ../../libraries/libstm32f10x.a(stm32f10x_rcc.o)
RCC_RTCCLKCmd                                     ../../libraries/libstm32f10x.a(stm32f10x_rcc.o)
RCC_RTCCLKConfig                                  ../../libraries/libstm32f10x.a(stm32f10x_rcc.o)
RCC_SYSCLKConfig                                  ../../libraries/libstm32f10x.a(stm32f10x_rcc.o)
RCC_USBCLKConfig                                  ../../libraries/libstm32f10x.a(stm32f10x_rcc.o)
RCC_WaitForHSEStartUp                             ../../libraries/libstm32f10x.a(stm32f10x_rcc.o)
RTCAlarm_IRQHandler                               ../../libraries/CMSIS/Device/ST/STM32F10x/startup/gcc_ride7/startup_stm32f10x_hd.o
RTC_IRQHandler                                    ../../libraries/CMSIS/Device/ST/STM32F10x/startup/gcc_ride7/startup_stm32f10x_hd.o
Reset_Handler                                     ../../libraries/CMSIS/Device/ST/STM32F10x/startup/gcc_ride7/startup_stm32f10x_hd.o
SDIO_IRQHandler                                   ../../libraries/CMSIS/Device/ST/STM32F10x/startup/gcc_ride7/startup_stm32f10x_hd.o
SPI1_IRQHandler                                   ../../libraries/CMSIS/Device/ST/STM32F10x/startup/gcc_ride7/startup_stm32f10x_hd.o
SPI2_IRQHandler                                   ../../libraries/CMSIS/Device/ST/STM32F10x/startup/gcc_ride7/startup_stm32f10x_hd.o
SPI3_IRQHandler                                   ../../libraries/CMSIS/Device/ST/STM32F10x/startup/gcc_ride7/startup_stm32f10x_hd.o
SPI_BiDirectionalLineConfig                       ../../libraries/libstm32f10x.a(stm32f10x_spi.o)
SPI_CalculateCRC                                  ../../libraries/libstm32f10x.a(stm32f10x_spi.o)
SPI_Cmd                                           ../../libraries/libstm32f10x.a(stm32f10x_spi.o)
                                                  lib/lib.a(stbm_mpu9250.o)
SPI_DataSizeConfig                                ../../libraries/libstm32f10x.a(stm32f10x_spi.o)
SPI_GetCRC                                        ../../libraries/libstm32f10x.a(stm32f10x_spi.o)
SPI_GetCRCPolynomial                              ../../libraries/libstm32f10x.a(stm32f10x_spi.o)
SPI_I2S_ClearFlag                                 ../../libraries/libstm32f10x.a(stm32f10x_spi.o)
SPI_I2S_ClearITPendingBit                         ../../libraries/libstm32f10x.a(stm32f10x_spi.o)
SPI_I2S_DMACmd                                    ../../libraries/libstm32f10x.a(stm32f10x_spi.o)
SPI_I2S_DeInit                                    ../../libraries/libstm32f10x.a(stm32f10x_spi.o)
SPI_I2S_GetFlagStatus                             ../../libraries/libstm32f10x.a(stm32f10x_spi.o)
                                                  lib/lib.a(stbm_mpu9250.o)
SPI_I2S_GetITStatus                               ../../libraries/libstm32f10x.a(stm32f10x_spi.o)
SPI_I2S_ITConfig                                  ../../libraries/libstm32f10x.a(stm32f10x_spi.o)
SPI_I2S_ReceiveData                               ../../libraries/libstm32f10x.a(stm32f10x_spi.o)
                                                  lib/lib.a(stbm_mpu9250.o)
SPI_I2S_SendData                                  ../../libraries/libstm32f10x.a(stm32f10x_spi.o)
                                                  lib/lib.a(stbm_mpu9250.o)
SPI_Init                                          ../../libraries/libstm32f10x.a(stm32f10x_spi.o)
                                                  lib/lib.a(stbm_mpu9250.o)
SPI_NSSInternalSoftwareConfig                     ../../libraries/libstm32f10x.a(stm32f10x_spi.o)
SPI_SSOutputCmd                                   ../../libraries/libstm32f10x.a(stm32f10x_spi.o)
SPI_StructInit                                    ../../libraries/libstm32f10x.a(stm32f10x_spi.o)
SPI_TransmitCRC                                   ../../libraries/libstm32f10x.a(stm32f10x_spi.o)
SVC_Handler                                       stm32f10x_it.o
SysTick_CLKSourceConfig                           ../../libraries/libstm32f10x.a(misc.o)
SysTick_Handler                                   stm32f10x_it.o
SystemCoreClock                                   system_stm32f10x.o
SystemCoreClockUpdate                             system_stm32f10x.o
SystemInit                                        system_stm32f10x.o
                                                  ../../libraries/CMSIS/Device/ST/STM32F10x/startup/gcc_ride7/startup_stm32f10x_hd.o
                                                  main.o
TAMPER_IRQHandler                                 ../../libraries/CMSIS/Device/ST/STM32F10x/startup/gcc_ride7/startup_stm32f10x_hd.o
TIM1_BRK_IRQHandler                               ../../libraries/CMSIS/Device/ST/STM32F10x/startup/gcc_ride7/startup_stm32f10x_hd.o
TIM1_CC_IRQHandler                                ../../libraries/CMSIS/Device/ST/STM32F10x/startup/gcc_ride7/startup_stm32f10x_hd.o
TIM1_TRG_COM_IRQHandler                           ../../libraries/CMSIS/Device/ST/STM32F10x/startup/gcc_ride7/startup_stm32f10x_hd.o
TIM1_UP_IRQHandler                                ../../libraries/CMSIS/Device/ST/STM32F10x/startup/gcc_ride7/startup_stm32f10x_hd.o
TIM2_IRQHandler                                   ../../libraries/CMSIS/Device/ST/STM32F10x/startup/gcc_ride7/startup_stm32f10x_hd.o
TIM3_IRQHandler                                   ../../libraries/CMSIS/Device/ST/STM32F10x/startup/gcc_ride7/startup_stm32f10x_hd.o
TIM4_IRQHandler                                   ../../libraries/CMSIS/Device/ST/STM32F10x/startup/gcc_ride7/startup_stm32f10x_hd.o
TIM5_IRQHandler                                   ../../libraries/CMSIS/Device/ST/STM32F10x/startup/gcc_ride7/startup_stm32f10x_hd.o
TIM6_IRQHandler                                   ../../libraries/CMSIS/Device/ST/STM32F10x/startup/gcc_ride7/startup_stm32f10x_hd.o
TIM7_IRQHandler                                   ../../libraries/CMSIS/Device/ST/STM32F10x/startup/gcc_ride7/startup_stm32f10x_hd.o
TIM8_BRK_IRQHandler                               ../../libraries/CMSIS/Device/ST/STM32F10x/startup/gcc_ride7/startup_stm32f10x_hd.o
TIM8_CC_IRQHandler                                ../../libraries/CMSIS/Device/ST/STM32F10x/startup/gcc_ride7/startup_stm32f10x_hd.o
TIM8_TRG_COM_IRQHandler                           ../../libraries/CMSIS/Device/ST/STM32F10x/startup/gcc_ride7/startup_stm32f10x_hd.o
TIM8_UP_IRQHandler                                ../../libraries/CMSIS/Device/ST/STM32F10x/startup/gcc_ride7/startup_stm32f10x_hd.o
TIM_ARRPreloadConfig                              ../../libraries/libstm32f10x.a(stm32f10x_tim.o)
TIM_BDTRConfig                                    ../../libraries/libstm32f10x.a(stm32f10x_tim.o)
TIM_BDTRStructInit                                ../../libraries/libstm32f10x.a(stm32f10x_tim.o)
TIM_CCPreloadControl                              ../../libraries/libstm32f10x.a(stm32f10x_tim.o)
TIM_CCxCmd                                        ../../libraries/libstm32f10x.a(stm32f10x_tim.o)
TIM_CCxNCmd                                       ../../libraries/libstm32f10x.a(stm32f10x_tim.o)
TIM_ClearFlag                                     ../../libraries/libstm32f10x.a(stm32f10x_tim.o)
TIM_ClearITPendingBit                             ../../libraries/libstm32f10x.a(stm32f10x_tim.o)
TIM_ClearOC1Ref                                   ../../libraries/libstm32f10x.a(stm32f10x_tim.o)
TIM_ClearOC2Ref                                   ../../libraries/libstm32f10x.a(stm32f10x_tim.o)
TIM_ClearOC3Ref                                   ../../libraries/libstm32f10x.a(stm32f10x_tim.o)
TIM_ClearOC4Ref                                   ../../libraries/libstm32f10x.a(stm32f10x_tim.o)
TIM_Cmd                                           ../../libraries/libstm32f10x.a(stm32f10x_tim.o)
                                                  lib/lib.a(stbm_delay.o)
TIM_CounterModeConfig                             ../../libraries/libstm32f10x.a(stm32f10x_tim.o)
TIM_CtrlPWMOutputs                                ../../libraries/libstm32f10x.a(stm32f10x_tim.o)
TIM_DMACmd                                        ../../libraries/libstm32f10x.a(stm32f10x_tim.o)
TIM_DMAConfig                                     ../../libraries/libstm32f10x.a(stm32f10x_tim.o)
TIM_DeInit                                        ../../libraries/libstm32f10x.a(stm32f10x_tim.o)
TIM_ETRClockMode1Config                           ../../libraries/libstm32f10x.a(stm32f10x_tim.o)
TIM_ETRClockMode2Config                           ../../libraries/libstm32f10x.a(stm32f10x_tim.o)
TIM_ETRConfig                                     ../../libraries/libstm32f10x.a(stm32f10x_tim.o)
TIM_EncoderInterfaceConfig                        ../../libraries/libstm32f10x.a(stm32f10x_tim.o)
TIM_ForcedOC1Config                               ../../libraries/libstm32f10x.a(stm32f10x_tim.o)
TIM_ForcedOC2Config                               ../../libraries/libstm32f10x.a(stm32f10x_tim.o)
TIM_ForcedOC3Config                               ../../libraries/libstm32f10x.a(stm32f10x_tim.o)
TIM_ForcedOC4Config                               ../../libraries/libstm32f10x.a(stm32f10x_tim.o)
TIM_GenerateEvent                                 ../../libraries/libstm32f10x.a(stm32f10x_tim.o)
TIM_GetCapture1                                   ../../libraries/libstm32f10x.a(stm32f10x_tim.o)
TIM_GetCapture2                                   ../../libraries/libstm32f10x.a(stm32f10x_tim.o)
TIM_GetCapture3                                   ../../libraries/libstm32f10x.a(stm32f10x_tim.o)
TIM_GetCapture4                                   ../../libraries/libstm32f10x.a(stm32f10x_tim.o)
TIM_GetCounter                                    ../../libraries/libstm32f10x.a(stm32f10x_tim.o)
                                                  lib/lib.a(stbm_delay.o)
TIM_GetFlagStatus                                 ../../libraries/libstm32f10x.a(stm32f10x_tim.o)
TIM_GetITStatus                                   ../../libraries/libstm32f10x.a(stm32f10x_tim.o)
TIM_GetPrescaler                                  ../../libraries/libstm32f10x.a(stm32f10x_tim.o)
TIM_ICInit                                        ../../libraries/libstm32f10x.a(stm32f10x_tim.o)
TIM_ICStructInit                                  ../../libraries/libstm32f10x.a(stm32f10x_tim.o)
TIM_ITConfig                                      ../../libraries/libstm32f10x.a(stm32f10x_tim.o)
TIM_ITRxExternalClockConfig                       ../../libraries/libstm32f10x.a(stm32f10x_tim.o)
TIM_InternalClockConfig                           ../../libraries/libstm32f10x.a(stm32f10x_tim.o)
TIM_OC1FastConfig                                 ../../libraries/libstm32f10x.a(stm32f10x_tim.o)
TIM_OC1Init                                       ../../libraries/libstm32f10x.a(stm32f10x_tim.o)
TIM_OC1NPolarityConfig                            ../../libraries/libstm32f10x.a(stm32f10x_tim.o)
TIM_OC1PolarityConfig                             ../../libraries/libstm32f10x.a(stm32f10x_tim.o)
TIM_OC1PreloadConfig                              ../../libraries/libstm32f10x.a(stm32f10x_tim.o)
TIM_OC2FastConfig                                 ../../libraries/libstm32f10x.a(stm32f10x_tim.o)
TIM_OC2Init                                       ../../libraries/libstm32f10x.a(stm32f10x_tim.o)
TIM_OC2NPolarityConfig                            ../../libraries/libstm32f10x.a(stm32f10x_tim.o)
TIM_OC2PolarityConfig                             ../../libraries/libstm32f10x.a(stm32f10x_tim.o)
TIM_OC2PreloadConfig                              ../../libraries/libstm32f10x.a(stm32f10x_tim.o)
TIM_OC3FastConfig                                 ../../libraries/libstm32f10x.a(stm32f10x_tim.o)
TIM_OC3Init                                       ../../libraries/libstm32f10x.a(stm32f10x_tim.o)
TIM_OC3NPolarityConfig                            ../../libraries/libstm32f10x.a(stm32f10x_tim.o)
TIM_OC3PolarityConfig                             ../../libraries/libstm32f10x.a(stm32f10x_tim.o)
TIM_OC3PreloadConfig                              ../../libraries/libstm32f10x.a(stm32f10x_tim.o)
TIM_OC4FastConfig                                 ../../libraries/libstm32f10x.a(stm32f10x_tim.o)
TIM_OC4Init                                       ../../libraries/libstm32f10x.a(stm32f10x_tim.o)
TIM_OC4PolarityConfig                             ../../libraries/libstm32f10x.a(stm32f10x_tim.o)
TIM_OC4PreloadConfig                              ../../libraries/libstm32f10x.a(stm32f10x_tim.o)
TIM_OCStructInit                                  ../../libraries/libstm32f10x.a(stm32f10x_tim.o)
TIM_PWMIConfig                                    ../../libraries/libstm32f10x.a(stm32f10x_tim.o)
TIM_PrescalerConfig                               ../../libraries/libstm32f10x.a(stm32f10x_tim.o)
TIM_SelectCCDMA                                   ../../libraries/libstm32f10x.a(stm32f10x_tim.o)
TIM_SelectCOM                                     ../../libraries/libstm32f10x.a(stm32f10x_tim.o)
TIM_SelectHallSensor                              ../../libraries/libstm32f10x.a(stm32f10x_tim.o)
TIM_SelectInputTrigger                            ../../libraries/libstm32f10x.a(stm32f10x_tim.o)
TIM_SelectMasterSlaveMode                         ../../libraries/libstm32f10x.a(stm32f10x_tim.o)
TIM_SelectOCxM                                    ../../libraries/libstm32f10x.a(stm32f10x_tim.o)
TIM_SelectOnePulseMode                            ../../libraries/libstm32f10x.a(stm32f10x_tim.o)
                                                  lib/lib.a(stbm_delay.o)
TIM_SelectOutputTrigger                           ../../libraries/libstm32f10x.a(stm32f10x_tim.o)
TIM_SelectSlaveMode                               ../../libraries/libstm32f10x.a(stm32f10x_tim.o)
TIM_SetAutoreload                                 ../../libraries/libstm32f10x.a(stm32f10x_tim.o)
TIM_SetClockDivision                              ../../libraries/libstm32f10x.a(stm32f10x_tim.o)
TIM_SetCompare1                                   ../../libraries/libstm32f10x.a(stm32f10x_tim.o)
TIM_SetCompare2                                   ../../libraries/libstm32f10x.a(stm32f10x_tim.o)
TIM_SetCompare3                                   ../../libraries/libstm32f10x.a(stm32f10x_tim.o)
TIM_SetCompare4                                   ../../libraries/libstm32f10x.a(stm32f10x_tim.o)
TIM_SetCounter                                    ../../libraries/libstm32f10x.a(stm32f10x_tim.o)
                                                  lib/lib.a(stbm_delay.o)
TIM_SetIC1Prescaler                               ../../libraries/libstm32f10x.a(stm32f10x_tim.o)
TIM_SetIC2Prescaler                               ../../libraries/libstm32f10x.a(stm32f10x_tim.o)
TIM_SetIC3Prescaler                               ../../libraries/libstm32f10x.a(stm32f10x_tim.o)
TIM_SetIC4Prescaler                               ../../libraries/libstm32f10x.a(stm32f10x_tim.o)
TIM_TIxExternalClockConfig                        ../../libraries/libstm32f10x.a(stm32f10x_tim.o)
TIM_TimeBaseInit                                  ../../libraries/libstm32f10x.a(stm32f10x_tim.o)
                                                  lib/lib.a(stbm_delay.o)
TIM_TimeBaseStructInit                            ../../libraries/libstm32f10x.a(stm32f10x_tim.o)
TIM_TimeBaseStructureMicro                        lib/lib.a(stbm_delay.o)
TIM_TimeBaseStructureMili                         lib/lib.a(stbm_delay.o)
TIM_UpdateDisableConfig                           ../../libraries/libstm32f10x.a(stm32f10x_tim.o)
TIM_UpdateRequestConfig                           ../../libraries/libstm32f10x.a(stm32f10x_tim.o)
TxData                                            lib/lib.a(stbm_uart.o)
UART4_IRQHandler                                  ../../libraries/CMSIS/Device/ST/STM32F10x/startup/gcc_ride7/startup_stm32f10x_hd.o
UART5_IRQHandler                                  ../../libraries/CMSIS/Device/ST/STM32F10x/startup/gcc_ride7/startup_stm32f10x_hd.o
USART1_IRQHandler                                 ../../libraries/CMSIS/Device/ST/STM32F10x/startup/gcc_ride7/startup_stm32f10x_hd.o
USART2_IRQHandler                                 ../../libraries/CMSIS/Device/ST/STM32F10x/startup/gcc_ride7/startup_stm32f10x_hd.o
USART3_IRQHandler                                 ../../libraries/CMSIS/Device/ST/STM32F10x/startup/gcc_ride7/startup_stm32f10x_hd.o
USART_ClearFlag                                   ../../libraries/libstm32f10x.a(stm32f10x_usart.o)
USART_ClearITPendingBit                           ../../libraries/libstm32f10x.a(stm32f10x_usart.o)
USART_ClockInit                                   ../../libraries/libstm32f10x.a(stm32f10x_usart.o)
USART_ClockStructInit                             ../../libraries/libstm32f10x.a(stm32f10x_usart.o)
USART_Cmd                                         ../../libraries/libstm32f10x.a(stm32f10x_usart.o)
                                                  lib/lib.a(stbm_uart.o)
USART_DMACmd                                      ../../libraries/libstm32f10x.a(stm32f10x_usart.o)
                                                  lib/lib.a(stbm_uart.o)
USART_DeInit                                      ../../libraries/libstm32f10x.a(stm32f10x_usart.o)
USART_GetFlagStatus                               ../../libraries/libstm32f10x.a(stm32f10x_usart.o)
USART_GetITStatus                                 ../../libraries/libstm32f10x.a(stm32f10x_usart.o)
USART_HalfDuplexCmd                               ../../libraries/libstm32f10x.a(stm32f10x_usart.o)
USART_ITConfig                                    ../../libraries/libstm32f10x.a(stm32f10x_usart.o)
USART_Init                                        ../../libraries/libstm32f10x.a(stm32f10x_usart.o)
                                                  lib/lib.a(stbm_uart.o)
USART_IrDACmd                                     ../../libraries/libstm32f10x.a(stm32f10x_usart.o)
USART_IrDAConfig                                  ../../libraries/libstm32f10x.a(stm32f10x_usart.o)
USART_LINBreakDetectLengthConfig                  ../../libraries/libstm32f10x.a(stm32f10x_usart.o)
USART_LINCmd                                      ../../libraries/libstm32f10x.a(stm32f10x_usart.o)
USART_OneBitMethodCmd                             ../../libraries/libstm32f10x.a(stm32f10x_usart.o)
USART_OverSampling8Cmd                            ../../libraries/libstm32f10x.a(stm32f10x_usart.o)
USART_ReceiveData                                 ../../libraries/libstm32f10x.a(stm32f10x_usart.o)
USART_ReceiverWakeUpCmd                           ../../libraries/libstm32f10x.a(stm32f10x_usart.o)
USART_SendBreak                                   ../../libraries/libstm32f10x.a(stm32f10x_usart.o)
USART_SendData                                    ../../libraries/libstm32f10x.a(stm32f10x_usart.o)
USART_SetAddress                                  ../../libraries/libstm32f10x.a(stm32f10x_usart.o)
USART_SetGuardTime                                ../../libraries/libstm32f10x.a(stm32f10x_usart.o)
USART_SetPrescaler                                ../../libraries/libstm32f10x.a(stm32f10x_usart.o)
USART_SmartCardCmd                                ../../libraries/libstm32f10x.a(stm32f10x_usart.o)
USART_SmartCardNACKCmd                            ../../libraries/libstm32f10x.a(stm32f10x_usart.o)
USART_StructInit                                  ../../libraries/libstm32f10x.a(stm32f10x_usart.o)
USART_WakeUpConfig                                ../../libraries/libstm32f10x.a(stm32f10x_usart.o)
USBWakeUp_IRQHandler                              ../../libraries/CMSIS/Device/ST/STM32F10x/startup/gcc_ride7/startup_stm32f10x_hd.o
USB_HP_CAN1_TX_IRQHandler                         ../../libraries/CMSIS/Device/ST/STM32F10x/startup/gcc_ride7/startup_stm32f10x_hd.o
USB_LP_CAN1_RX0_IRQHandler                        ../../libraries/CMSIS/Device/ST/STM32F10x/startup/gcc_ride7/startup_stm32f10x_hd.o
UsageFault_Handler                                stm32f10x_it.o
WWDG_IRQHandler                                   ../../libraries/CMSIS/Device/ST/STM32F10x/startup/gcc_ride7/startup_stm32f10x_hd.o
_Jv_RegisterClasses                               /usr/local/Cellar/gcc-arm-none-eabi/20140408/bin/../lib/gcc/arm-none-eabi/4.7.4/armv7-m/crtbegin.o
__bss_end__                                       /usr/local/Cellar/gcc-arm-none-eabi/20140408/bin/../lib/gcc/arm-none-eabi/4.7.4/../../../../arm-none-eabi/lib/armv7-m/crt0.o
__bss_start__                                     /usr/local/Cellar/gcc-arm-none-eabi/20140408/bin/../lib/gcc/arm-none-eabi/4.7.4/../../../../arm-none-eabi/lib/armv7-m/crt0.o
__call_exitprocs                                  /usr/local/Cellar/gcc-arm-none-eabi/20140408/bin/../lib/gcc/arm-none-eabi/4.7.4/../../../../arm-none-eabi/lib/armv7-m/libc.a(lib_a-__call_atexit.o)
                                                  /usr/local/Cellar/gcc-arm-none-eabi/20140408/bin/../lib/gcc/arm-none-eabi/4.7.4/../../../../arm-none-eabi/lib/armv7-m/libc.a(lib_a-exit.o)
__deregister_frame_info                           /usr/local/Cellar/gcc-arm-none-eabi/20140408/bin/../lib/gcc/arm-none-eabi/4.7.4/armv7-m/crtbegin.o
__dso_handle                                      /usr/local/Cellar/gcc-arm-none-eabi/20140408/bin/../lib/gcc/arm-none-eabi/4.7.4/armv7-m/crtbegin.o
__errno                                           /usr/local/Cellar/gcc-arm-none-eabi/20140408/bin/../lib/gcc/arm-none-eabi/4.7.4/../../../../arm-none-eabi/lib/armv7-m/libc.a(lib_a-errno.o)
                                                  syscalls.o
__fini_array_end                                  /usr/local/Cellar/gcc-arm-none-eabi/20140408/bin/../lib/gcc/arm-none-eabi/4.7.4/../../../../arm-none-eabi/lib/armv7-m/libc.a(lib_a-fini.o)
__fini_array_start                                /usr/local/Cellar/gcc-arm-none-eabi/20140408/bin/../lib/gcc/arm-none-eabi/4.7.4/../../../../arm-none-eabi/lib/armv7-m/libc.a(lib_a-fini.o)
__init_array_end                                  /usr/local/Cellar/gcc-arm-none-eabi/20140408/bin/../lib/gcc/arm-none-eabi/4.7.4/../../../../arm-none-eabi/lib/armv7-m/libc.a(lib_a-init.o)
__init_array_start                                /usr/local/Cellar/gcc-arm-none-eabi/20140408/bin/../lib/gcc/arm-none-eabi/4.7.4/../../../../arm-none-eabi/lib/armv7-m/libc.a(lib_a-init.o)
__libc_fini                                       /usr/local/Cellar/gcc-arm-none-eabi/20140408/bin/../lib/gcc/arm-none-eabi/4.7.4/../../../../arm-none-eabi/lib/armv7-m/libc.a(lib_a-__call_atexit.o)
__libc_fini_array                                 /usr/local/Cellar/gcc-arm-none-eabi/20140408/bin/../lib/gcc/arm-none-eabi/4.7.4/../../../../arm-none-eabi/lib/armv7-m/libc.a(lib_a-fini.o)
                                                  /usr/local/Cellar/gcc-arm-none-eabi/20140408/bin/../lib/gcc/arm-none-eabi/4.7.4/../../../../arm-none-eabi/lib/armv7-m/libc.a(lib_a-__call_atexit.o)
                                                  /usr/local/Cellar/gcc-arm-none-eabi/20140408/bin/../lib/gcc/arm-none-eabi/4.7.4/../../../../arm-none-eabi/lib/armv7-m/crt0.o
__libc_init_array                                 /usr/local/Cellar/gcc-arm-none-eabi/20140408/bin/../lib/gcc/arm-none-eabi/4.7.4/../../../../arm-none-eabi/lib/armv7-m/libc.a(lib_a-init.o)
                                                  /usr/local/Cellar/gcc-arm-none-eabi/20140408/bin/../lib/gcc/arm-none-eabi/4.7.4/../../../../arm-none-eabi/lib/armv7-m/crt0.o
__preinit_array_end                               /usr/local/Cellar/gcc-arm-none-eabi/20140408/bin/../lib/gcc/arm-none-eabi/4.7.4/../../../../arm-none-eabi/lib/armv7-m/libc.a(lib_a-init.o)
__preinit_array_start                             /usr/local/Cellar/gcc-arm-none-eabi/20140408/bin/../lib/gcc/arm-none-eabi/4.7.4/../../../../arm-none-eabi/lib/armv7-m/libc.a(lib_a-init.o)
__register_exitproc                               /usr/local/Cellar/gcc-arm-none-eabi/20140408/bin/../lib/gcc/arm-none-eabi/4.7.4/../../../../arm-none-eabi/lib/armv7-m/libc.a(lib_a-__atexit.o)
                                                  /usr/local/Cellar/gcc-arm-none-eabi/20140408/bin/../lib/gcc/arm-none-eabi/4.7.4/../../../../arm-none-eabi/lib/armv7-m/libc.a(lib_a-atexit.o)
                                                  /usr/local/Cellar/gcc-arm-none-eabi/20140408/bin/../lib/gcc/arm-none-eabi/4.7.4/../../../../arm-none-eabi/lib/armv7-m/crt0.o
__register_frame_info                             /usr/local/Cellar/gcc-arm-none-eabi/20140408/bin/../lib/gcc/arm-none-eabi/4.7.4/armv7-m/crtbegin.o
__stack                                           /usr/local/Cellar/gcc-arm-none-eabi/20140408/bin/../lib/gcc/arm-none-eabi/4.7.4/../../../../arm-none-eabi/lib/armv7-m/crt0.o
_close_r                                          syscalls.o
_ebss                                             ../../libraries/CMSIS/Device/ST/STM32F10x/startup/gcc_ride7/startup_stm32f10x_hd.o
_edata                                            ../../libraries/CMSIS/Device/ST/STM32F10x/startup/gcc_ride7/startup_stm32f10x_hd.o
_estack                                           ../../libraries/CMSIS/Device/ST/STM32F10x/startup/gcc_ride7/startup_stm32f10x_hd.o
_exit                                             /usr/local/Cellar/gcc-arm-none-eabi/20140408/bin/../lib/gcc/arm-none-eabi/4.7.4/../../../../arm-none-eabi/lib/armv7-m/libc.a(lib_a-exit.o)
_fini                                             /usr/local/Cellar/gcc-arm-none-eabi/20140408/bin/../lib/gcc/arm-none-eabi/4.7.4/armv7-m/crti.o
                                                  /usr/local/Cellar/gcc-arm-none-eabi/20140408/bin/../lib/gcc/arm-none-eabi/4.7.4/../../../../arm-none-eabi/lib/armv7-m/libc.a(lib_a-fini.o)
_fstat_r                                          syscalls.o
_global_impure_ptr                                /usr/local/Cellar/gcc-arm-none-eabi/20140408/bin/../lib/gcc/arm-none-eabi/4.7.4/../../../../arm-none-eabi/lib/armv7-m/libc.a(lib_a-impure.o)
                                                  /usr/local/Cellar/gcc-arm-none-eabi/20140408/bin/../lib/gcc/arm-none-eabi/4.7.4/../../../../arm-none-eabi/lib/armv7-m/libc.a(lib_a-__call_atexit.o)
                                                  /usr/local/Cellar/gcc-arm-none-eabi/20140408/bin/../lib/gcc/arm-none-eabi/4.7.4/../../../../arm-none-eabi/lib/armv7-m/libc.a(lib_a-exit.o)
                                                  /usr/local/Cellar/gcc-arm-none-eabi/20140408/bin/../lib/gcc/arm-none-eabi/4.7.4/../../../../arm-none-eabi/lib/armv7-m/libc.a(lib_a-__atexit.o)
_impure_ptr                                       /usr/local/Cellar/gcc-arm-none-eabi/20140408/bin/../lib/gcc/arm-none-eabi/4.7.4/../../../../arm-none-eabi/lib/armv7-m/libc.a(lib_a-impure.o)
                                                  /usr/local/Cellar/gcc-arm-none-eabi/20140408/bin/../lib/gcc/arm-none-eabi/4.7.4/../../../../arm-none-eabi/lib/armv7-m/libc.a(lib_a-errno.o)
_init                                             /usr/local/Cellar/gcc-arm-none-eabi/20140408/bin/../lib/gcc/arm-none-eabi/4.7.4/armv7-m/crti.o
                                                  /usr/local/Cellar/gcc-arm-none-eabi/20140408/bin/../lib/gcc/arm-none-eabi/4.7.4/../../../../arm-none-eabi/lib/armv7-m/libc.a(lib_a-init.o)
_isatty_r                                         syscalls.o
_lseek_r                                          syscalls.o
_mainCRTStartup                                   /usr/local/Cellar/gcc-arm-none-eabi/20140408/bin/../lib/gcc/arm-none-eabi/4.7.4/../../../../arm-none-eabi/lib/armv7-m/crt0.o
_read_r                                           syscalls.o
_sbrk_r                                           syscalls.o
_sbss                                             ../../libraries/CMSIS/Device/ST/STM32F10x/startup/gcc_ride7/startup_stm32f10x_hd.o
_sdata                                            ../../libraries/CMSIS/Device/ST/STM32F10x/startup/gcc_ride7/startup_stm32f10x_hd.o
_sidata                                           ../../libraries/CMSIS/Device/ST/STM32F10x/startup/gcc_ride7/startup_stm32f10x_hd.o
_start                                            /usr/local/Cellar/gcc-arm-none-eabi/20140408/bin/../lib/gcc/arm-none-eabi/4.7.4/../../../../arm-none-eabi/lib/armv7-m/crt0.o
_write_r                                          syscalls.o
abort                                             syscalls.o
atexit                                            /usr/local/Cellar/gcc-arm-none-eabi/20140408/bin/../lib/gcc/arm-none-eabi/4.7.4/../../../../arm-none-eabi/lib/armv7-m/libc.a(lib_a-atexit.o)
                                                  /usr/local/Cellar/gcc-arm-none-eabi/20140408/bin/../lib/gcc/arm-none-eabi/4.7.4/../../../../arm-none-eabi/lib/armv7-m/libc.a(lib_a-__call_atexit.o)
delay_core                                        lib/lib.a(stbm_delay.o)
delay_ms                                          lib/lib.a(stbm_delay.o)
                                                  lib/lib.a(stbm_mpu9250.o)
                                                  lib/lib.a(stbm_mpu.o)
                                                  main.o
delay_us                                          lib/lib.a(stbm_delay.o)
end                                               syscalls.o
exit                                              /usr/local/Cellar/gcc-arm-none-eabi/20140408/bin/../lib/gcc/arm-none-eabi/4.7.4/../../../../arm-none-eabi/lib/armv7-m/libc.a(lib_a-exit.o)
                                                  /usr/local/Cellar/gcc-arm-none-eabi/20140408/bin/../lib/gcc/arm-none-eabi/4.7.4/../../../../arm-none-eabi/lib/armv7-m/crt0.o
free                                              /usr/local/Cellar/gcc-arm-none-eabi/20140408/bin/../lib/gcc/arm-none-eabi/4.7.4/../../../../arm-none-eabi/lib/armv7-m/libc.a(lib_a-__call_atexit.o)
g_pfnVectors                                      ../../libraries/CMSIS/Device/ST/STM32F10x/startup/gcc_ride7/startup_stm32f10x_hd.o
hardware_init_hook                                /usr/local/Cellar/gcc-arm-none-eabi/20140408/bin/../lib/gcc/arm-none-eabi/4.7.4/../../../../arm-none-eabi/lib/armv7-m/crt0.o
index_tx_add                                      lib/lib.a(stbm_uart.o)
index_tx_current                                  lib/lib.a(stbm_uart.o)
main                                              main.o
                                                  ../../libraries/CMSIS/Device/ST/STM32F10x/startup/gcc_ride7/startup_stm32f10x_hd.o
                                                  /usr/local/Cellar/gcc-arm-none-eabi/20140408/bin/../lib/gcc/arm-none-eabi/4.7.4/../../../../arm-none-eabi/lib/armv7-m/crt0.o
malloc                                            /usr/local/Cellar/gcc-arm-none-eabi/20140408/bin/../lib/gcc/arm-none-eabi/4.7.4/../../../../arm-none-eabi/lib/armv7-m/libc.a(lib_a-__atexit.o)
memset                                            /usr/local/Cellar/gcc-arm-none-eabi/20140408/bin/../lib/gcc/arm-none-eabi/4.7.4/../../../../arm-none-eabi/lib/armv7-m/libc.a(lib_a-memset.o)
                                                  syscalls.o
                                                  /usr/local/Cellar/gcc-arm-none-eabi/20140408/bin/../lib/gcc/arm-none-eabi/4.7.4/../../../../arm-none-eabi/lib/armv7-m/crt0.o
mpu9250_ak8963_read                               lib/lib.a(stbm_mpu9250.o)
mpu9250_ak8963_reads                              lib/lib.a(stbm_mpu9250.o)
                                                  lib/lib.a(stbm_mpu.o)
mpu9250_ak8963_write                              lib/lib.a(stbm_mpu9250.o)
mpu9250_ak8963_writes                             lib/lib.a(stbm_mpu9250.o)
                                                  lib/lib.a(stbm_mpu.o)
mpu9250_deselect_cs                               lib/lib.a(stbm_mpu9250.o)
mpu9250_init                                      lib/lib.a(stbm_mpu9250.o)
                                                  main.o
mpu9250_read                                      lib/lib.a(stbm_mpu9250.o)
mpu9250_reads                                     lib/lib.a(stbm_mpu9250.o)
                                                  lib/lib.a(stbm_mpu.o)
mpu9250_select_cs                                 lib/lib.a(stbm_mpu9250.o)
mpu9250_send_byte                                 lib/lib.a(stbm_mpu9250.o)
mpu9250_write                                     lib/lib.a(stbm_mpu9250.o)
mpu9250_writes                                    lib/lib.a(stbm_mpu9250.o)
                                                  lib/lib.a(stbm_mpu.o)
mpu_get_accel_reg                                 lib/lib.a(stbm_mpu.o)
                                                  main.o
mpu_get_gyro_reg                                  lib/lib.a(stbm_mpu.o)
                                                  main.o
mpu_init                                          lib/lib.a(stbm_mpu.o)
                                                  main.o
mpu_set_accel_fsr                                 lib/lib.a(stbm_mpu.o)
mpu_set_bypass                                    lib/lib.a(stbm_mpu.o)
mpu_set_compass_sample_rate                       lib/lib.a(stbm_mpu.o)
mpu_set_gyro_fsr                                  lib/lib.a(stbm_mpu.o)
mpu_set_int_latched                               lib/lib.a(stbm_mpu.o)
mpu_set_lpf                                       lib/lib.a(stbm_mpu.o)
mpu_set_sample_rate                               lib/lib.a(stbm_mpu.o)
mpu_set_sensors                                   lib/lib.a(stbm_mpu.o)
mpu_who_am_i                                      lib/lib.a(stbm_mpu.o)
                                                  main.o
setup_compass                                     lib/lib.a(stbm_mpu.o)
software_init_hook                                /usr/local/Cellar/gcc-arm-none-eabi/20140408/bin/../lib/gcc/arm-none-eabi/4.7.4/../../../../arm-none-eabi/lib/armv7-m/crt0.o
start                                             /usr/local/Cellar/gcc-arm-none-eabi/20140408/bin/../lib/gcc/arm-none-eabi/4.7.4/../../../../arm-none-eabi/lib/armv7-m/crt0.o
strlen                                            /usr/local/Cellar/gcc-arm-none-eabi/20140408/bin/../lib/gcc/arm-none-eabi/4.7.4/../../../../arm-none-eabi/lib/armv7-m/libc.a(lib_a-strlen.o)
                                                  lib/lib.a(stbm_uart.o)
tsprintf                                          lib/lib.a(tsprintf.o)
                                                  main.o
vtsprintf                                         lib/lib.a(tsprintf.o)
xbee_dma_configuration                            lib/lib.a(stbm_uart.o)
xbee_init                                         lib/lib.a(stbm_uart.o)
                                                  main.o
xbee_nvic_configuration                           lib/lib.a(stbm_uart.o)
                                                  main.o
xbee_send_string                                  lib/lib.a(stbm_uart.o)
                                                  main.o
