Archive member included because of file (symbol)

../../libraries/libstm32f10x.a(misc.o)
                              main.o (NVIC_SetVectorTable)
../../libraries/libstm32f10x.a(stm32f10x_gpio.o)
                              main.o (GPIO_Init)
../../libraries/libstm32f10x.a(stm32f10x_rcc.o)
                              main.o (RCC_APB2PeriphClockCmd)
../../libraries/libstm32f10x.a(delay.o)
                              main.o (delay_ms)
../../libraries/libstm32f10x.a(STBM_UART.o)
                              main.o (STBM_UART::STBM_UART(unsigned char, unsigned long))
../../libraries/libstm32f10x.a(stm32f10x_tim.o)
                              ../../libraries/libstm32f10x.a(delay.o) (TIM_TimeBaseInit)
../../libraries/libstm32f10x.a(stm32f10x_usart.o)
                              ../../libraries/libstm32f10x.a(STBM_UART.o) (USART_Init)
/usr/local/Cellar/gcc-arm-none-eabi/20140408/bin/../lib/gcc/arm-none-eabi/4.7.4/../../../../arm-none-eabi/lib/armv7-m/libc.a(lib_a-__atexit.o)
                              /usr/local/Cellar/gcc-arm-none-eabi/20140408/bin/../lib/gcc/arm-none-eabi/4.7.4/../../../../arm-none-eabi/lib/armv7-m/crt0.o (__register_exitproc)
/usr/local/Cellar/gcc-arm-none-eabi/20140408/bin/../lib/gcc/arm-none-eabi/4.7.4/../../../../arm-none-eabi/lib/armv7-m/libc.a(lib_a-errno.o)
                              syscalls.o (__errno)
/usr/local/Cellar/gcc-arm-none-eabi/20140408/bin/../lib/gcc/arm-none-eabi/4.7.4/../../../../arm-none-eabi/lib/armv7-m/libc.a(lib_a-exit.o)
                              /usr/local/Cellar/gcc-arm-none-eabi/20140408/bin/../lib/gcc/arm-none-eabi/4.7.4/../../../../arm-none-eabi/lib/armv7-m/crt0.o (exit)
/usr/local/Cellar/gcc-arm-none-eabi/20140408/bin/../lib/gcc/arm-none-eabi/4.7.4/../../../../arm-none-eabi/lib/armv7-m/libc.a(lib_a-fini.o)
                              /usr/local/Cellar/gcc-arm-none-eabi/20140408/bin/../lib/gcc/arm-none-eabi/4.7.4/../../../../arm-none-eabi/lib/armv7-m/crt0.o (__libc_fini_array)
/usr/local/Cellar/gcc-arm-none-eabi/20140408/bin/../lib/gcc/arm-none-eabi/4.7.4/../../../../arm-none-eabi/lib/armv7-m/libc.a(lib_a-impure.o)
                              /usr/local/Cellar/gcc-arm-none-eabi/20140408/bin/../lib/gcc/arm-none-eabi/4.7.4/../../../../arm-none-eabi/lib/armv7-m/libc.a(lib_a-__atexit.o) (_global_impure_ptr)
/usr/local/Cellar/gcc-arm-none-eabi/20140408/bin/../lib/gcc/arm-none-eabi/4.7.4/../../../../arm-none-eabi/lib/armv7-m/libc.a(lib_a-init.o)
                              /usr/local/Cellar/gcc-arm-none-eabi/20140408/bin/../lib/gcc/arm-none-eabi/4.7.4/../../../../arm-none-eabi/lib/armv7-m/crt0.o (__libc_init_array)
/usr/local/Cellar/gcc-arm-none-eabi/20140408/bin/../lib/gcc/arm-none-eabi/4.7.4/../../../../arm-none-eabi/lib/armv7-m/libc.a(lib_a-malloc.o)
                              tweak.o (malloc)
/usr/local/Cellar/gcc-arm-none-eabi/20140408/bin/../lib/gcc/arm-none-eabi/4.7.4/../../../../arm-none-eabi/lib/armv7-m/libc.a(lib_a-mallocr.o)
                              /usr/local/Cellar/gcc-arm-none-eabi/20140408/bin/../lib/gcc/arm-none-eabi/4.7.4/../../../../arm-none-eabi/lib/armv7-m/libc.a(lib_a-malloc.o) (_malloc_r)
/usr/local/Cellar/gcc-arm-none-eabi/20140408/bin/../lib/gcc/arm-none-eabi/4.7.4/../../../../arm-none-eabi/lib/armv7-m/libc.a(lib_a-memset.o)
                              /usr/local/Cellar/gcc-arm-none-eabi/20140408/bin/../lib/gcc/arm-none-eabi/4.7.4/../../../../arm-none-eabi/lib/armv7-m/crt0.o (memset)
/usr/local/Cellar/gcc-arm-none-eabi/20140408/bin/../lib/gcc/arm-none-eabi/4.7.4/../../../../arm-none-eabi/lib/armv7-m/libc.a(lib_a-mlock.o)
                              /usr/local/Cellar/gcc-arm-none-eabi/20140408/bin/../lib/gcc/arm-none-eabi/4.7.4/../../../../arm-none-eabi/lib/armv7-m/libc.a(lib_a-mallocr.o) (__malloc_lock)
/usr/local/Cellar/gcc-arm-none-eabi/20140408/bin/../lib/gcc/arm-none-eabi/4.7.4/../../../../arm-none-eabi/lib/armv7-m/libc.a(lib_a-__call_atexit.o)
                              /usr/local/Cellar/gcc-arm-none-eabi/20140408/bin/../lib/gcc/arm-none-eabi/4.7.4/../../../../arm-none-eabi/lib/armv7-m/libc.a(lib_a-exit.o) (__call_exitprocs)
/usr/local/Cellar/gcc-arm-none-eabi/20140408/bin/../lib/gcc/arm-none-eabi/4.7.4/../../../../arm-none-eabi/lib/armv7-m/libc.a(lib_a-atexit.o)
                              /usr/local/Cellar/gcc-arm-none-eabi/20140408/bin/../lib/gcc/arm-none-eabi/4.7.4/../../../../arm-none-eabi/lib/armv7-m/libc.a(lib_a-__call_atexit.o) (atexit)
/usr/local/Cellar/gcc-arm-none-eabi/20140408/bin/../lib/gcc/arm-none-eabi/4.7.4/../../../../arm-none-eabi/lib/armv7-m/libc.a(lib_a-freer.o)
                              /usr/local/Cellar/gcc-arm-none-eabi/20140408/bin/../lib/gcc/arm-none-eabi/4.7.4/../../../../arm-none-eabi/lib/armv7-m/libc.a(lib_a-malloc.o) (_free_r)

Discarded input sections

 .text          0x0000000000000000        0x0 /usr/local/Cellar/gcc-arm-none-eabi/20140408/bin/../lib/gcc/arm-none-eabi/4.7.4/armv7-m/crti.o
[...]
Memory Configuration

Name             Origin             Length             Attributes
RAM              0x0000000020000000 0x0000000000005000 xrw
FLASH            0x0000000008003000 0x000000000001d000 xr
FLASHB1          0x0000000000000000 0x0000000000000000 xr
EXTMEMB0         0x0000000000000000 0x0000000000000000 xr
EXTMEMB1         0x0000000000000000 0x0000000000000000 xr
EXTMEMB2         0x0000000000000000 0x0000000000000000 xr
EXTMEMB3         0x0000000000000000 0x0000000000000000 xr
*default*        0x0000000000000000 0xffffffffffffffff

Linker script and memory map

LOAD /usr/local/Cellar/gcc-arm-none-eabi/20140408/bin/../lib/gcc/arm-none-eabi/4.7.4/armv7-m/crti.o
LOAD /usr/local/Cellar/gcc-arm-none-eabi/20140408/bin/../lib/gcc/arm-none-eabi/4.7.4/armv7-m/crtbegin.o
LOAD /usr/local/Cellar/gcc-arm-none-eabi/20140408/bin/../lib/gcc/arm-none-eabi/4.7.4/../../../../arm-none-eabi/lib/armv7-m/crt0.o
LOAD /usr/local/Cellar/gcc-arm-none-eabi/20140408/bin/../lib/gcc/arm-none-eabi/4.7.4/../../../../arm-none-eabi/lib/armv7-m/libstdc++.a
LOAD stm32f10x_it.o
LOAD syscalls.o
LOAD system_stm32f10x.o
LOAD main.o
LOAD tweak.o
LOAD ../../libraries/CMSIS/Device/ST/STM32F10x/startup/gcc_ride7/startup_stm32f10x_hd.o
LOAD ../../libraries/libstm32f10x.a
LOAD ../../libraries/rtos.a
LOAD /usr/local/Cellar/gcc-arm-none-eabi/20140408/bin/../lib/gcc/arm-none-eabi/4.7.4/../../../../arm-none-eabi/lib/armv7-m/libstdc++.a
LOAD /usr/local/Cellar/gcc-arm-none-eabi/20140408/bin/../lib/gcc/arm-none-eabi/4.7.4/../../../../arm-none-eabi/lib/armv7-m/libm.a
START GROUP
LOAD /usr/local/Cellar/gcc-arm-none-eabi/20140408/bin/../lib/gcc/arm-none-eabi/4.7.4/armv7-m/libgcc.a
LOAD /usr/local/Cellar/gcc-arm-none-eabi/20140408/bin/../lib/gcc/arm-none-eabi/4.7.4/../../../../arm-none-eabi/lib/armv7-m/libc.a
END GROUP
LOAD /usr/local/Cellar/gcc-arm-none-eabi/20140408/bin/../lib/gcc/arm-none-eabi/4.7.4/armv7-m/crtend.o
LOAD /usr/local/Cellar/gcc-arm-none-eabi/20140408/bin/../lib/gcc/arm-none-eabi/4.7.4/armv7-m/crtn.o
                0x0000000000000400                __Stack_Size = 0x400
                0x0000000000000400                PROVIDE (_Stack_Size, __Stack_Size)
                0x0000000020004c00                __Stack_Init = (_estack - __Stack_Size)
                0x0000000020004c00                PROVIDE (_Stack_Init, __Stack_Init)
                0x0000000000000800                _Minimum_Stack_Size = 0x800
                0x0000000020005000                _estack = 0x20005000

.isr_vector     0x0000000008003000      0x1e4
                0x0000000008003000                . = ALIGN (0x4)
 *(.isr_vector)
 .isr_vector    0x0000000008003000      0x1e4 ../../libraries/CMSIS/Device/ST/STM32F10x/startup/gcc_ride7/startup_stm32f10x_hd.o
                0x0000000008003000                g_pfnVectors
                0x00000000080031e4                . = ALIGN (0x4)

.flashtext      0x00000000080031e4        0x0
                0x00000000080031e4                . = ALIGN (0x4)
 *(.flashtext)
                0x00000000080031e4                . = ALIGN (0x4)

.text           0x00000000080031e4     0x1a64
                0x00000000080031e4                . = ALIGN (0x4)
 *(.text)
 .text          0x00000000080031e4       0x12 stm32f10x_it.o
                0x00000000080031e4                NMI_Handler
                0x00000000080031e6                HardFault_Handler
                0x00000000080031e8                MemManage_Handler
                0x00000000080031ea                BusFault_Handler
                0x00000000080031ec                UsageFault_Handler
                0x00000000080031ee                SVC_Handler
                0x00000000080031f0                DebugMon_Handler
                0x00000000080031f2                PendSV_Handler
                0x00000000080031f4                SysTick_Handler
 *fill*         0x00000000080031f6        0x2 00
 .text          0x00000000080031f8      0x168 system_stm32f10x.o
                0x00000000080031f8                SystemInit
                0x00000000080032f4                SystemCoreClockUpdate
 .text          0x0000000008003360       0xc0 ../../libraries/libstm32f10x.a(misc.o)
                0x0000000008003360                NVIC_PriorityGroupConfig
                0x0000000008003374                NVIC_Init
                0x00000000080033dc                NVIC_SetVectorTable
                0x00000000080033f0                NVIC_SystemLPConfig
                0x0000000008003408                SysTick_CLKSourceConfig
 .text          0x0000000008003420      0x288 ../../libraries/libstm32f10x.a(stm32f10x_gpio.o)
                0x0000000008003420                GPIO_DeInit
                0x00000000080034cc                GPIO_AFIODeInit
                0x00000000080034e2                GPIO_Init
                0x0000000008003582                GPIO_StructInit
                0x0000000008003592                GPIO_ReadInputDataBit
                0x000000000800359e                GPIO_ReadInputData
                0x00000000080035a4                GPIO_ReadOutputDataBit
                0x00000000080035b0                GPIO_ReadOutputData
                0x00000000080035b6                GPIO_SetBits
                0x00000000080035ba                GPIO_ResetBits
                0x00000000080035be                GPIO_WriteBit
                0x00000000080035c8                GPIO_Write
                0x00000000080035cc                GPIO_PinLockConfig
                0x00000000080035dc                GPIO_EventOutputConfig
                0x00000000080035f8                GPIO_EventOutputCmd
                0x0000000008003604                GPIO_PinRemapConfig
                0x0000000008003668                GPIO_EXTILineConfig
                0x000000000800369c                GPIO_ETH_MediaInterfaceConfig
 .text          0x00000000080036a8      0x34c ../../libraries/libstm32f10x.a(stm32f10x_rcc.o)
                0x00000000080036a8                RCC_DeInit
                0x00000000080036e8                RCC_HSEConfig
                0x000000000800371c                RCC_AdjustHSICalibrationValue
                0x0000000008003730                RCC_HSICmd
                0x000000000800373c                RCC_PLLConfig
                0x0000000008003750                RCC_PLLCmd
                0x000000000800375c                RCC_SYSCLKConfig
                0x0000000008003770                RCC_GetSYSCLKSource
                0x0000000008003780                RCC_HCLKConfig
                0x0000000008003794                RCC_PCLK1Config
                0x00000000080037a8                RCC_PCLK2Config
                0x00000000080037bc                RCC_ITConfig
                0x00000000080037d4                RCC_USBCLKConfig
                0x00000000080037e0                RCC_ADCCLKConfig
                0x00000000080037f4                RCC_LSEConfig
                0x0000000008003814                RCC_LSICmd
                0x0000000008003820                RCC_RTCCLKConfig
                0x0000000008003830                RCC_RTCCLKCmd
                0x000000000800383c                RCC_GetClocksFreq
                0x00000000080038d4                RCC_AHBPeriphClockCmd
                0x00000000080038ec                RCC_APB2PeriphClockCmd
                0x0000000008003904                RCC_APB1PeriphClockCmd
                0x000000000800391c                RCC_APB2PeriphResetCmd
                0x0000000008003934                RCC_APB1PeriphResetCmd
                0x000000000800394c                RCC_BackupResetCmd
                0x0000000008003958                RCC_ClockSecuritySystemCmd
                0x0000000008003964                RCC_MCOConfig
                0x0000000008003970                RCC_GetFlagStatus
                0x0000000008003998                RCC_WaitForHSEStartUp
                0x00000000080039c4                RCC_ClearFlag
                0x00000000080039d4                RCC_GetITStatus
                0x00000000080039e8                RCC_ClearITPendingBit
 .text          0x00000000080039f4       0x90 ../../libraries/libstm32f10x.a(delay.o)
                0x00000000080039f4                delay_core
                0x0000000008003a2e                delay_ms
                0x0000000008003a58                delay_us
 .text          0x0000000008003a84       0xa4 ../../libraries/libstm32f10x.a(STBM_UART.o)
                0x0000000008003a84                STBM_UART::STBM_UART(unsigned char, unsigned long)
                0x0000000008003a84                STBM_UART::STBM_UART(unsigned char, unsigned long)
                0x0000000008003a96                STBM_UART::init()
                0x0000000008003b1c                STBM_UART::send_data(signed char)
 .text          0x0000000008003b28      0xc9c ../../libraries/libstm32f10x.a(stm32f10x_tim.o)
                0x0000000008003c08                TIM_DeInit
                0x0000000008003db4                TIM_TimeBaseInit
                0x0000000008003e48                TIM_OC1Init
                0x0000000008003ed0                TIM_OC2Init
                0x0000000008003f58                TIM_OC3Init
                0x0000000008003fdc                TIM_OC4Init
                0x0000000008004044                TIM_BDTRConfig
                0x0000000008004066                TIM_TimeBaseStructInit
                0x0000000008004078                TIM_OCStructInit
                0x000000000800408c                TIM_ICStructInit
                0x000000000800409c                TIM_BDTRStructInit
                0x00000000080040ae                TIM_Cmd
                0x00000000080040c6                TIM_CtrlPWMOutputs
                0x00000000080040e2                TIM_ITConfig
                0x00000000080040f4                TIM_GenerateEvent
                0x00000000080040f8                TIM_DMAConfig
                0x0000000008004100                TIM_DMACmd
                0x0000000008004112                TIM_InternalClockConfig
                0x0000000008004120                TIM_ITRxExternalClockConfig
                0x000000000800413a                TIM_TIxExternalClockConfig
                0x000000000800416e                TIM_ETRConfig
                0x0000000008004182                TIM_ETRClockMode2Config
                0x0000000008004196                TIM_ETRClockMode1Config
                0x00000000080041b0                TIM_PrescalerConfig
                0x00000000080041b6                TIM_CounterModeConfig
                0x00000000080041c6                TIM_SelectInputTrigger
                0x00000000080041d6                TIM_EncoderInterfaceConfig
                0x0000000008004212                TIM_ForcedOC1Config
                0x0000000008004222                TIM_ForcedOC2Config
                0x0000000008004236                TIM_ForcedOC3Config
                0x0000000008004246                TIM_ForcedOC4Config
                0x000000000800425a                TIM_ARRPreloadConfig
                0x0000000008004272                TIM_SelectCOM
                0x000000000800428a                TIM_SelectCCDMA
                0x00000000080042a2                TIM_CCPreloadControl
                0x00000000080042ba                TIM_OC1PreloadConfig
                0x00000000080042ca                TIM_OC2PreloadConfig
                0x00000000080042de                TIM_OC3PreloadConfig
                0x00000000080042ee                TIM_OC4PreloadConfig
                0x0000000008004302                TIM_OC1FastConfig
                0x0000000008004312                TIM_OC2FastConfig
                0x0000000008004326                TIM_OC3FastConfig
                0x0000000008004336                TIM_OC4FastConfig
                0x000000000800434a                TIM_ClearOC1Ref
                0x000000000800435a                TIM_ClearOC2Ref
                0x000000000800436a                TIM_ClearOC3Ref
                0x000000000800437a                TIM_ClearOC4Ref
                0x000000000800438a                TIM_OC1PolarityConfig
                0x000000000800439a                TIM_OC1NPolarityConfig
                0x00000000080043aa                TIM_OC2PolarityConfig
                0x00000000080043be                TIM_OC2NPolarityConfig
                0x00000000080043d2                TIM_OC3PolarityConfig
                0x00000000080043e6                TIM_OC3NPolarityConfig
                0x00000000080043fa                TIM_OC4PolarityConfig
                0x000000000800440e                TIM_CCxCmd
                0x0000000008004430                TIM_CCxNCmd
                0x0000000008004452                TIM_SelectOCxM
                0x0000000008004496                TIM_UpdateDisableConfig
                0x00000000080044ae                TIM_UpdateRequestConfig
                0x00000000080044c6                TIM_SelectHallSensor
                0x00000000080044de                TIM_SelectOnePulseMode
                0x00000000080044f4                TIM_SelectOutputTrigger
                0x000000000800450a                TIM_SelectSlaveMode
                0x0000000008004520                TIM_SelectMasterSlaveMode
                0x0000000008004536                TIM_SetCounter
                0x000000000800453a                TIM_SetAutoreload
                0x000000000800453e                TIM_SetCompare1
                0x0000000008004542                TIM_SetCompare2
                0x0000000008004546                TIM_SetCompare3
                0x000000000800454a                TIM_SetCompare4
                0x0000000008004550                TIM_SetIC1Prescaler
                0x0000000008004566                TIM_SetIC2Prescaler
                0x0000000008004580                TIM_PWMIConfig
                0x00000000080045ee                TIM_SetIC3Prescaler
                0x0000000008004604                TIM_SetIC4Prescaler
                0x000000000800461e                TIM_ICInit
                0x0000000008004754                TIM_SetClockDivision
                0x000000000800476a                TIM_GetCapture1
                0x0000000008004770                TIM_GetCapture2
                0x0000000008004776                TIM_GetCapture3
                0x000000000800477c                TIM_GetCapture4
                0x0000000008004784                TIM_GetCounter
                0x000000000800478a                TIM_GetPrescaler
                0x0000000008004790                TIM_GetFlagStatus
                0x000000000800479c                TIM_ClearFlag
                0x00000000080047a4                TIM_GetITStatus
                0x00000000080047ba                TIM_ClearITPendingBit
 .text          0x00000000080047c4      0x3a4 ../../libraries/libstm32f10x.a(stm32f10x_usart.o)
                0x00000000080047c4                USART_DeInit
                0x000000000800485c                USART_Init
                0x000000000800490c                USART_StructInit
                0x0000000008004922                USART_ClockInit
                0x0000000008004942                USART_ClockStructInit
                0x000000000800494e                USART_Cmd
                0x0000000008004966                USART_ITConfig
                0x000000000800499a                USART_DMACmd
                0x00000000080049ac                USART_SetAddress
                0x00000000080049c2                USART_WakeUpConfig
                0x00000000080049d8                USART_ReceiverWakeUpCmd
                0x00000000080049f0                USART_LINBreakDetectLengthConfig
                0x0000000008004a06                USART_LINCmd
                0x0000000008004a1e                USART_SendData
                0x0000000008004a26                USART_ReceiveData
                0x0000000008004a2e                USART_SendBreak
                0x0000000008004a3a                USART_SetGuardTime
                0x0000000008004a4c                USART_SetPrescaler
                0x0000000008004a5e                USART_SmartCardCmd
                0x0000000008004a76                USART_SmartCardNACKCmd
                0x0000000008004a8e                USART_HalfDuplexCmd
                0x0000000008004aa6                USART_OverSampling8Cmd
                0x0000000008004abe                USART_OneBitMethodCmd
                0x0000000008004ad6                USART_IrDAConfig
                0x0000000008004aec                USART_IrDACmd
                0x0000000008004b04                USART_GetFlagStatus
                0x0000000008004b10                USART_ClearFlag
                0x0000000008004b18                USART_GetITStatus
                0x0000000008004b58                USART_ClearITPendingBit
 *(.text.*)
 .text.startup  0x0000000008004b68       0x90 main.o
                0x0000000008004b68                main
 .text.Reset_Handler
                0x0000000008004bf8       0x4c ../../libraries/CMSIS/Device/ST/STM32F10x/startup/gcc_ride7/startup_stm32f10x_hd.o
                0x0000000008004bf8                Reset_Handler
 .text.Default_Handler
                0x0000000008004c44        0x4 ../../libraries/CMSIS/Device/ST/STM32F10x/startup/gcc_ride7/startup_stm32f10x_hd.o
                0x0000000008004c44                DMA2_Channel3_IRQHandler
                0x0000000008004c44                TIM8_TRG_COM_IRQHandler
                0x0000000008004c44                TIM8_CC_IRQHandler
                0x0000000008004c44                TIM1_CC_IRQHandler
                0x0000000008004c44                TIM6_IRQHandler
                0x0000000008004c44                PVD_IRQHandler
                0x0000000008004c44                SDIO_IRQHandler
                0x0000000008004c44                EXTI3_IRQHandler
                0x0000000008004c44                EXTI0_IRQHandler
                0x0000000008004c44                I2C2_EV_IRQHandler
                0x0000000008004c44                ADC1_2_IRQHandler
                0x0000000008004c44                SPI1_IRQHandler
                0x0000000008004c44                TAMPER_IRQHandler
                0x0000000008004c44                TIM8_UP_IRQHandler
                0x0000000008004c44                DMA2_Channel2_IRQHandler
                0x0000000008004c44                DMA1_Channel4_IRQHandler
                0x0000000008004c44                USART3_IRQHandler
                0x0000000008004c44                RTC_IRQHandler
                0x0000000008004c44                DMA1_Channel7_IRQHandler
                0x0000000008004c44                CAN1_RX1_IRQHandler
                0x0000000008004c44                UART5_IRQHandler
                0x0000000008004c44                ADC3_IRQHandler
                0x0000000008004c44                TIM4_IRQHandler
                0x0000000008004c44                DMA2_Channel1_IRQHandler
                0x0000000008004c44                I2C1_EV_IRQHandler
                0x0000000008004c44                DMA1_Channel6_IRQHandler
                0x0000000008004c44                UART4_IRQHandler
                0x0000000008004c44                TIM3_IRQHandler
                0x0000000008004c44                RCC_IRQHandler
                0x0000000008004c44                TIM1_TRG_COM_IRQHandler
                0x0000000008004c44                DMA1_Channel1_IRQHandler
                0x0000000008004c44                Default_Handler
                0x0000000008004c44                EXTI15_10_IRQHandler
                0x0000000008004c44                TIM7_IRQHandler
                0x0000000008004c44                TIM5_IRQHandler
                0x0000000008004c44                EXTI9_5_IRQHandler
                0x0000000008004c44                SPI2_IRQHandler
                0x0000000008004c44                DMA1_Channel5_IRQHandler
                0x0000000008004c44                EXTI4_IRQHandler
                0x0000000008004c44                USB_LP_CAN1_RX0_IRQHandler
                0x0000000008004c44                USB_HP_CAN1_TX_IRQHandler
                0x0000000008004c44                DMA1_Channel3_IRQHandler
                0x0000000008004c44                FSMC_IRQHandler
                0x0000000008004c44                TIM1_UP_IRQHandler
                0x0000000008004c44                WWDG_IRQHandler
                0x0000000008004c44                TIM2_IRQHandler
                0x0000000008004c44                TIM1_BRK_IRQHandler
                0x0000000008004c44                EXTI1_IRQHandler
                0x0000000008004c44                RTCAlarm_IRQHandler
                0x0000000008004c44                DMA2_Channel4_5_IRQHandler
                0x0000000008004c44                USART2_IRQHandler
                0x0000000008004c44                I2C2_ER_IRQHandler
                0x0000000008004c44                DMA1_Channel2_IRQHandler
                0x0000000008004c44                TIM8_BRK_IRQHandler
                0x0000000008004c44                CAN1_SCE_IRQHandler
                0x0000000008004c44                FLASH_IRQHandler
                0x0000000008004c44                USART1_IRQHandler
                0x0000000008004c44                SPI3_IRQHandler
                0x0000000008004c44                I2C1_ER_IRQHandler
                0x0000000008004c44                USBWakeUp_IRQHandler
                0x0000000008004c44                EXTI2_IRQHandler
 *(.rodata)
 *(.rodata*)
 *(.glue_7)
 .glue_7        0x0000000000000000        0x0 linker stubs
 *(.glue_7t)
 .glue_7t       0x0000000000000000        0x0 linker stubs
                0x0000000008004c48                . = ALIGN (0x4)
                0x0000000008004c48                _etext = .
                0x0000000008004c48                _sidata = _etext

.vfp11_veneer   0x0000000008004c48        0x0
 .vfp11_veneer  0x0000000000000000        0x0 linker stubs

.v4_bx          0x0000000008004c48        0x0
 .v4_bx         0x0000000000000000        0x0 linker stubs

.iplt           0x0000000008004c48        0x0
 .iplt          0x0000000000000000        0x0 /usr/local/Cellar/gcc-arm-none-eabi/20140408/bin/../lib/gcc/arm-none-eabi/4.7.4/armv7-m/crtbegin.o

.rel.dyn        0x0000000008004c48        0x0
 .rel.iplt      0x0000000000000000        0x0 /usr/local/Cellar/gcc-arm-none-eabi/20140408/bin/../lib/gcc/arm-none-eabi/4.7.4/armv7-m/crtbegin.o

.data           0x0000000020000000       0x3c load address 0x0000000008004c48
                0x0000000020000000                . = ALIGN (0x4)
                0x0000000020000000                _sdata = .
 *(.data)
 .data          0x0000000020000000       0x14 system_stm32f10x.o
                0x0000000020000000                SystemCoreClock
                0x0000000020000004                AHBPrescTable
 .data          0x0000000020000014       0x14 ../../libraries/libstm32f10x.a(stm32f10x_rcc.o)
 .data          0x0000000020000028       0x14 ../../libraries/libstm32f10x.a(delay.o)
                0x0000000020000028                TIM_TimeBaseStructureMili
                0x0000000020000032                TIM_TimeBaseStructureMicro
 *(.data.*)
                0x000000002000003c                . = ALIGN (0x4)
                0x000000002000003c                _edata = .

.igot.plt       0x000000002000003c        0x0 load address 0x0000000008004c84
 .igot.plt      0x0000000000000000        0x0 /usr/local/Cellar/gcc-arm-none-eabi/20140408/bin/../lib/gcc/arm-none-eabi/4.7.4/armv7-m/crtbegin.o

.bss            0x000000002000003c        0x0
                0x000000002000003c                . = ALIGN (0x4)
                0x000000002000003c                _sbss = .
 *(.bss)
 *(COMMON)
                0x000000002000003c                . = ALIGN (0x4)
                0x000000002000003c                _ebss = .
                0x000000002000003c                PROVIDE (end, _ebss)
                0x000000002000003c                PROVIDE (_end, _ebss)

._usrstack      0x000000002000003c      0x800 load address 0x0000000008004c84
                0x000000002000003c                . = ALIGN (0x4)
                0x000000002000003c                _susrstack = .
                0x000000002000083c                . = (. + _Minimum_Stack_Size)
 *fill*         0x000000002000003c      0x800 00
                0x000000002000083c                . = ALIGN (0x4)
                0x000000002000083c                _eusrstack = .

.b1text
 *(.b1text)
 *(.b1rodata)
 *(.b1rodata*)

.eb0text
 *(.eb0text)
 *(.eb0rodata)
 *(.eb0rodata*)

.eb1text
 *(.eb1text)
 *(.eb1rodata)
 *(.eb1rodata*)

.eb2text
 *(.eb2text)
 *(.eb2rodata)
 *(.eb2rodata*)

.eb3text
 *(.eb3text)
 *(.eb3rodata)
 *(.eb3rodata*)

DISCARD
 libc.a(*)
 libm.a(*)
 libgcc.a(*)

.stab
 *(.stab)

.stabstr
 *(.stabstr)

.stab.excl
 *(.stab.excl)

.stab.exclstr
 *(.stab.exclstr)

.stab.index
 *(.stab.index)

.stab.indexstr
 *(.stab.indexstr)

.comment        0x0000000000000000       0x70
 *(.comment)
 .comment       0x0000000000000000       0x70 stm32f10x_it.o
                                         0x71 (size before relaxing)
 .comment       0x0000000000000000       0x71 system_stm32f10x.o
 .comment       0x0000000000000000       0x71 main.o
 .comment       0x0000000000000000       0x71 ../../libraries/libstm32f10x.a(misc.o)
 .comment       0x0000000000000000       0x71 ../../libraries/libstm32f10x.a(stm32f10x_gpio.o)
 .comment       0x0000000000000000       0x71 ../../libraries/libstm32f10x.a(stm32f10x_rcc.o)
 .comment       0x0000000000000000       0x71 ../../libraries/libstm32f10x.a(delay.o)
 .comment       0x0000000000000000       0x71 ../../libraries/libstm32f10x.a(STBM_UART.o)
 .comment       0x0000000000000000       0x71 ../../libraries/libstm32f10x.a(stm32f10x_tim.o)
 .comment       0x0000000000000000       0x71 ../../libraries/libstm32f10x.a(stm32f10x_usart.o)

.ARM.attributes
                0x0000000000000000       0x29
 .ARM.attributes
                0x0000000000000000       0x33 stm32f10x_it.o
 .ARM.attributes
                0x0000000000000033       0x33 system_stm32f10x.o
 .ARM.attributes
                0x0000000000000066       0x33 main.o
 .ARM.attributes
                0x0000000000000099       0x21 ../../libraries/CMSIS/Device/ST/STM32F10x/startup/gcc_ride7/startup_stm32f10x_hd.o
 .ARM.attributes
                0x00000000000000ba       0x33 ../../libraries/libstm32f10x.a(misc.o)
 .ARM.attributes
                0x00000000000000ed       0x33 ../../libraries/libstm32f10x.a(stm32f10x_gpio.o)
 .ARM.attributes
                0x0000000000000120       0x33 ../../libraries/libstm32f10x.a(stm32f10x_rcc.o)
 .ARM.attributes
                0x0000000000000153       0x33 ../../libraries/libstm32f10x.a(delay.o)
 .ARM.attributes
                0x0000000000000186       0x33 ../../libraries/libstm32f10x.a(STBM_UART.o)
 .ARM.attributes
                0x00000000000001b9       0x33 ../../libraries/libstm32f10x.a(stm32f10x_tim.o)
 .ARM.attributes
                0x00000000000001ec       0x33 ../../libraries/libstm32f10x.a(stm32f10x_usart.o)

.debug
 *(.debug)

.line
 *(.line)

.debug_srcinfo
 *(.debug_srcinfo)

.debug_sfnames
 *(.debug_sfnames)

.debug_aranges
 *(.debug_aranges)

.debug_pubnames
 *(.debug_pubnames)

.debug_info
 *(.debug_info .gnu.linkonce.wi.*)

.debug_abbrev
 *(.debug_abbrev)

.debug_line
 *(.debug_line)

.debug_frame
 *(.debug_frame)

.debug_str
 *(.debug_str)

.debug_loc
 *(.debug_loc)

.debug_macinfo
 *(.debug_macinfo)

.debug_weaknames
 *(.debug_weaknames)

.debug_funcnames
 *(.debug_funcnames)

.debug_typenames
 *(.debug_typenames)

.debug_varnames
 *(.debug_varnames)
OUTPUT(bin/main.elf elf32-littlearm)

Cross Reference Table

Symbol                                            File
ADC1_2_IRQHandler                                 ../../libraries/CMSIS/Device/ST/STM32F10x/startup/gcc_ride7/startup_stm32f10x_hd.o
ADC3_IRQHandler                                   ../../libraries/CMSIS/Device/ST/STM32F10x/startup/gcc_ride7/startup_stm32f10x_hd.o
AHBPrescTable                                     system_stm32f10x.o
BusFault_Handler                                  stm32f10x_it.o
CAN1_RX1_IRQHandler                               ../../libraries/CMSIS/Device/ST/STM32F10x/startup/gcc_ride7/startup_stm32f10x_hd.o
CAN1_SCE_IRQHandler                               ../../libraries/CMSIS/Device/ST/STM32F10x/startup/gcc_ride7/startup_stm32f10x_hd.o
DMA1_Channel1_IRQHandler                          ../../libraries/CMSIS/Device/ST/STM32F10x/startup/gcc_ride7/startup_stm32f10x_hd.o
DMA1_Channel2_IRQHandler                          ../../libraries/CMSIS/Device/ST/STM32F10x/startup/gcc_ride7/startup_stm32f10x_hd.o
DMA1_Channel3_IRQHandler                          ../../libraries/CMSIS/Device/ST/STM32F10x/startup/gcc_ride7/startup_stm32f10x_hd.o
DMA1_Channel4_IRQHandler                          ../../libraries/CMSIS/Device/ST/STM32F10x/startup/gcc_ride7/startup_stm32f10x_hd.o
DMA1_Channel5_IRQHandler                          ../../libraries/CMSIS/Device/ST/STM32F10x/startup/gcc_ride7/startup_stm32f10x_hd.o
DMA1_Channel6_IRQHandler                          ../../libraries/CMSIS/Device/ST/STM32F10x/startup/gcc_ride7/startup_stm32f10x_hd.o
DMA1_Channel7_IRQHandler                          ../../libraries/CMSIS/Device/ST/STM32F10x/startup/gcc_ride7/startup_stm32f10x_hd.o
DMA2_Channel1_IRQHandler                          ../../libraries/CMSIS/Device/ST/STM32F10x/startup/gcc_ride7/startup_stm32f10x_hd.o
DMA2_Channel2_IRQHandler                          ../../libraries/CMSIS/Device/ST/STM32F10x/startup/gcc_ride7/startup_stm32f10x_hd.o
DMA2_Channel3_IRQHandler                          ../../libraries/CMSIS/Device/ST/STM32F10x/startup/gcc_ride7/startup_stm32f10x_hd.o
DMA2_Channel4_5_IRQHandler                        ../../libraries/CMSIS/Device/ST/STM32F10x/startup/gcc_ride7/startup_stm32f10x_hd.o
DebugMon_Handler                                  stm32f10x_it.o
Default_Handler                                   ../../libraries/CMSIS/Device/ST/STM32F10x/startup/gcc_ride7/startup_stm32f10x_hd.o
EXTI0_IRQHandler                                  ../../libraries/CMSIS/Device/ST/STM32F10x/startup/gcc_ride7/startup_stm32f10x_hd.o
EXTI15_10_IRQHandler                              ../../libraries/CMSIS/Device/ST/STM32F10x/startup/gcc_ride7/startup_stm32f10x_hd.o
EXTI1_IRQHandler                                  ../../libraries/CMSIS/Device/ST/STM32F10x/startup/gcc_ride7/startup_stm32f10x_hd.o
EXTI2_IRQHandler                                  ../../libraries/CMSIS/Device/ST/STM32F10x/startup/gcc_ride7/startup_stm32f10x_hd.o
EXTI3_IRQHandler                                  ../../libraries/CMSIS/Device/ST/STM32F10x/startup/gcc_ride7/startup_stm32f10x_hd.o
EXTI4_IRQHandler                                  ../../libraries/CMSIS/Device/ST/STM32F10x/startup/gcc_ride7/startup_stm32f10x_hd.o
EXTI9_5_IRQHandler                                ../../libraries/CMSIS/Device/ST/STM32F10x/startup/gcc_ride7/startup_stm32f10x_hd.o
FLASH_IRQHandler                                  ../../libraries/CMSIS/Device/ST/STM32F10x/startup/gcc_ride7/startup_stm32f10x_hd.o
FSMC_IRQHandler                                   ../../libraries/CMSIS/Device/ST/STM32F10x/startup/gcc_ride7/startup_stm32f10x_hd.o
GPIO_AFIODeInit                                   ../../libraries/libstm32f10x.a(stm32f10x_gpio.o)
GPIO_DeInit                                       ../../libraries/libstm32f10x.a(stm32f10x_gpio.o)
GPIO_ETH_MediaInterfaceConfig                     ../../libraries/libstm32f10x.a(stm32f10x_gpio.o)
GPIO_EXTILineConfig                               ../../libraries/libstm32f10x.a(stm32f10x_gpio.o)
GPIO_EventOutputCmd                               ../../libraries/libstm32f10x.a(stm32f10x_gpio.o)
GPIO_EventOutputConfig                            ../../libraries/libstm32f10x.a(stm32f10x_gpio.o)
GPIO_Init                                         ../../libraries/libstm32f10x.a(stm32f10x_gpio.o)
                                                  ../../libraries/libstm32f10x.a(STBM_UART.o)
                                                  main.o
GPIO_PinLockConfig                                ../../libraries/libstm32f10x.a(stm32f10x_gpio.o)
GPIO_PinRemapConfig                               ../../libraries/libstm32f10x.a(stm32f10x_gpio.o)
GPIO_ReadInputData                                ../../libraries/libstm32f10x.a(stm32f10x_gpio.o)
GPIO_ReadInputDataBit                             ../../libraries/libstm32f10x.a(stm32f10x_gpio.o)
GPIO_ReadOutputData                               ../../libraries/libstm32f10x.a(stm32f10x_gpio.o)
GPIO_ReadOutputDataBit                            ../../libraries/libstm32f10x.a(stm32f10x_gpio.o)
GPIO_ResetBits                                    ../../libraries/libstm32f10x.a(stm32f10x_gpio.o)
GPIO_SetBits                                      ../../libraries/libstm32f10x.a(stm32f10x_gpio.o)
GPIO_StructInit                                   ../../libraries/libstm32f10x.a(stm32f10x_gpio.o)
GPIO_Write                                        ../../libraries/libstm32f10x.a(stm32f10x_gpio.o)
GPIO_WriteBit                                     ../../libraries/libstm32f10x.a(stm32f10x_gpio.o)
HardFault_Handler                                 stm32f10x_it.o
I2C1_ER_IRQHandler                                ../../libraries/CMSIS/Device/ST/STM32F10x/startup/gcc_ride7/startup_stm32f10x_hd.o
I2C1_EV_IRQHandler                                ../../libraries/CMSIS/Device/ST/STM32F10x/startup/gcc_ride7/startup_stm32f10x_hd.o
I2C2_ER_IRQHandler                                ../../libraries/CMSIS/Device/ST/STM32F10x/startup/gcc_ride7/startup_stm32f10x_hd.o
I2C2_EV_IRQHandler                                ../../libraries/CMSIS/Device/ST/STM32F10x/startup/gcc_ride7/startup_stm32f10x_hd.o
MemManage_Handler                                 stm32f10x_it.o
NMI_Handler                                       stm32f10x_it.o
NVIC_Init                                         ../../libraries/libstm32f10x.a(misc.o)
NVIC_PriorityGroupConfig                          ../../libraries/libstm32f10x.a(misc.o)
NVIC_SetVectorTable                               ../../libraries/libstm32f10x.a(misc.o)
                                                  main.o
NVIC_SystemLPConfig                               ../../libraries/libstm32f10x.a(misc.o)
PVD_IRQHandler                                    ../../libraries/CMSIS/Device/ST/STM32F10x/startup/gcc_ride7/startup_stm32f10x_hd.o
PendSV_Handler                                    stm32f10x_it.o
RCC_ADCCLKConfig                                  ../../libraries/libstm32f10x.a(stm32f10x_rcc.o)
RCC_AHBPeriphClockCmd                             ../../libraries/libstm32f10x.a(stm32f10x_rcc.o)
RCC_APB1PeriphClockCmd                            ../../libraries/libstm32f10x.a(stm32f10x_rcc.o)
                                                  ../../libraries/libstm32f10x.a(STBM_UART.o)
                                                  ../../libraries/libstm32f10x.a(delay.o)
RCC_APB1PeriphResetCmd                            ../../libraries/libstm32f10x.a(stm32f10x_rcc.o)
                                                  ../../libraries/libstm32f10x.a(stm32f10x_usart.o)
                                                  ../../libraries/libstm32f10x.a(stm32f10x_tim.o)
RCC_APB2PeriphClockCmd                            ../../libraries/libstm32f10x.a(stm32f10x_rcc.o)
                                                  ../../libraries/libstm32f10x.a(STBM_UART.o)
                                                  main.o
RCC_APB2PeriphResetCmd                            ../../libraries/libstm32f10x.a(stm32f10x_rcc.o)
                                                  ../../libraries/libstm32f10x.a(stm32f10x_usart.o)
                                                  ../../libraries/libstm32f10x.a(stm32f10x_tim.o)
                                                  ../../libraries/libstm32f10x.a(stm32f10x_gpio.o)
RCC_AdjustHSICalibrationValue                     ../../libraries/libstm32f10x.a(stm32f10x_rcc.o)
RCC_BackupResetCmd                                ../../libraries/libstm32f10x.a(stm32f10x_rcc.o)
RCC_ClearFlag                                     ../../libraries/libstm32f10x.a(stm32f10x_rcc.o)
RCC_ClearITPendingBit                             ../../libraries/libstm32f10x.a(stm32f10x_rcc.o)
RCC_ClockSecuritySystemCmd                        ../../libraries/libstm32f10x.a(stm32f10x_rcc.o)
RCC_DeInit                                        ../../libraries/libstm32f10x.a(stm32f10x_rcc.o)
RCC_GetClocksFreq                                 ../../libraries/libstm32f10x.a(stm32f10x_rcc.o)
                                                  ../../libraries/libstm32f10x.a(stm32f10x_usart.o)
RCC_GetFlagStatus                                 ../../libraries/libstm32f10x.a(stm32f10x_rcc.o)
RCC_GetITStatus                                   ../../libraries/libstm32f10x.a(stm32f10x_rcc.o)
RCC_GetSYSCLKSource                               ../../libraries/libstm32f10x.a(stm32f10x_rcc.o)
RCC_HCLKConfig                                    ../../libraries/libstm32f10x.a(stm32f10x_rcc.o)
RCC_HSEConfig                                     ../../libraries/libstm32f10x.a(stm32f10x_rcc.o)
RCC_HSICmd                                        ../../libraries/libstm32f10x.a(stm32f10x_rcc.o)
RCC_IRQHandler                                    ../../libraries/CMSIS/Device/ST/STM32F10x/startup/gcc_ride7/startup_stm32f10x_hd.o
RCC_ITConfig                                      ../../libraries/libstm32f10x.a(stm32f10x_rcc.o)
RCC_LSEConfig                                     ../../libraries/libstm32f10x.a(stm32f10x_rcc.o)
RCC_LSICmd                                        ../../libraries/libstm32f10x.a(stm32f10x_rcc.o)
RCC_MCOConfig                                     ../../libraries/libstm32f10x.a(stm32f10x_rcc.o)
RCC_PCLK1Config                                   ../../libraries/libstm32f10x.a(stm32f10x_rcc.o)
RCC_PCLK2Config                                   ../../libraries/libstm32f10x.a(stm32f10x_rcc.o)
RCC_PLLCmd                                        ../../libraries/libstm32f10x.a(stm32f10x_rcc.o)
RCC_PLLConfig                                     ../../libraries/libstm32f10x.a(stm32f10x_rcc.o)
RCC_RTCCLKCmd                                     ../../libraries/libstm32f10x.a(stm32f10x_rcc.o)
RCC_RTCCLKConfig                                  ../../libraries/libstm32f10x.a(stm32f10x_rcc.o)
RCC_SYSCLKConfig                                  ../../libraries/libstm32f10x.a(stm32f10x_rcc.o)
RCC_USBCLKConfig                                  ../../libraries/libstm32f10x.a(stm32f10x_rcc.o)
RCC_WaitForHSEStartUp                             ../../libraries/libstm32f10x.a(stm32f10x_rcc.o)
RTCAlarm_IRQHandler                               ../../libraries/CMSIS/Device/ST/STM32F10x/startup/gcc_ride7/startup_stm32f10x_hd.o
RTC_IRQHandler                                    ../../libraries/CMSIS/Device/ST/STM32F10x/startup/gcc_ride7/startup_stm32f10x_hd.o
Reset_Handler                                     ../../libraries/CMSIS/Device/ST/STM32F10x/startup/gcc_ride7/startup_stm32f10x_hd.o
SDIO_IRQHandler                                   ../../libraries/CMSIS/Device/ST/STM32F10x/startup/gcc_ride7/startup_stm32f10x_hd.o
SPI1_IRQHandler                                   ../../libraries/CMSIS/Device/ST/STM32F10x/startup/gcc_ride7/startup_stm32f10x_hd.o
SPI2_IRQHandler                                   ../../libraries/CMSIS/Device/ST/STM32F10x/startup/gcc_ride7/startup_stm32f10x_hd.o
SPI3_IRQHandler                                   ../../libraries/CMSIS/Device/ST/STM32F10x/startup/gcc_ride7/startup_stm32f10x_hd.o
STBM_UART::STBM_UART(unsigned char, unsigned long) ../../libraries/libstm32f10x.a(STBM_UART.o)
STBM_UART::STBM_UART(unsigned char, unsigned long) ../../libraries/libstm32f10x.a(STBM_UART.o)
                                                  main.o
STBM_UART::init()                                 ../../libraries/libstm32f10x.a(STBM_UART.o)
                                                  main.o
STBM_UART::send_data(signed char)                 ../../libraries/libstm32f10x.a(STBM_UART.o)
                                                  main.o
SVC_Handler                                       stm32f10x_it.o
SysTick_CLKSourceConfig                           ../../libraries/libstm32f10x.a(misc.o)
SysTick_Handler                                   stm32f10x_it.o
SystemCoreClock                                   system_stm32f10x.o
SystemCoreClockUpdate                             system_stm32f10x.o
SystemInit                                        system_stm32f10x.o
                                                  ../../libraries/CMSIS/Device/ST/STM32F10x/startup/gcc_ride7/startup_stm32f10x_hd.o
                                                  main.o
TAMPER_IRQHandler                                 ../../libraries/CMSIS/Device/ST/STM32F10x/startup/gcc_ride7/startup_stm32f10x_hd.o
TIM1_BRK_IRQHandler                               ../../libraries/CMSIS/Device/ST/STM32F10x/startup/gcc_ride7/startup_stm32f10x_hd.o
TIM1_CC_IRQHandler                                ../../libraries/CMSIS/Device/ST/STM32F10x/startup/gcc_ride7/startup_stm32f10x_hd.o
TIM1_TRG_COM_IRQHandler                           ../../libraries/CMSIS/Device/ST/STM32F10x/startup/gcc_ride7/startup_stm32f10x_hd.o
TIM1_UP_IRQHandler                                ../../libraries/CMSIS/Device/ST/STM32F10x/startup/gcc_ride7/startup_stm32f10x_hd.o
TIM2_IRQHandler                                   ../../libraries/CMSIS/Device/ST/STM32F10x/startup/gcc_ride7/startup_stm32f10x_hd.o
TIM3_IRQHandler                                   ../../libraries/CMSIS/Device/ST/STM32F10x/startup/gcc_ride7/startup_stm32f10x_hd.o
TIM4_IRQHandler                                   ../../libraries/CMSIS/Device/ST/STM32F10x/startup/gcc_ride7/startup_stm32f10x_hd.o
TIM5_IRQHandler                                   ../../libraries/CMSIS/Device/ST/STM32F10x/startup/gcc_ride7/startup_stm32f10x_hd.o
TIM6_IRQHandler                                   ../../libraries/CMSIS/Device/ST/STM32F10x/startup/gcc_ride7/startup_stm32f10x_hd.o
TIM7_IRQHandler                                   ../../libraries/CMSIS/Device/ST/STM32F10x/startup/gcc_ride7/startup_stm32f10x_hd.o
TIM8_BRK_IRQHandler                               ../../libraries/CMSIS/Device/ST/STM32F10x/startup/gcc_ride7/startup_stm32f10x_hd.o
TIM8_CC_IRQHandler                                ../../libraries/CMSIS/Device/ST/STM32F10x/startup/gcc_ride7/startup_stm32f10x_hd.o
TIM8_TRG_COM_IRQHandler                           ../../libraries/CMSIS/Device/ST/STM32F10x/startup/gcc_ride7/startup_stm32f10x_hd.o
TIM8_UP_IRQHandler                                ../../libraries/CMSIS/Device/ST/STM32F10x/startup/gcc_ride7/startup_stm32f10x_hd.o
TIM_ARRPreloadConfig                              ../../libraries/libstm32f10x.a(stm32f10x_tim.o)
TIM_BDTRConfig                                    ../../libraries/libstm32f10x.a(stm32f10x_tim.o)
TIM_BDTRStructInit                                ../../libraries/libstm32f10x.a(stm32f10x_tim.o)
TIM_CCPreloadControl                              ../../libraries/libstm32f10x.a(stm32f10x_tim.o)
TIM_CCxCmd                                        ../../libraries/libstm32f10x.a(stm32f10x_tim.o)
TIM_CCxNCmd                                       ../../libraries/libstm32f10x.a(stm32f10x_tim.o)
TIM_ClearFlag                                     ../../libraries/libstm32f10x.a(stm32f10x_tim.o)
TIM_ClearITPendingBit                             ../../libraries/libstm32f10x.a(stm32f10x_tim.o)
TIM_ClearOC1Ref                                   ../../libraries/libstm32f10x.a(stm32f10x_tim.o)
TIM_ClearOC2Ref                                   ../../libraries/libstm32f10x.a(stm32f10x_tim.o)
TIM_ClearOC3Ref                                   ../../libraries/libstm32f10x.a(stm32f10x_tim.o)
TIM_ClearOC4Ref                                   ../../libraries/libstm32f10x.a(stm32f10x_tim.o)
TIM_Cmd                                           ../../libraries/libstm32f10x.a(stm32f10x_tim.o)
                                                  ../../libraries/libstm32f10x.a(delay.o)
TIM_CounterModeConfig                             ../../libraries/libstm32f10x.a(stm32f10x_tim.o)
TIM_CtrlPWMOutputs                                ../../libraries/libstm32f10x.a(stm32f10x_tim.o)
TIM_DMACmd                                        ../../libraries/libstm32f10x.a(stm32f10x_tim.o)
TIM_DMAConfig                                     ../../libraries/libstm32f10x.a(stm32f10x_tim.o)
TIM_DeInit                                        ../../libraries/libstm32f10x.a(stm32f10x_tim.o)
TIM_ETRClockMode1Config                           ../../libraries/libstm32f10x.a(stm32f10x_tim.o)
TIM_ETRClockMode2Config                           ../../libraries/libstm32f10x.a(stm32f10x_tim.o)
TIM_ETRConfig                                     ../../libraries/libstm32f10x.a(stm32f10x_tim.o)
TIM_EncoderInterfaceConfig                        ../../libraries/libstm32f10x.a(stm32f10x_tim.o)
TIM_ForcedOC1Config                               ../../libraries/libstm32f10x.a(stm32f10x_tim.o)
TIM_ForcedOC2Config                               ../../libraries/libstm32f10x.a(stm32f10x_tim.o)
TIM_ForcedOC3Config                               ../../libraries/libstm32f10x.a(stm32f10x_tim.o)
TIM_ForcedOC4Config                               ../../libraries/libstm32f10x.a(stm32f10x_tim.o)
TIM_GenerateEvent                                 ../../libraries/libstm32f10x.a(stm32f10x_tim.o)
TIM_GetCapture1                                   ../../libraries/libstm32f10x.a(stm32f10x_tim.o)
TIM_GetCapture2                                   ../../libraries/libstm32f10x.a(stm32f10x_tim.o)
TIM_GetCapture3                                   ../../libraries/libstm32f10x.a(stm32f10x_tim.o)
TIM_GetCapture4                                   ../../libraries/libstm32f10x.a(stm32f10x_tim.o)
TIM_GetCounter                                    ../../libraries/libstm32f10x.a(stm32f10x_tim.o)
                                                  ../../libraries/libstm32f10x.a(delay.o)
TIM_GetFlagStatus                                 ../../libraries/libstm32f10x.a(stm32f10x_tim.o)
TIM_GetITStatus                                   ../../libraries/libstm32f10x.a(stm32f10x_tim.o)
TIM_GetPrescaler                                  ../../libraries/libstm32f10x.a(stm32f10x_tim.o)
TIM_ICInit                                        ../../libraries/libstm32f10x.a(stm32f10x_tim.o)
TIM_ICStructInit                                  ../../libraries/libstm32f10x.a(stm32f10x_tim.o)
TIM_ITConfig                                      ../../libraries/libstm32f10x.a(stm32f10x_tim.o)
TIM_ITRxExternalClockConfig                       ../../libraries/libstm32f10x.a(stm32f10x_tim.o)
TIM_InternalClockConfig                           ../../libraries/libstm32f10x.a(stm32f10x_tim.o)
TIM_OC1FastConfig                                 ../../libraries/libstm32f10x.a(stm32f10x_tim.o)
TIM_OC1Init                                       ../../libraries/libstm32f10x.a(stm32f10x_tim.o)
TIM_OC1NPolarityConfig                            ../../libraries/libstm32f10x.a(stm32f10x_tim.o)
TIM_OC1PolarityConfig                             ../../libraries/libstm32f10x.a(stm32f10x_tim.o)
TIM_OC1PreloadConfig                              ../../libraries/libstm32f10x.a(stm32f10x_tim.o)
TIM_OC2FastConfig                                 ../../libraries/libstm32f10x.a(stm32f10x_tim.o)
TIM_OC2Init                                       ../../libraries/libstm32f10x.a(stm32f10x_tim.o)
TIM_OC2NPolarityConfig                            ../../libraries/libstm32f10x.a(stm32f10x_tim.o)
TIM_OC2PolarityConfig                             ../../libraries/libstm32f10x.a(stm32f10x_tim.o)
TIM_OC2PreloadConfig                              ../../libraries/libstm32f10x.a(stm32f10x_tim.o)
TIM_OC3FastConfig                                 ../../libraries/libstm32f10x.a(stm32f10x_tim.o)
TIM_OC3Init                                       ../../libraries/libstm32f10x.a(stm32f10x_tim.o)
TIM_OC3NPolarityConfig                            ../../libraries/libstm32f10x.a(stm32f10x_tim.o)
TIM_OC3PolarityConfig                             ../../libraries/libstm32f10x.a(stm32f10x_tim.o)
TIM_OC3PreloadConfig                              ../../libraries/libstm32f10x.a(stm32f10x_tim.o)
TIM_OC4FastConfig                                 ../../libraries/libstm32f10x.a(stm32f10x_tim.o)
TIM_OC4Init                                       ../../libraries/libstm32f10x.a(stm32f10x_tim.o)
TIM_OC4PolarityConfig                             ../../libraries/libstm32f10x.a(stm32f10x_tim.o)
TIM_OC4PreloadConfig                              ../../libraries/libstm32f10x.a(stm32f10x_tim.o)
TIM_OCStructInit                                  ../../libraries/libstm32f10x.a(stm32f10x_tim.o)
TIM_PWMIConfig                                    ../../libraries/libstm32f10x.a(stm32f10x_tim.o)
TIM_PrescalerConfig                               ../../libraries/libstm32f10x.a(stm32f10x_tim.o)
TIM_SelectCCDMA                                   ../../libraries/libstm32f10x.a(stm32f10x_tim.o)
TIM_SelectCOM                                     ../../libraries/libstm32f10x.a(stm32f10x_tim.o)
TIM_SelectHallSensor                              ../../libraries/libstm32f10x.a(stm32f10x_tim.o)
TIM_SelectInputTrigger                            ../../libraries/libstm32f10x.a(stm32f10x_tim.o)
TIM_SelectMasterSlaveMode                         ../../libraries/libstm32f10x.a(stm32f10x_tim.o)
TIM_SelectOCxM                                    ../../libraries/libstm32f10x.a(stm32f10x_tim.o)
TIM_SelectOnePulseMode                            ../../libraries/libstm32f10x.a(stm32f10x_tim.o)
                                                  ../../libraries/libstm32f10x.a(delay.o)
TIM_SelectOutputTrigger                           ../../libraries/libstm32f10x.a(stm32f10x_tim.o)
TIM_SelectSlaveMode                               ../../libraries/libstm32f10x.a(stm32f10x_tim.o)
TIM_SetAutoreload                                 ../../libraries/libstm32f10x.a(stm32f10x_tim.o)
TIM_SetClockDivision                              ../../libraries/libstm32f10x.a(stm32f10x_tim.o)
TIM_SetCompare1                                   ../../libraries/libstm32f10x.a(stm32f10x_tim.o)
TIM_SetCompare2                                   ../../libraries/libstm32f10x.a(stm32f10x_tim.o)
TIM_SetCompare3                                   ../../libraries/libstm32f10x.a(stm32f10x_tim.o)
TIM_SetCompare4                                   ../../libraries/libstm32f10x.a(stm32f10x_tim.o)
TIM_SetCounter                                    ../../libraries/libstm32f10x.a(stm32f10x_tim.o)
                                                  ../../libraries/libstm32f10x.a(delay.o)
TIM_SetIC1Prescaler                               ../../libraries/libstm32f10x.a(stm32f10x_tim.o)
TIM_SetIC2Prescaler                               ../../libraries/libstm32f10x.a(stm32f10x_tim.o)
TIM_SetIC3Prescaler                               ../../libraries/libstm32f10x.a(stm32f10x_tim.o)
TIM_SetIC4Prescaler                               ../../libraries/libstm32f10x.a(stm32f10x_tim.o)
TIM_TIxExternalClockConfig                        ../../libraries/libstm32f10x.a(stm32f10x_tim.o)
TIM_TimeBaseInit                                  ../../libraries/libstm32f10x.a(stm32f10x_tim.o)
                                                  ../../libraries/libstm32f10x.a(delay.o)
TIM_TimeBaseStructInit                            ../../libraries/libstm32f10x.a(stm32f10x_tim.o)
TIM_TimeBaseStructureMicro                        ../../libraries/libstm32f10x.a(delay.o)
TIM_TimeBaseStructureMili                         ../../libraries/libstm32f10x.a(delay.o)
TIM_UpdateDisableConfig                           ../../libraries/libstm32f10x.a(stm32f10x_tim.o)
TIM_UpdateRequestConfig                           ../../libraries/libstm32f10x.a(stm32f10x_tim.o)
UART4_IRQHandler                                  ../../libraries/CMSIS/Device/ST/STM32F10x/startup/gcc_ride7/startup_stm32f10x_hd.o
UART5_IRQHandler                                  ../../libraries/CMSIS/Device/ST/STM32F10x/startup/gcc_ride7/startup_stm32f10x_hd.o
USART1_IRQHandler                                 ../../libraries/CMSIS/Device/ST/STM32F10x/startup/gcc_ride7/startup_stm32f10x_hd.o
USART2_IRQHandler                                 ../../libraries/CMSIS/Device/ST/STM32F10x/startup/gcc_ride7/startup_stm32f10x_hd.o
USART3_IRQHandler                                 ../../libraries/CMSIS/Device/ST/STM32F10x/startup/gcc_ride7/startup_stm32f10x_hd.o
USART_ClearFlag                                   ../../libraries/libstm32f10x.a(stm32f10x_usart.o)
USART_ClearITPendingBit                           ../../libraries/libstm32f10x.a(stm32f10x_usart.o)
USART_ClockInit                                   ../../libraries/libstm32f10x.a(stm32f10x_usart.o)
USART_ClockStructInit                             ../../libraries/libstm32f10x.a(stm32f10x_usart.o)
USART_Cmd                                         ../../libraries/libstm32f10x.a(stm32f10x_usart.o)
                                                  ../../libraries/libstm32f10x.a(STBM_UART.o)
USART_DMACmd                                      ../../libraries/libstm32f10x.a(stm32f10x_usart.o)
USART_DeInit                                      ../../libraries/libstm32f10x.a(stm32f10x_usart.o)
USART_GetFlagStatus                               ../../libraries/libstm32f10x.a(stm32f10x_usart.o)
USART_GetITStatus                                 ../../libraries/libstm32f10x.a(stm32f10x_usart.o)
USART_HalfDuplexCmd                               ../../libraries/libstm32f10x.a(stm32f10x_usart.o)
USART_ITConfig                                    ../../libraries/libstm32f10x.a(stm32f10x_usart.o)
USART_Init                                        ../../libraries/libstm32f10x.a(stm32f10x_usart.o)
                                                  ../../libraries/libstm32f10x.a(STBM_UART.o)
USART_IrDACmd                                     ../../libraries/libstm32f10x.a(stm32f10x_usart.o)
USART_IrDAConfig                                  ../../libraries/libstm32f10x.a(stm32f10x_usart.o)
USART_LINBreakDetectLengthConfig                  ../../libraries/libstm32f10x.a(stm32f10x_usart.o)
USART_LINCmd                                      ../../libraries/libstm32f10x.a(stm32f10x_usart.o)
USART_OneBitMethodCmd                             ../../libraries/libstm32f10x.a(stm32f10x_usart.o)
USART_OverSampling8Cmd                            ../../libraries/libstm32f10x.a(stm32f10x_usart.o)
USART_ReceiveData                                 ../../libraries/libstm32f10x.a(stm32f10x_usart.o)
USART_ReceiverWakeUpCmd                           ../../libraries/libstm32f10x.a(stm32f10x_usart.o)
USART_SendBreak                                   ../../libraries/libstm32f10x.a(stm32f10x_usart.o)
USART_SendData                                    ../../libraries/libstm32f10x.a(stm32f10x_usart.o)
                                                  ../../libraries/libstm32f10x.a(STBM_UART.o)
USART_SetAddress                                  ../../libraries/libstm32f10x.a(stm32f10x_usart.o)
USART_SetGuardTime                                ../../libraries/libstm32f10x.a(stm32f10x_usart.o)
USART_SetPrescaler                                ../../libraries/libstm32f10x.a(stm32f10x_usart.o)
USART_SmartCardCmd                                ../../libraries/libstm32f10x.a(stm32f10x_usart.o)
USART_SmartCardNACKCmd                            ../../libraries/libstm32f10x.a(stm32f10x_usart.o)
USART_StructInit                                  ../../libraries/libstm32f10x.a(stm32f10x_usart.o)
USART_WakeUpConfig                                ../../libraries/libstm32f10x.a(stm32f10x_usart.o)
USBWakeUp_IRQHandler                              ../../libraries/CMSIS/Device/ST/STM32F10x/startup/gcc_ride7/startup_stm32f10x_hd.o
USB_HP_CAN1_TX_IRQHandler                         ../../libraries/CMSIS/Device/ST/STM32F10x/startup/gcc_ride7/startup_stm32f10x_hd.o
USB_LP_CAN1_RX0_IRQHandler                        ../../libraries/CMSIS/Device/ST/STM32F10x/startup/gcc_ride7/startup_stm32f10x_hd.o
UsageFault_Handler                                stm32f10x_it.o
WWDG_IRQHandler                                   ../../libraries/CMSIS/Device/ST/STM32F10x/startup/gcc_ride7/startup_stm32f10x_hd.o
_Jv_RegisterClasses                               /usr/local/Cellar/gcc-arm-none-eabi/20140408/bin/../lib/gcc/arm-none-eabi/4.7.4/armv7-m/crtbegin.o
__bss_end__                                       /usr/local/Cellar/gcc-arm-none-eabi/20140408/bin/../lib/gcc/arm-none-eabi/4.7.4/../../../../arm-none-eabi/lib/armv7-m/crt0.o
__bss_start__                                     /usr/local/Cellar/gcc-arm-none-eabi/20140408/bin/../lib/gcc/arm-none-eabi/4.7.4/../../../../arm-none-eabi/lib/armv7-m/crt0.o
__call_exitprocs                                  /usr/local/Cellar/gcc-arm-none-eabi/20140408/bin/../lib/gcc/arm-none-eabi/4.7.4/../../../../arm-none-eabi/lib/armv7-m/libc.a(lib_a-__call_atexit.o)
                                                  /usr/local/Cellar/gcc-arm-none-eabi/20140408/bin/../lib/gcc/arm-none-eabi/4.7.4/../../../../arm-none-eabi/lib/armv7-m/libc.a(lib_a-exit.o)
__cxa_pure_virtual                                tweak.o
__deregister_frame_info                           /usr/local/Cellar/gcc-arm-none-eabi/20140408/bin/../lib/gcc/arm-none-eabi/4.7.4/armv7-m/crtbegin.o
__dso_handle                                      /usr/local/Cellar/gcc-arm-none-eabi/20140408/bin/../lib/gcc/arm-none-eabi/4.7.4/armv7-m/crtbegin.o
__errno                                           /usr/local/Cellar/gcc-arm-none-eabi/20140408/bin/../lib/gcc/arm-none-eabi/4.7.4/../../../../arm-none-eabi/lib/armv7-m/libc.a(lib_a-errno.o)
                                                  syscalls.o
__exidx_end                                       tweak.o
__exidx_start                                     tweak.o
__fini_array_end                                  /usr/local/Cellar/gcc-arm-none-eabi/20140408/bin/../lib/gcc/arm-none-eabi/4.7.4/../../../../arm-none-eabi/lib/armv7-m/libc.a(lib_a-fini.o)
__fini_array_start                                /usr/local/Cellar/gcc-arm-none-eabi/20140408/bin/../lib/gcc/arm-none-eabi/4.7.4/../../../../arm-none-eabi/lib/armv7-m/libc.a(lib_a-fini.o)
__gnu_cxx::__verbose_terminate_handler()          tweak.o
__init_array_end                                  /usr/local/Cellar/gcc-arm-none-eabi/20140408/bin/../lib/gcc/arm-none-eabi/4.7.4/../../../../arm-none-eabi/lib/armv7-m/libc.a(lib_a-init.o)
__init_array_start                                /usr/local/Cellar/gcc-arm-none-eabi/20140408/bin/../lib/gcc/arm-none-eabi/4.7.4/../../../../arm-none-eabi/lib/armv7-m/libc.a(lib_a-init.o)
__libc_fini                                       /usr/local/Cellar/gcc-arm-none-eabi/20140408/bin/../lib/gcc/arm-none-eabi/4.7.4/../../../../arm-none-eabi/lib/armv7-m/libc.a(lib_a-__call_atexit.o)
__libc_fini_array                                 /usr/local/Cellar/gcc-arm-none-eabi/20140408/bin/../lib/gcc/arm-none-eabi/4.7.4/../../../../arm-none-eabi/lib/armv7-m/libc.a(lib_a-fini.o)
                                                  /usr/local/Cellar/gcc-arm-none-eabi/20140408/bin/../lib/gcc/arm-none-eabi/4.7.4/../../../../arm-none-eabi/lib/armv7-m/libc.a(lib_a-__call_atexit.o)
                                                  /usr/local/Cellar/gcc-arm-none-eabi/20140408/bin/../lib/gcc/arm-none-eabi/4.7.4/../../../../arm-none-eabi/lib/armv7-m/crt0.o
__libc_init_array                                 /usr/local/Cellar/gcc-arm-none-eabi/20140408/bin/../lib/gcc/arm-none-eabi/4.7.4/../../../../arm-none-eabi/lib/armv7-m/libc.a(lib_a-init.o)
                                                  /usr/local/Cellar/gcc-arm-none-eabi/20140408/bin/../lib/gcc/arm-none-eabi/4.7.4/../../../../arm-none-eabi/lib/armv7-m/crt0.o
__malloc_av_                                      /usr/local/Cellar/gcc-arm-none-eabi/20140408/bin/../lib/gcc/arm-none-eabi/4.7.4/../../../../arm-none-eabi/lib/armv7-m/libc.a(lib_a-mallocr.o)
                                                  /usr/local/Cellar/gcc-arm-none-eabi/20140408/bin/../lib/gcc/arm-none-eabi/4.7.4/../../../../arm-none-eabi/lib/armv7-m/libc.a(lib_a-freer.o)
__malloc_current_mallinfo                         /usr/local/Cellar/gcc-arm-none-eabi/20140408/bin/../lib/gcc/arm-none-eabi/4.7.4/../../../../arm-none-eabi/lib/armv7-m/libc.a(lib_a-mallocr.o)
                                                  /usr/local/Cellar/gcc-arm-none-eabi/20140408/bin/../lib/gcc/arm-none-eabi/4.7.4/../../../../arm-none-eabi/lib/armv7-m/libc.a(lib_a-freer.o)
__malloc_lock                                     /usr/local/Cellar/gcc-arm-none-eabi/20140408/bin/../lib/gcc/arm-none-eabi/4.7.4/../../../../arm-none-eabi/lib/armv7-m/libc.a(lib_a-mlock.o)
                                                  /usr/local/Cellar/gcc-arm-none-eabi/20140408/bin/../lib/gcc/arm-none-eabi/4.7.4/../../../../arm-none-eabi/lib/armv7-m/libc.a(lib_a-freer.o)
                                                  /usr/local/Cellar/gcc-arm-none-eabi/20140408/bin/../lib/gcc/arm-none-eabi/4.7.4/../../../../arm-none-eabi/lib/armv7-m/libc.a(lib_a-mallocr.o)
__malloc_max_sbrked_mem                           /usr/local/Cellar/gcc-arm-none-eabi/20140408/bin/../lib/gcc/arm-none-eabi/4.7.4/../../../../arm-none-eabi/lib/armv7-m/libc.a(lib_a-mallocr.o)
__malloc_max_total_mem                            /usr/local/Cellar/gcc-arm-none-eabi/20140408/bin/../lib/gcc/arm-none-eabi/4.7.4/../../../../arm-none-eabi/lib/armv7-m/libc.a(lib_a-mallocr.o)
__malloc_sbrk_base                                /usr/local/Cellar/gcc-arm-none-eabi/20140408/bin/../lib/gcc/arm-none-eabi/4.7.4/../../../../arm-none-eabi/lib/armv7-m/libc.a(lib_a-mallocr.o)
                                                  /usr/local/Cellar/gcc-arm-none-eabi/20140408/bin/../lib/gcc/arm-none-eabi/4.7.4/../../../../arm-none-eabi/lib/armv7-m/libc.a(lib_a-freer.o)
__malloc_top_pad                                  /usr/local/Cellar/gcc-arm-none-eabi/20140408/bin/../lib/gcc/arm-none-eabi/4.7.4/../../../../arm-none-eabi/lib/armv7-m/libc.a(lib_a-mallocr.o)
                                                  /usr/local/Cellar/gcc-arm-none-eabi/20140408/bin/../lib/gcc/arm-none-eabi/4.7.4/../../../../arm-none-eabi/lib/armv7-m/libc.a(lib_a-freer.o)
__malloc_trim_threshold                           /usr/local/Cellar/gcc-arm-none-eabi/20140408/bin/../lib/gcc/arm-none-eabi/4.7.4/../../../../arm-none-eabi/lib/armv7-m/libc.a(lib_a-mallocr.o)
                                                  /usr/local/Cellar/gcc-arm-none-eabi/20140408/bin/../lib/gcc/arm-none-eabi/4.7.4/../../../../arm-none-eabi/lib/armv7-m/libc.a(lib_a-freer.o)
__malloc_unlock                                   /usr/local/Cellar/gcc-arm-none-eabi/20140408/bin/../lib/gcc/arm-none-eabi/4.7.4/../../../../arm-none-eabi/lib/armv7-m/libc.a(lib_a-mlock.o)
                                                  /usr/local/Cellar/gcc-arm-none-eabi/20140408/bin/../lib/gcc/arm-none-eabi/4.7.4/../../../../arm-none-eabi/lib/armv7-m/libc.a(lib_a-freer.o)
                                                  /usr/local/Cellar/gcc-arm-none-eabi/20140408/bin/../lib/gcc/arm-none-eabi/4.7.4/../../../../arm-none-eabi/lib/armv7-m/libc.a(lib_a-mallocr.o)
__preinit_array_end                               /usr/local/Cellar/gcc-arm-none-eabi/20140408/bin/../lib/gcc/arm-none-eabi/4.7.4/../../../../arm-none-eabi/lib/armv7-m/libc.a(lib_a-init.o)
__preinit_array_start                             /usr/local/Cellar/gcc-arm-none-eabi/20140408/bin/../lib/gcc/arm-none-eabi/4.7.4/../../../../arm-none-eabi/lib/armv7-m/libc.a(lib_a-init.o)
__register_exitproc                               /usr/local/Cellar/gcc-arm-none-eabi/20140408/bin/../lib/gcc/arm-none-eabi/4.7.4/../../../../arm-none-eabi/lib/armv7-m/libc.a(lib_a-__atexit.o)
                                                  /usr/local/Cellar/gcc-arm-none-eabi/20140408/bin/../lib/gcc/arm-none-eabi/4.7.4/../../../../arm-none-eabi/lib/armv7-m/libc.a(lib_a-atexit.o)
                                                  /usr/local/Cellar/gcc-arm-none-eabi/20140408/bin/../lib/gcc/arm-none-eabi/4.7.4/../../../../arm-none-eabi/lib/armv7-m/crt0.o
__register_frame_info                             /usr/local/Cellar/gcc-arm-none-eabi/20140408/bin/../lib/gcc/arm-none-eabi/4.7.4/armv7-m/crtbegin.o
__stack                                           /usr/local/Cellar/gcc-arm-none-eabi/20140408/bin/../lib/gcc/arm-none-eabi/4.7.4/../../../../arm-none-eabi/lib/armv7-m/crt0.o
_close_r                                          syscalls.o
_ebss                                             ../../libraries/CMSIS/Device/ST/STM32F10x/startup/gcc_ride7/startup_stm32f10x_hd.o
_edata                                            ../../libraries/CMSIS/Device/ST/STM32F10x/startup/gcc_ride7/startup_stm32f10x_hd.o
_estack                                           ../../libraries/CMSIS/Device/ST/STM32F10x/startup/gcc_ride7/startup_stm32f10x_hd.o
_exit                                             /usr/local/Cellar/gcc-arm-none-eabi/20140408/bin/../lib/gcc/arm-none-eabi/4.7.4/../../../../arm-none-eabi/lib/armv7-m/libc.a(lib_a-exit.o)
_fini                                             /usr/local/Cellar/gcc-arm-none-eabi/20140408/bin/../lib/gcc/arm-none-eabi/4.7.4/armv7-m/crti.o
                                                  /usr/local/Cellar/gcc-arm-none-eabi/20140408/bin/../lib/gcc/arm-none-eabi/4.7.4/../../../../arm-none-eabi/lib/armv7-m/libc.a(lib_a-fini.o)
_free_r                                           /usr/local/Cellar/gcc-arm-none-eabi/20140408/bin/../lib/gcc/arm-none-eabi/4.7.4/../../../../arm-none-eabi/lib/armv7-m/libc.a(lib_a-freer.o)
                                                  /usr/local/Cellar/gcc-arm-none-eabi/20140408/bin/../lib/gcc/arm-none-eabi/4.7.4/../../../../arm-none-eabi/lib/armv7-m/libc.a(lib_a-mallocr.o)
                                                  /usr/local/Cellar/gcc-arm-none-eabi/20140408/bin/../lib/gcc/arm-none-eabi/4.7.4/../../../../arm-none-eabi/lib/armv7-m/libc.a(lib_a-malloc.o)
_fstat_r                                          syscalls.o
_global_impure_ptr                                /usr/local/Cellar/gcc-arm-none-eabi/20140408/bin/../lib/gcc/arm-none-eabi/4.7.4/../../../../arm-none-eabi/lib/armv7-m/libc.a(lib_a-impure.o)
                                                  /usr/local/Cellar/gcc-arm-none-eabi/20140408/bin/../lib/gcc/arm-none-eabi/4.7.4/../../../../arm-none-eabi/lib/armv7-m/libc.a(lib_a-__call_atexit.o)
                                                  /usr/local/Cellar/gcc-arm-none-eabi/20140408/bin/../lib/gcc/arm-none-eabi/4.7.4/../../../../arm-none-eabi/lib/armv7-m/libc.a(lib_a-exit.o)
                                                  /usr/local/Cellar/gcc-arm-none-eabi/20140408/bin/../lib/gcc/arm-none-eabi/4.7.4/../../../../arm-none-eabi/lib/armv7-m/libc.a(lib_a-__atexit.o)
_impure_ptr                                       /usr/local/Cellar/gcc-arm-none-eabi/20140408/bin/../lib/gcc/arm-none-eabi/4.7.4/../../../../arm-none-eabi/lib/armv7-m/libc.a(lib_a-impure.o)
                                                  /usr/local/Cellar/gcc-arm-none-eabi/20140408/bin/../lib/gcc/arm-none-eabi/4.7.4/../../../../arm-none-eabi/lib/armv7-m/libc.a(lib_a-malloc.o)
                                                  /usr/local/Cellar/gcc-arm-none-eabi/20140408/bin/../lib/gcc/arm-none-eabi/4.7.4/../../../../arm-none-eabi/lib/armv7-m/libc.a(lib_a-errno.o)
_init                                             /usr/local/Cellar/gcc-arm-none-eabi/20140408/bin/../lib/gcc/arm-none-eabi/4.7.4/armv7-m/crti.o
                                                  /usr/local/Cellar/gcc-arm-none-eabi/20140408/bin/../lib/gcc/arm-none-eabi/4.7.4/../../../../arm-none-eabi/lib/armv7-m/libc.a(lib_a-init.o)
_isatty_r                                         syscalls.o
_lseek_r                                          syscalls.o
_mainCRTStartup                                   /usr/local/Cellar/gcc-arm-none-eabi/20140408/bin/../lib/gcc/arm-none-eabi/4.7.4/../../../../arm-none-eabi/lib/armv7-m/crt0.o
_malloc_r                                         /usr/local/Cellar/gcc-arm-none-eabi/20140408/bin/../lib/gcc/arm-none-eabi/4.7.4/../../../../arm-none-eabi/lib/armv7-m/libc.a(lib_a-mallocr.o)
                                                  /usr/local/Cellar/gcc-arm-none-eabi/20140408/bin/../lib/gcc/arm-none-eabi/4.7.4/../../../../arm-none-eabi/lib/armv7-m/libc.a(lib_a-malloc.o)
_malloc_trim_r                                    /usr/local/Cellar/gcc-arm-none-eabi/20140408/bin/../lib/gcc/arm-none-eabi/4.7.4/../../../../arm-none-eabi/lib/armv7-m/libc.a(lib_a-freer.o)
_read_r                                           syscalls.o
_sbrk_r                                           syscalls.o
                                                  /usr/local/Cellar/gcc-arm-none-eabi/20140408/bin/../lib/gcc/arm-none-eabi/4.7.4/../../../../arm-none-eabi/lib/armv7-m/libc.a(lib_a-freer.o)
                                                  /usr/local/Cellar/gcc-arm-none-eabi/20140408/bin/../lib/gcc/arm-none-eabi/4.7.4/../../../../arm-none-eabi/lib/armv7-m/libc.a(lib_a-mallocr.o)
_sbss                                             ../../libraries/CMSIS/Device/ST/STM32F10x/startup/gcc_ride7/startup_stm32f10x_hd.o
_sdata                                            ../../libraries/CMSIS/Device/ST/STM32F10x/startup/gcc_ride7/startup_stm32f10x_hd.o
_sidata                                           ../../libraries/CMSIS/Device/ST/STM32F10x/startup/gcc_ride7/startup_stm32f10x_hd.o
_start                                            /usr/local/Cellar/gcc-arm-none-eabi/20140408/bin/../lib/gcc/arm-none-eabi/4.7.4/../../../../arm-none-eabi/lib/armv7-m/crt0.o
_write_r                                          syscalls.o
abort                                             syscalls.o
atexit                                            /usr/local/Cellar/gcc-arm-none-eabi/20140408/bin/../lib/gcc/arm-none-eabi/4.7.4/../../../../arm-none-eabi/lib/armv7-m/libc.a(lib_a-atexit.o)
                                                  /usr/local/Cellar/gcc-arm-none-eabi/20140408/bin/../lib/gcc/arm-none-eabi/4.7.4/../../../../arm-none-eabi/lib/armv7-m/libc.a(lib_a-__call_atexit.o)
delay_core                                        ../../libraries/libstm32f10x.a(delay.o)
delay_ms                                          ../../libraries/libstm32f10x.a(delay.o)
                                                  main.o
delay_us                                          ../../libraries/libstm32f10x.a(delay.o)
end                                               syscalls.o
exit                                              /usr/local/Cellar/gcc-arm-none-eabi/20140408/bin/../lib/gcc/arm-none-eabi/4.7.4/../../../../arm-none-eabi/lib/armv7-m/libc.a(lib_a-exit.o)
                                                  /usr/local/Cellar/gcc-arm-none-eabi/20140408/bin/../lib/gcc/arm-none-eabi/4.7.4/../../../../arm-none-eabi/lib/armv7-m/crt0.o
free                                              /usr/local/Cellar/gcc-arm-none-eabi/20140408/bin/../lib/gcc/arm-none-eabi/4.7.4/../../../../arm-none-eabi/lib/armv7-m/libc.a(lib_a-malloc.o)
                                                  /usr/local/Cellar/gcc-arm-none-eabi/20140408/bin/../lib/gcc/arm-none-eabi/4.7.4/../../../../arm-none-eabi/lib/armv7-m/libc.a(lib_a-__call_atexit.o)
                                                  tweak.o
g_pfnVectors                                      ../../libraries/CMSIS/Device/ST/STM32F10x/startup/gcc_ride7/startup_stm32f10x_hd.o
hardware_init_hook                                /usr/local/Cellar/gcc-arm-none-eabi/20140408/bin/../lib/gcc/arm-none-eabi/4.7.4/../../../../arm-none-eabi/lib/armv7-m/crt0.o
main                                              main.o
                                                  ../../libraries/CMSIS/Device/ST/STM32F10x/startup/gcc_ride7/startup_stm32f10x_hd.o
                                                  /usr/local/Cellar/gcc-arm-none-eabi/20140408/bin/../lib/gcc/arm-none-eabi/4.7.4/../../../../arm-none-eabi/lib/armv7-m/crt0.o
malloc                                            /usr/local/Cellar/gcc-arm-none-eabi/20140408/bin/../lib/gcc/arm-none-eabi/4.7.4/../../../../arm-none-eabi/lib/armv7-m/libc.a(lib_a-malloc.o)
                                                  /usr/local/Cellar/gcc-arm-none-eabi/20140408/bin/../lib/gcc/arm-none-eabi/4.7.4/../../../../arm-none-eabi/lib/armv7-m/libc.a(lib_a-__atexit.o)
                                                  tweak.o
memset                                            /usr/local/Cellar/gcc-arm-none-eabi/20140408/bin/../lib/gcc/arm-none-eabi/4.7.4/../../../../arm-none-eabi/lib/armv7-m/libc.a(lib_a-memset.o)
                                                  syscalls.o
                                                  /usr/local/Cellar/gcc-arm-none-eabi/20140408/bin/../lib/gcc/arm-none-eabi/4.7.4/../../../../arm-none-eabi/lib/armv7-m/crt0.o
operator delete(void*)                            tweak.o
operator delete[](void*)                          tweak.o
operator new(unsigned int)                        tweak.o
operator new[](unsigned int)                      tweak.o
software_init_hook                                /usr/local/Cellar/gcc-arm-none-eabi/20140408/bin/../lib/gcc/arm-none-eabi/4.7.4/../../../../arm-none-eabi/lib/armv7-m/crt0.o
start                                             /usr/local/Cellar/gcc-arm-none-eabi/20140408/bin/../lib/gcc/arm-none-eabi/4.7.4/../../../../arm-none-eabi/lib/armv7-m/crt0.o
